Component: ARM Compiler 5.06 update 5 (build 528) Tool: armlink [4d35e2]

==============================================================================

Section Cross References

    startup_stm32f10x_hd.o(STACK) refers (Special) to heapauxi.o(.text) for __use_two_region_memory
    startup_stm32f10x_hd.o(HEAP) refers (Special) to heapauxi.o(.text) for __use_two_region_memory
    startup_stm32f10x_hd.o(RESET) refers (Special) to heapauxi.o(.text) for __use_two_region_memory
    startup_stm32f10x_hd.o(RESET) refers to startup_stm32f10x_hd.o(STACK) for __initial_sp
    startup_stm32f10x_hd.o(RESET) refers to startup_stm32f10x_hd.o(.text) for Reset_Handler
    startup_stm32f10x_hd.o(RESET) refers to stm32f10x_it.o(i.NMI_Handler) for NMI_Handler
    startup_stm32f10x_hd.o(RESET) refers to stm32f10x_it.o(i.HardFault_Handler) for HardFault_Handler
    startup_stm32f10x_hd.o(RESET) refers to stm32f10x_it.o(i.MemManage_Handler) for MemManage_Handler
    startup_stm32f10x_hd.o(RESET) refers to stm32f10x_it.o(i.BusFault_Handler) for BusFault_Handler
    startup_stm32f10x_hd.o(RESET) refers to stm32f10x_it.o(i.UsageFault_Handler) for UsageFault_Handler
    startup_stm32f10x_hd.o(RESET) refers to port.o(.emb_text) for SVC_Handler
    startup_stm32f10x_hd.o(RESET) refers to stm32f10x_it.o(i.DebugMon_Handler) for DebugMon_Handler
    startup_stm32f10x_hd.o(RESET) refers to delay.o(i.SysTick_Handler) for SysTick_Handler
    startup_stm32f10x_hd.o(RESET) refers to usart3_pm.o(i.DMA1_Channel3_IRQHandler) for DMA1_Channel3_IRQHandler
    startup_stm32f10x_hd.o(RESET) refers to timer.o(i.TIM2_IRQHandler) for TIM2_IRQHandler
    startup_stm32f10x_hd.o(.text) refers (Special) to heapauxi.o(.text) for __use_two_region_memory
    startup_stm32f10x_hd.o(.text) refers to system_stm32f10x.o(i.SystemInit) for SystemInit
    startup_stm32f10x_hd.o(.text) refers to __main.o(!!!main) for __main
    startup_stm32f10x_hd.o(.text) refers to startup_stm32f10x_hd.o(HEAP) for Heap_Mem
    startup_stm32f10x_hd.o(.text) refers to startup_stm32f10x_hd.o(STACK) for Stack_Mem
    event_groups.o(i.vEventGroupClearBitsCallback) refers to event_groups.o(i.xEventGroupClearBits) for xEventGroupClearBits
    event_groups.o(i.vEventGroupDelete) refers to _printf_percent.o(.ARM.Collect$$_printf_percent$$00000000) for _printf_percent
    event_groups.o(i.vEventGroupDelete) refers to _printf_d.o(.ARM.Collect$$_printf_percent$$00000009) for _printf_d
    event_groups.o(i.vEventGroupDelete) refers to _printf_s.o(.ARM.Collect$$_printf_percent$$00000014) for _printf_s
    event_groups.o(i.vEventGroupDelete) refers to _printf_dec.o(.text) for _printf_int_dec
    event_groups.o(i.vEventGroupDelete) refers to _printf_str.o(.text) for _printf_str
    event_groups.o(i.vEventGroupDelete) refers to tasks.o(i.vTaskSuspendAll) for vTaskSuspendAll
    event_groups.o(i.vEventGroupDelete) refers to noretval__2printf.o(.text) for __2printf
    event_groups.o(i.vEventGroupDelete) refers to tasks.o(i.vTaskRemoveFromUnorderedEventList) for vTaskRemoveFromUnorderedEventList
    event_groups.o(i.vEventGroupDelete) refers to heap_4.o(i.vPortFree) for vPortFree
    event_groups.o(i.vEventGroupDelete) refers to tasks.o(i.xTaskResumeAll) for xTaskResumeAll
    event_groups.o(i.vEventGroupSetBitsCallback) refers to event_groups.o(i.xEventGroupSetBits) for xEventGroupSetBits
    event_groups.o(i.xEventGroupClearBits) refers to _printf_percent.o(.ARM.Collect$$_printf_percent$$00000000) for _printf_percent
    event_groups.o(i.xEventGroupClearBits) refers to _printf_d.o(.ARM.Collect$$_printf_percent$$00000009) for _printf_d
    event_groups.o(i.xEventGroupClearBits) refers to _printf_s.o(.ARM.Collect$$_printf_percent$$00000014) for _printf_s
    event_groups.o(i.xEventGroupClearBits) refers to _printf_dec.o(.text) for _printf_int_dec
    event_groups.o(i.xEventGroupClearBits) refers to _printf_str.o(.text) for _printf_str
    event_groups.o(i.xEventGroupClearBits) refers to noretval__2printf.o(.text) for __2printf
    event_groups.o(i.xEventGroupClearBits) refers to port.o(i.vPortEnterCritical) for vPortEnterCritical
    event_groups.o(i.xEventGroupClearBits) refers to port.o(i.vPortExitCritical) for vPortExitCritical
    event_groups.o(i.xEventGroupClearBitsFromISR) refers to timers.o(i.xTimerPendFunctionCallFromISR) for xTimerPendFunctionCallFromISR
    event_groups.o(i.xEventGroupClearBitsFromISR) refers to event_groups.o(i.vEventGroupClearBitsCallback) for vEventGroupClearBitsCallback
    event_groups.o(i.xEventGroupCreate) refers to heap_4.o(i.pvPortMalloc) for pvPortMalloc
    event_groups.o(i.xEventGroupCreate) refers to list.o(i.vListInitialise) for vListInitialise
    event_groups.o(i.xEventGroupSetBits) refers to _printf_percent.o(.ARM.Collect$$_printf_percent$$00000000) for _printf_percent
    event_groups.o(i.xEventGroupSetBits) refers to _printf_d.o(.ARM.Collect$$_printf_percent$$00000009) for _printf_d
[...]
    i.prvTimerTask                           0x08002ec0   Section        0  timers.o(i.prvTimerTask)
    prvTimerTask                             0x08002ec1   Thumb Code    34  timers.o(i.prvTimerTask)
    i.prvUnlockQueue                         0x08002ee8   Section        0  queue.o(i.prvUnlockQueue)
    prvUnlockQueue                           0x08002ee9   Thumb Code   120  queue.o(i.prvUnlockQueue)
    i.prvWriteBytesToBuffer                  0x08002f60   Section        0  stream_buffer.o(i.prvWriteBytesToBuffer)
    prvWriteBytesToBuffer                    0x08002f61   Thumb Code   122  stream_buffer.o(i.prvWriteBytesToBuffer)
    i.prvWriteMessageToBuffer                0x0800300c   Section        0  stream_buffer.o(i.prvWriteMessageToBuffer)
    prvWriteMessageToBuffer                  0x0800300d   Thumb Code    60  stream_buffer.o(i.prvWriteMessageToBuffer)
    i.pvPortMalloc                           0x08003048   Section        0  heap_4.o(i.pvPortMalloc)
    i.pxPortInitialiseStack                  0x08003160   Section        0  port.o(i.pxPortInitialiseStack)
    i.uxListRemove                           0x08003184   Section        0  list.o(i.uxListRemove)
    i.vListInitialise                        0x080031aa   Section        0  list.o(i.vListInitialise)
    i.vListInitialiseItem                    0x080031c0   Section        0  list.o(i.vListInitialiseItem)
    i.vListInsert                            0x080031c6   Section        0  list.o(i.vListInsert)
    i.vListInsertEnd                         0x080031f6   Section        0  list.o(i.vListInsertEnd)
    i.vPortEnterCritical                     0x08003210   Section        0  port.o(i.vPortEnterCritical)
    i.vPortExitCritical                      0x08003288   Section        0  port.o(i.vPortExitCritical)
    i.vPortFree                              0x080032ec   Section        0  heap_4.o(i.vPortFree)
    i.vPortSetupTimerInterrupt               0x0800338c   Section        0  port.o(i.vPortSetupTimerInterrupt)
    i.vPortValidateInterruptPriority         0x080033b0   Section        0  port.o(i.vPortValidateInterruptPriority)
    i.vQueueAddToRegistry                    0x0800343c   Section        0  queue.o(i.vQueueAddToRegistry)
    i.vQueueWaitForMessageRestricted         0x08003474   Section        0  queue.o(i.vQueueWaitForMessageRestricted)
    i.vTaskDelay                             0x080034b8   Section        0  tasks.o(i.vTaskDelay)
    i.vTaskDelete                            0x08003530   Section        0  tasks.o(i.vTaskDelete)
    i.vTaskInternalSetTimeOutState           0x08003614   Section        0  tasks.o(i.vTaskInternalSetTimeOutState)
    i.vTaskMissedYield                       0x08003624   Section        0  tasks.o(i.vTaskMissedYield)
    i.vTaskPlaceOnEventList                  0x08003630   Section        0  tasks.o(i.vTaskPlaceOnEventList)
    i.vTaskPlaceOnEventListRestricted        0x08003688   Section        0  tasks.o(i.vTaskPlaceOnEventListRestricted)
    i.vTaskStartScheduler                    0x080036f0   Section        0  tasks.o(i.vTaskStartScheduler)
    i.vTaskSuspendAll                        0x0800379c   Section        0  tasks.o(i.vTaskSuspendAll)
    i.vTaskSwitchContext                     0x080037ac   Section        0  tasks.o(i.vTaskSwitchContext)
    i.xPortStartScheduler                    0x08003844   Section        0  port.o(i.xPortStartScheduler)
    i.xPortSysTickHandler                    0x08003938   Section        0  port.o(i.xPortSysTickHandler)
    i.xQueueGenericCreate                    0x08003964   Section        0  queue.o(i.xQueueGenericCreate)
    i.xQueueGenericReset                     0x080039ec   Section        0  queue.o(i.xQueueGenericReset)
    i.xQueueGenericSend                      0x08003a98   Section        0  queue.o(i.xQueueGenericSend)
    i.xQueueGenericSendFromISR               0x08003c54   Section        0  queue.o(i.xQueueGenericSendFromISR)
    i.xQueueReceive                          0x08003d58   Section        0  queue.o(i.xQueueReceive)
    i.xStreamBufferGenericCreate             0x08003eec   Section        0  stream_buffer.o(i.xStreamBufferGenericCreate)
    i.xStreamBufferReceive                   0x08003f88   Section        0  stream_buffer.o(i.xStreamBufferReceive)
    i.xStreamBufferSendFromISR               0x0800409c   Section        0  stream_buffer.o(i.xStreamBufferSendFromISR)
    i.xStreamBufferSpacesAvailable           0x08004160   Section        0  stream_buffer.o(i.xStreamBufferSpacesAvailable)
    i.xTaskCheckForTimeOut                   0x080041b8   Section        0  tasks.o(i.xTaskCheckForTimeOut)
    i.xTaskCreate                            0x0800424c   Section        0  tasks.o(i.xTaskCreate)
    i.xTaskGenericNotify                     0x080042a4   Section        0  tasks.o(i.xTaskGenericNotify)
    i.xTaskGenericNotifyFromISR              0x080043c0   Section        0  tasks.o(i.xTaskGenericNotifyFromISR)
    i.xTaskGetCurrentTaskHandle              0x08004500   Section        0  tasks.o(i.xTaskGetCurrentTaskHandle)
    i.xTaskGetSchedulerState                 0x0800450c   Section        0  tasks.o(i.xTaskGetSchedulerState)
    i.xTaskGetTickCount                      0x08004528   Section        0  tasks.o(i.xTaskGetTickCount)
    i.xTaskGetTickCountFromISR               0x08004534   Section        0  tasks.o(i.xTaskGetTickCountFromISR)
    i.xTaskIncrementTick                     0x08004544   Section        0  tasks.o(i.xTaskIncrementTick)
    i.xTaskNotifyStateClear                  0x08004638   Section        0  tasks.o(i.xTaskNotifyStateClear)
    i.xTaskNotifyWait                        0x08004668   Section        0  tasks.o(i.xTaskNotifyWait)
    i.xTaskPriorityDisinherit                0x08004700   Section        0  tasks.o(i.xTaskPriorityDisinherit)
    i.xTaskRemoveFromEventList               0x080047cc   Section        0  tasks.o(i.xTaskRemoveFromEventList)
    i.xTaskResumeAll                         0x0800486c   Section        0  tasks.o(i.xTaskResumeAll)
    i.xTimerCreate                           0x0800495c   Section        0  timers.o(i.xTimerCreate)
    i.xTimerCreateTimerTask                  0x080049d0   Section        0  timers.o(i.xTimerCreateTimerTask)
    i.xTimerGenericCommand                   0x08004a44   Section        0  timers.o(i.xTimerGenericCommand)
    .constdata                               0x08004ad4   Section       26  segger_sysview.o(.constdata)
    _abSync                                  0x08004ad4   Data          10  segger_sysview.o(.constdata)
    _aV2C                                    0x08004ade   Data          16  segger_sysview.o(.constdata)
    .constdata                               0x08004af0   Section        8  segger_sysview_freertos.o(.constdata)
    .conststring                             0x08004af8   Section       80  segger_sysview_freertos.o(.conststring)
    .conststring                             0x08004b48   Section       81  os_task.o(.conststring)
    .data                                    0x20000000   Section       60  tasks.o(.data)
    uxDeletedTasksWaitingCleanUp             0x20000004   Data           4  tasks.o(.data)
    uxCurrentNumberOfTasks                   0x20000008   Data           4  tasks.o(.data)
    xTickCount                               0x2000000c   Data           4  tasks.o(.data)
    uxTopReadyPriority                       0x20000010   Data           4  tasks.o(.data)
    xSchedulerRunning                        0x20000014   Data           4  tasks.o(.data)
    uxPendedTicks                            0x20000018   Data           4  tasks.o(.data)
    xYieldPending                            0x2000001c   Data           4  tasks.o(.data)
    xNumOfOverflows                          0x20000020   Data           4  tasks.o(.data)
    uxTaskNumber                             0x20000024   Data           4  tasks.o(.data)
    xNextTaskUnblockTime                     0x20000028   Data           4  tasks.o(.data)
    xIdleTaskHandle                          0x2000002c   Data           4  tasks.o(.data)
    uxSchedulerSuspended                     0x20000030   Data           4  tasks.o(.data)
    pxDelayedTaskList                        0x20000034   Data           4  tasks.o(.data)
    pxOverflowDelayedTaskList                0x20000038   Data           4  tasks.o(.data)
    .data                                    0x2000003c   Section       20  timers.o(.data)
    xTimerQueue                              0x2000003c   Data           4  timers.o(.data)
    xTimerTaskHandle                         0x20000040   Data           4  timers.o(.data)
    xLastTime                                0x20000044   Data           4  timers.o(.data)
    pxCurrentTimerList                       0x20000048   Data           4  timers.o(.data)
    pxOverflowTimerList                      0x2000004c   Data           4  timers.o(.data)
    .data                                    0x20000050   Section       12  port.o(.data)
    ucMaxSysCallPriority                     0x20000050   Data           1  port.o(.data)
    uxCriticalNesting                        0x20000054   Data           4  port.o(.data)
    ulMaxPRIGROUPValue                       0x20000058   Data           4  port.o(.data)
    .data                                    0x2000005c   Section       24  heap_4.o(.data)
    pxEnd                                    0x2000005c   Data           4  heap_4.o(.data)
    xFreeBytesRemaining                      0x20000060   Data           4  heap_4.o(.data)
    xMinimumEverFreeBytesRemaining           0x20000064   Data           4  heap_4.o(.data)
    xBlockAllocatedBit                       0x20000068   Data           4  heap_4.o(.data)
    xStart                                   0x2000006c   Data           8  heap_4.o(.data)
    .data                                    0x20000074   Section        4  stm32f10x_it.o(.data)
    .data                                    0x20000078   Section        4  stm32f10x_it.o(.data)
    .data                                    0x2000007c   Section       20  system_stm32f10x.o(.data)
    .data                                    0x20000090   Section        4  delay.o(.data)
    fac_us                                   0x20000090   Data           1  delay.o(.data)
    fac_ms                                   0x20000092   Data           2  delay.o(.data)
    .data                                    0x20000094   Section       20  stm32f10x_rcc.o(.data)
    ADCPrescTable                            0x20000094   Data           4  stm32f10x_rcc.o(.data)
    APBAHBPrescTable                         0x20000098   Data          16  stm32f10x_rcc.o(.data)
    .data                                    0x200000a8   Section       16  segger_sysview.o(.data)
    _NumModules                              0x200000a8   Data           1  segger_sysview.o(.data)
    _pFirstModule                            0x200000ac   Data           4  segger_sysview.o(.data)
    _DownBuffer                              0x200000b0   Data           8  segger_sysview.o(.data)
    .data                                    0x200000b8   Section        4  segger_sysview_freertos.o(.data)
    _NumTasks                                0x200000b8   Data           4  segger_sysview_freertos.o(.data)
    .data                                    0x200000bc   Section        4  systemview.o(.data)
    .data                                    0x200000c0   Section        4  ptc.o(.data)
    .data                                    0x200000c4   Section       52  os_task.o(.data)
    .bss                                     0x200000f8   Section       64  queue.o(.bss)
    .bss                                     0x20000138   Section      740  tasks.o(.bss)
    pxReadyTasksLists                        0x20000138   Data         640  tasks.o(.bss)
    xDelayedTaskList1                        0x200003b8   Data          20  tasks.o(.bss)
    xDelayedTaskList2                        0x200003cc   Data          20  tasks.o(.bss)
    xPendingReadyList                        0x200003e0   Data          20  tasks.o(.bss)
    xTasksWaitingTermination                 0x200003f4   Data          20  tasks.o(.bss)
    xSuspendedTaskList                       0x20000408   Data          20  tasks.o(.bss)
    .bss                                     0x2000041c   Section       40  timers.o(.bss)
    xActiveTimerList1                        0x2000041c   Data          20  timers.o(.bss)
    xActiveTimerList2                        0x20000430   Data          20  timers.o(.bss)
    .bss                                     0x20000444   Section    20480  heap_4.o(.bss)
    ucHeap                                   0x20000444   Data       20480  heap_4.o(.bss)
    .bss                                     0x20005444   Section     1208  segger_rtt.o(.bss)
    _acUpBuffer                              0x200054ec   Data        1024  segger_rtt.o(.bss)
    _acDownBuffer                            0x200058ec   Data          16  segger_rtt.o(.bss)
    .bss                                     0x200058fc   Section     1291  segger_sysview.o(.bss)
    _UpBuffer                                0x200058fc   Data        1024  segger_sysview.o(.bss)
    _SYSVIEW_Globals                         0x20005cfc   Data          40  segger_sysview.o(.bss)
    _aPacket                                 0x20005d24   Data         227  segger_sysview.o(.bss)
    .bss                                     0x20005e08   Section      160  segger_sysview_freertos.o(.bss)
    _aTasks                                  0x20005e08   Data         160  segger_sysview_freertos.o(.bss)
    .bss                                     0x20005ea8   Section       10  usart3_pm.o(.bss)
    .bss                                     0x20005eb2   Section     1024  usart2_send.o(.bss)
    .bss                                     0x200062b4   Section       96  libspace.o(.bss)
    HEAP                                     0x20006318   Section      512  startup_stm32f10x_hd.o(HEAP)
    Heap_Mem                                 0x20006318   Data         512  startup_stm32f10x_hd.o(HEAP)
    STACK                                    0x20006518   Section     1024  startup_stm32f10x_hd.o(STACK)
    Stack_Mem                                0x20006518   Data        1024  startup_stm32f10x_hd.o(STACK)
    __initial_sp                             0x20006918   Data           0  startup_stm32f10x_hd.o(STACK)

    Global Symbols

    Symbol Name                              Value     Ov Type        Size  Object(Section)

    BuildAttributes$$THM_ISAv4$P$D$K$B$S$PE$A:L22UL41UL21$X:L11$S22US41US21$IEEE1$IW$USESV6$~STKCKD$USESV7$~SHL$OTIME$ROPI$IEEEX$EBA8$UX$STANDARDLIB$REQ8$PRES8$EABIv2 0x00000000   Number         0  anon$$obj.o ABSOLUTE
    __ARM_use_no_argv                        0x00000000   Number         0  main.o ABSOLUTE
    __ARM_exceptions_init                     - Undefined Weak Reference
    __alloca_initialize                       - Undefined Weak Reference
    __arm_preinit_                            - Undefined Weak Reference
    __cpp_initialize__aeabi_                  - Undefined Weak Reference
    __cxa_finalize                            - Undefined Weak Reference
    __sigvec_lookup                           - Undefined Weak Reference
    _atexit_init                              - Undefined Weak Reference
    _call_atexit_fns                          - Undefined Weak Reference
    _clock_init                               - Undefined Weak Reference
    _fp_trap_init                             - Undefined Weak Reference
    _fp_trap_shutdown                         - Undefined Weak Reference
    _get_lc_collate                           - Undefined Weak Reference
    _get_lc_monetary                          - Undefined Weak Reference
    _get_lc_numeric                           - Undefined Weak Reference
    _get_lc_time                              - Undefined Weak Reference
    _getenv_init                              - Undefined Weak Reference
    _handle_redirection                       - Undefined Weak Reference
    _init_alloc                               - Undefined Weak Reference
    _init_user_alloc                          - Undefined Weak Reference
    _initio                                   - Undefined Weak Reference
    _mutex_acquire                            - Undefined Weak Reference
    _mutex_release                            - Undefined Weak Reference
    _printf_mbtowc                            - Undefined Weak Reference
    _printf_post_padding                      - Undefined Weak Reference
    _printf_pre_padding                       - Undefined Weak Reference
    _printf_truncate_signed                   - Undefined Weak Reference
    _printf_truncate_unsigned                 - Undefined Weak Reference
    _rand_init                                - Undefined Weak Reference
    _signal_finish                            - Undefined Weak Reference
    _signal_init                              - Undefined Weak Reference
    _terminate_alloc                          - Undefined Weak Reference
    _terminate_user_alloc                     - Undefined Weak Reference
    _terminateio                              - Undefined Weak Reference
    __Vectors_Size                           0x00000130   Number         0  startup_stm32f10x_hd.o ABSOLUTE
    __Vectors                                0x08000000   Data           4  startup_stm32f10x_hd.o(RESET)
    __Vectors_End                            0x08000130   Data           0  startup_stm32f10x_hd.o(RESET)
    __main                                   0x08000131   Thumb Code     8  __main.o(!!!main)
    __scatterload                            0x08000139   Thumb Code     0  __scatter.o(!!!scatter)
    __scatterload_rt2                        0x08000139   Thumb Code    44  __scatter.o(!!!scatter)
    __scatterload_rt2_thumb_only             0x08000139   Thumb Code     0  __scatter.o(!!!scatter)
    __scatterload_null                       0x08000147   Thumb Code     0  __scatter.o(!!!scatter)
    __scatterload_copy                       0x0800016d   Thumb Code    26  __scatter_copy.o(!!handler_copy)
    __scatterload_zeroinit                   0x08000189   Thumb Code    28  __scatter_zi.o(!!handler_zi)
    _printf_d                                0x080001a5   Thumb Code     0  _printf_d.o(.ARM.Collect$$_printf_percent$$00000009)
    _printf_percent                          0x080001a5   Thumb Code     0  _printf_percent.o(.ARM.Collect$$_printf_percent$$00000000)
    _printf_s                                0x080001ab   Thumb Code     0  _printf_s.o(.ARM.Collect$$_printf_percent$$00000014)
    _printf_percent_end                      0x080001b1   Thumb Code     0  _printf_percent_end.o(.ARM.Collect$$_printf_percent$$00000017)
    __rt_lib_init                            0x080001b5   Thumb Code     0  libinit.o(.ARM.Collect$$libinit$$00000000)
    __rt_lib_init_alloca_1                   0x080001b7   Thumb Code     0  libinit2.o(.ARM.Collect$$libinit$$0000002E)
    __rt_lib_init_argv_1                     0x080001b7   Thumb Code     0  libinit2.o(.ARM.Collect$$libinit$$0000002C)
    __rt_lib_init_atexit_1                   0x080001b7   Thumb Code     0  libinit2.o(.ARM.Collect$$libinit$$0000001B)
    __rt_lib_init_clock_1                    0x080001b7   Thumb Code     0  libinit2.o(.ARM.Collect$$libinit$$00000021)
    __rt_lib_init_cpp_1                      0x080001b7   Thumb Code     0  libinit2.o(.ARM.Collect$$libinit$$00000032)
    __rt_lib_init_exceptions_1               0x080001b7   Thumb Code     0  libinit2.o(.ARM.Collect$$libinit$$00000030)
    __rt_lib_init_fp_1                       0x080001b7   Thumb Code     0  libinit2.o(.ARM.Collect$$libinit$$00000002)
    __rt_lib_init_fp_trap_1                  0x080001b7   Thumb Code     0  libinit2.o(.ARM.Collect$$libinit$$0000001F)
    __rt_lib_init_getenv_1                   0x080001b7   Thumb Code     0  libinit2.o(.ARM.Collect$$libinit$$00000023)
    __rt_lib_init_heap_1                     0x080001b7   Thumb Code     0  libinit2.o(.ARM.Collect$$libinit$$0000000A)
    __rt_lib_init_lc_collate_1               0x080001b7   Thumb Code     0  libinit2.o(.ARM.Collect$$libinit$$00000011)
    __rt_lib_init_lc_ctype_1                 0x080001b7   Thumb Code     0  libinit2.o(.ARM.Collect$$libinit$$00000013)
    __rt_lib_init_lc_monetary_1              0x080001b7   Thumb Code     0  libinit2.o(.ARM.Collect$$libinit$$00000015)
    __rt_lib_init_lc_numeric_1               0x080001b7   Thumb Code     0  libinit2.o(.ARM.Collect$$libinit$$00000017)
    __rt_lib_init_lc_time_1                  0x080001b7   Thumb Code     0  libinit2.o(.ARM.Collect$$libinit$$00000019)
    __rt_lib_init_preinit_1                  0x080001b7   Thumb Code     0  libinit2.o(.ARM.Collect$$libinit$$00000004)
    __rt_lib_init_rand_1                     0x080001b7   Thumb Code     0  libinit2.o(.ARM.Collect$$libinit$$0000000E)
    __rt_lib_init_return                     0x080001b7   Thumb Code     0  libinit2.o(.ARM.Collect$$libinit$$00000033)
    __rt_lib_init_signal_1                   0x080001b7   Thumb Code     0  libinit2.o(.ARM.Collect$$libinit$$0000001D)
    __rt_lib_init_stdio_1                    0x080001b7   Thumb Code     0  libinit2.o(.ARM.Collect$$libinit$$00000025)
    __rt_lib_init_user_alloc_1               0x080001b7   Thumb Code     0  libinit2.o(.ARM.Collect$$libinit$$0000000C)
    __rt_lib_shutdown                        0x080001b9   Thumb Code     0  libshutdown.o(.ARM.Collect$$libshutdown$$00000000)
    __rt_lib_shutdown_cpp_1                  0x080001bb   Thumb Code     0  libshutdown2.o(.ARM.Collect$$libshutdown$$00000002)
    __rt_lib_shutdown_fp_trap_1              0x080001bb   Thumb Code     0  libshutdown2.o(.ARM.Collect$$libshutdown$$00000007)
    __rt_lib_shutdown_heap_1                 0x080001bb   Thumb Code     0  libshutdown2.o(.ARM.Collect$$libshutdown$$0000000F)
    __rt_lib_shutdown_return                 0x080001bb   Thumb Code     0  libshutdown2.o(.ARM.Collect$$libshutdown$$00000010)
    __rt_lib_shutdown_signal_1               0x080001bb   Thumb Code     0  libshutdown2.o(.ARM.Collect$$libshutdown$$0000000A)
    __rt_lib_shutdown_stdio_1                0x080001bb   Thumb Code     0  libshutdown2.o(.ARM.Collect$$libshutdown$$00000004)
    __rt_lib_shutdown_user_alloc_1           0x080001bb   Thumb Code     0  libshutdown2.o(.ARM.Collect$$libshutdown$$0000000C)
    __rt_entry                               0x080001bd   Thumb Code     0  __rtentry.o(.ARM.Collect$$rtentry$$00000000)
    __rt_entry_presh_1                       0x080001bd   Thumb Code     0  __rtentry2.o(.ARM.Collect$$rtentry$$00000002)
    __rt_entry_sh                            0x080001bd   Thumb Code     0  __rtentry4.o(.ARM.Collect$$rtentry$$00000004)
    __rt_entry_li                            0x080001c3   Thumb Code     0  __rtentry2.o(.ARM.Collect$$rtentry$$0000000A)
    __rt_entry_postsh_1                      0x080001c3   Thumb Code     0  __rtentry2.o(.ARM.Collect$$rtentry$$00000009)
    __rt_entry_main                          0x080001c7   Thumb Code     0  __rtentry2.o(.ARM.Collect$$rtentry$$0000000D)
    __rt_entry_postli_1                      0x080001c7   Thumb Code     0  __rtentry2.o(.ARM.Collect$$rtentry$$0000000C)
    __rt_exit                                0x080001cf   Thumb Code     0  rtexit.o(.ARM.Collect$$rtexit$$00000000)
    __rt_exit_ls                             0x080001d1   Thumb Code     0  rtexit2.o(.ARM.Collect$$rtexit$$00000003)
    __rt_exit_prels_1                        0x080001d1   Thumb Code     0  rtexit2.o(.ARM.Collect$$rtexit$$00000002)
    __rt_exit_exit                           0x080001d5   Thumb Code     0  rtexit2.o(.ARM.Collect$$rtexit$$00000004)
    SVC_Handler                              0x080001dd   Thumb Code    32  port.o(.emb_text)
    __asm___6_port_c_39a90d8d__prvStartFirstTask 0x08000201   Thumb Code    28  port.o(.emb_text)
    PendSV_Handler                           0x08000221   Thumb Code    72  port.o(.emb_text)
    vPortGetIPSR                             0x0800026d   Thumb Code     6  port.o(.emb_text)
    Reset_Handler                            0x08000275   Thumb Code     8  startup_stm32f10x_hd.o(.text)
    ADC1_2_IRQHandler                        0x0800028f   Thumb Code     0  startup_stm32f10x_hd.o(.text)
    ADC3_IRQHandler                          0x0800028f   Thumb Code     0  startup_stm32f10x_hd.o(.text)
    CAN1_RX1_IRQHandler                      0x0800028f   Thumb Code     0  startup_stm32f10x_hd.o(.text)
    CAN1_SCE_IRQHandler                      0x0800028f   Thumb Code     0  startup_stm32f10x_hd.o(.text)
    DMA1_Channel1_IRQHandler                 0x0800028f   Thumb Code     0  startup_stm32f10x_hd.o(.text)
    DMA1_Channel2_IRQHandler                 0x0800028f   Thumb Code     0  startup_stm32f10x_hd.o(.text)
    DMA1_Channel4_IRQHandler                 0x0800028f   Thumb Code     0  startup_stm32f10x_hd.o(.text)
    DMA1_Channel5_IRQHandler                 0x0800028f   Thumb Code     0  startup_stm32f10x_hd.o(.text)
    DMA1_Channel6_IRQHandler                 0x0800028f   Thumb Code     0  startup_stm32f10x_hd.o(.text)
    DMA1_Channel7_IRQHandler                 0x0800028f   Thumb Code     0  startup_stm32f10x_hd.o(.text)
    DMA2_Channel1_IRQHandler                 0x0800028f   Thumb Code     0  startup_stm32f10x_hd.o(.text)
    DMA2_Channel2_IRQHandler                 0x0800028f   Thumb Code     0  startup_stm32f10x_hd.o(.text)
    DMA2_Channel3_IRQHandler                 0x0800028f   Thumb Code     0  startup_stm32f10x_hd.o(.text)
    DMA2_Channel4_5_IRQHandler               0x0800028f   Thumb Code     0  startup_stm32f10x_hd.o(.text)
    EXTI0_IRQHandler                         0x0800028f   Thumb Code     0  startup_stm32f10x_hd.o(.text)
    EXTI15_10_IRQHandler                     0x0800028f   Thumb Code     0  startup_stm32f10x_hd.o(.text)
    EXTI1_IRQHandler                         0x0800028f   Thumb Code     0  startup_stm32f10x_hd.o(.text)
    EXTI2_IRQHandler                         0x0800028f   Thumb Code     0  startup_stm32f10x_hd.o(.text)
    EXTI3_IRQHandler                         0x0800028f   Thumb Code     0  startup_stm32f10x_hd.o(.text)
    EXTI4_IRQHandler                         0x0800028f   Thumb Code     0  startup_stm32f10x_hd.o(.text)
    EXTI9_5_IRQHandler                       0x0800028f   Thumb Code     0  startup_stm32f10x_hd.o(.text)
    FLASH_IRQHandler                         0x0800028f   Thumb Code     0  startup_stm32f10x_hd.o(.text)
    FSMC_IRQHandler                          0x0800028f   Thumb Code     0  startup_stm32f10x_hd.o(.text)
    I2C1_ER_IRQHandler                       0x0800028f   Thumb Code     0  startup_stm32f10x_hd.o(.text)
    I2C1_EV_IRQHandler                       0x0800028f   Thumb Code     0  startup_stm32f10x_hd.o(.text)
    I2C2_ER_IRQHandler                       0x0800028f   Thumb Code     0  startup_stm32f10x_hd.o(.text)
    I2C2_EV_IRQHandler                       0x0800028f   Thumb Code     0  startup_stm32f10x_hd.o(.text)
    PVD_IRQHandler                           0x0800028f   Thumb Code     0  startup_stm32f10x_hd.o(.text)
    RCC_IRQHandler                           0x0800028f   Thumb Code     0  startup_stm32f10x_hd.o(.text)
    RTCAlarm_IRQHandler                      0x0800028f   Thumb Code     0  startup_stm32f10x_hd.o(.text)
    RTC_IRQHandler                           0x0800028f   Thumb Code     0  startup_stm32f10x_hd.o(.text)
    SDIO_IRQHandler                          0x0800028f   Thumb Code     0  startup_stm32f10x_hd.o(.text)
    SPI1_IRQHandler                          0x0800028f   Thumb Code     0  startup_stm32f10x_hd.o(.text)
    SPI2_IRQHandler                          0x0800028f   Thumb Code     0  startup_stm32f10x_hd.o(.text)
    SPI3_IRQHandler                          0x0800028f   Thumb Code     0  startup_stm32f10x_hd.o(.text)
    TAMPER_IRQHandler                        0x0800028f   Thumb Code     0  startup_stm32f10x_hd.o(.text)
    TIM1_BRK_IRQHandler                      0x0800028f   Thumb Code     0  startup_stm32f10x_hd.o(.text)
    TIM1_CC_IRQHandler                       0x0800028f   Thumb Code     0  startup_stm32f10x_hd.o(.text)
    TIM1_TRG_COM_IRQHandler                  0x0800028f   Thumb Code     0  startup_stm32f10x_hd.o(.text)
    TIM1_UP_IRQHandler                       0x0800028f   Thumb Code     0  startup_stm32f10x_hd.o(.text)
    TIM3_IRQHandler                          0x0800028f   Thumb Code     0  startup_stm32f10x_hd.o(.text)
    TIM4_IRQHandler                          0x0800028f   Thumb Code     0  startup_stm32f10x_hd.o(.text)
    TIM5_IRQHandler                          0x0800028f   Thumb Code     0  startup_stm32f10x_hd.o(.text)
    TIM6_IRQHandler                          0x0800028f   Thumb Code     0  startup_stm32f10x_hd.o(.text)
    TIM7_IRQHandler                          0x0800028f   Thumb Code     0  startup_stm32f10x_hd.o(.text)
    TIM8_BRK_IRQHandler                      0x0800028f   Thumb Code     0  startup_stm32f10x_hd.o(.text)
    TIM8_CC_IRQHandler                       0x0800028f   Thumb Code     0  startup_stm32f10x_hd.o(.text)
    TIM8_TRG_COM_IRQHandler                  0x0800028f   Thumb Code     0  startup_stm32f10x_hd.o(.text)
    TIM8_UP_IRQHandler                       0x0800028f   Thumb Code     0  startup_stm32f10x_hd.o(.text)
    UART4_IRQHandler                         0x0800028f   Thumb Code     0  startup_stm32f10x_hd.o(.text)
    UART5_IRQHandler                         0x0800028f   Thumb Code     0  startup_stm32f10x_hd.o(.text)
    USART1_IRQHandler                        0x0800028f   Thumb Code     0  startup_stm32f10x_hd.o(.text)
    USART2_IRQHandler                        0x0800028f   Thumb Code     0  startup_stm32f10x_hd.o(.text)
    USART3_IRQHandler                        0x0800028f   Thumb Code     0  startup_stm32f10x_hd.o(.text)
    USBWakeUp_IRQHandler                     0x0800028f   Thumb Code     0  startup_stm32f10x_hd.o(.text)
    USB_HP_CAN1_TX_IRQHandler                0x0800028f   Thumb Code     0  startup_stm32f10x_hd.o(.text)
    USB_LP_CAN1_RX0_IRQHandler               0x0800028f   Thumb Code     0  startup_stm32f10x_hd.o(.text)
    WWDG_IRQHandler                          0x0800028f   Thumb Code     0  startup_stm32f10x_hd.o(.text)
    __user_initial_stackheap                 0x08000291   Thumb Code     0  startup_stm32f10x_hd.o(.text)
    __2printf                                0x080002b5   Thumb Code    20  noretval__2printf.o(.text)
    __printf                                 0x080002cd   Thumb Code   104  __printf.o(.text)
    _printf_str                              0x08000335   Thumb Code    82  _printf_str.o(.text)
    _printf_int_dec                          0x08000389   Thumb Code   104  _printf_dec.o(.text)
    memcmp                                   0x08000401   Thumb Code    88  memcmp.o(.text)
    strcpy                                   0x08000459   Thumb Code    72  strcpy.o(.text)
    __aeabi_memcpy                           0x080004a1   Thumb Code     0  rt_memcpy_v6.o(.text)
    __rt_memcpy                              0x080004a1   Thumb Code   138  rt_memcpy_v6.o(.text)
    _memcpy_lastbytes                        0x08000507   Thumb Code     0  rt_memcpy_v6.o(.text)
    memset                                   0x0800052b   Thumb Code    22  memset.o(.text)
    __aeabi_memset                           0x08000541   Thumb Code    16  aeabi_memset.o(.text)
    __aeabi_memclr4                          0x08000551   Thumb Code     0  rt_memclr_w.o(.text)
    __aeabi_memclr8                          0x08000551   Thumb Code     0  rt_memclr_w.o(.text)
    __rt_memclr_w                            0x08000551   Thumb Code    78  rt_memclr_w.o(.text)
    _memset_w                                0x08000555   Thumb Code     0  rt_memclr_w.o(.text)
    __use_two_region_memory                  0x0800059f   Thumb Code     2  heapauxi.o(.text)
    __rt_heap_escrow$2region                 0x080005a1   Thumb Code     2  heapauxi.o(.text)
    __rt_heap_expand$2region                 0x080005a3   Thumb Code     2  heapauxi.o(.text)
    _printf_int_common                       0x080005a5   Thumb Code   178  _printf_intcommon.o(.text)
    _printf_char_common                      0x08000663   Thumb Code    32  _printf_char_common.o(.text)
    _printf_cs_common                        0x08000689   Thumb Code    20  _printf_char.o(.text)
    _printf_char                             0x0800069d   Thumb Code    16  _printf_char.o(.text)
    _printf_string                           0x080006ad   Thumb Code     8  _printf_char.o(.text)
    _printf_char_file                        0x080006b5   Thumb Code    32  _printf_char_file.o(.text)
    __aeabi_memcpy4                          0x080006d9   Thumb Code     0  rt_memcpy_w.o(.text)
    __aeabi_memcpy8                          0x080006d9   Thumb Code     0  rt_memcpy_w.o(.text)
    __rt_memcpy_w                            0x080006d9   Thumb Code   100  rt_memcpy_w.o(.text)
    _memcpy_lastbytes_aligned                0x08000721   Thumb Code     0  rt_memcpy_w.o(.text)
    __aeabi_memclr                           0x0800073d   Thumb Code     0  rt_memclr.o(.text)
    __rt_memclr                              0x0800073d   Thumb Code    68  rt_memclr.o(.text)
    _memset                                  0x08000741   Thumb Code     0  rt_memclr.o(.text)
    __user_libspace                          0x08000781   Thumb Code     8  libspace.o(.text)
    __user_perproc_libspace                  0x08000781   Thumb Code     0  libspace.o(.text)
    __user_perthread_libspace                0x08000781   Thumb Code     0  libspace.o(.text)
    ferror                                   0x08000789   Thumb Code     8  ferror.o(.text)
    __user_setup_stackheap                   0x08000791   Thumb Code    74  sys_stackheap_outer.o(.text)
    exit                                     0x080007db   Thumb Code    18  exit.o(.text)
    _sys_exit                                0x080007ed   Thumb Code     8  sys_exit.o(.text)
    __I$use$semihosting                      0x080007f9   Thumb Code     0  use_no_semi.o(.text)
    __use_no_semihosting_swi                 0x080007f9   Thumb Code     2  use_no_semi.o(.text)
    __semihosting_library_function           0x080007fb   Thumb Code     0  indicate_semi.o(.text)
    ADS1115_ALERTRDYpin_Init                 0x080007fd   Thumb Code   114  ads1115.o(i.ADS1115_ALERTRDYpin_Init)
    ADS1115_Init                             0x08000879   Thumb Code   174  ads1115.o(i.ADS1115_Init)
    ADS1115_ReadFromRegister                 0x08000927   Thumb Code    88  ads1115.o(i.ADS1115_ReadFromRegister)
    ADS1115_WriteToRegister                  0x0800097f   Thumb Code    72  ads1115.o(i.ADS1115_WriteToRegister)
    APP_Start                                0x080009c9   Thumb Code    88  os_task.o(i.APP_Start)
    BSP_Init                                 0x08000a55   Thumb Code    30  bsp.o(i.BSP_Init)
    BusFault_Handler                         0x08000a73   Thumb Code     2  stm32f10x_it.o(i.BusFault_Handler)
    DMA1_Channel3_IRQHandler                 0x08000a75   Thumb Code    88  usart3_pm.o(i.DMA1_Channel3_IRQHandler)
    DMA_ClearFlag                            0x08000b09   Thumb Code    16  stm32f10x_dma.o(i.DMA_ClearFlag)
    DMA_ClearITPendingBit                    0x08000b21   Thumb Code    16  stm32f10x_dma.o(i.DMA_ClearITPendingBit)
    DMA_DeInit                               0x08000b39   Thumb Code   218  stm32f10x_dma.o(i.DMA_DeInit)
    DMA_GetITStatus                          0x08000c1d   Thumb Code    24  stm32f10x_dma.o(i.DMA_GetITStatus)
    DMA_Init                                 0x08000c3d   Thumb Code    58  stm32f10x_dma.o(i.DMA_Init)
    DebugMon_Handler                         0x08000c77   Thumb Code     2  stm32f10x_it.o(i.DebugMon_Handler)
    GPIO_Init                                0x08000c79   Thumb Code   156  stm32f10x_gpio.o(i.GPIO_Init)
    GPIO_SetBits                             0x08000d15   Thumb Code     4  stm32f10x_gpio.o(i.GPIO_SetBits)
    GPIO_StructInit                          0x08000d19   Thumb Code    16  stm32f10x_gpio.o(i.GPIO_StructInit)
    GasADS1115_Init                          0x08000d29   Thumb Code    26  ads1115.o(i.GasADS1115_Init)
    HardFault_Handler                        0x08000d49   Thumb Code     8  stm32f10x_it.o(i.HardFault_Handler)
    IIC_ADS_Ack                              0x08000d55   Thumb Code    56  iic_ads.o(i.IIC_ADS_Ack)
    IIC_ADS_Init                             0x08000d95   Thumb Code    48  iic_ads.o(i.IIC_ADS_Init)
    IIC_ADS_NAck                             0x08000dc9   Thumb Code    56  iic_ads.o(i.IIC_ADS_NAck)
    IIC_ADS_Read_Byte                        0x08000e09   Thumb Code   100  iic_ads.o(i.IIC_ADS_Read_Byte)
    IIC_ADS_Send_Byte                        0x08000e75   Thumb Code    94  iic_ads.o(i.IIC_ADS_Send_Byte)
    IIC_ADS_Start                            0x08000edd   Thumb Code    56  iic_ads.o(i.IIC_ADS_Start)
    IIC_ADS_Stop                             0x08000f1d   Thumb Code    58  iic_ads.o(i.IIC_ADS_Stop)
    IIC_ADS_Wait_Ack                         0x08000f61   Thumb Code    78  iic_ads.o(i.IIC_ADS_Wait_Ack)
    IIC_HTS_Init                             0x08000fb9   Thumb Code    56  iic_hts.o(i.IIC_HTS_Init)
    IWDG_Feed                                0x08000ff9   Thumb Code     4  iwdog.o(i.IWDG_Feed)
    IWDG_ReloadCounter                       0x08000ffd   Thumb Code    10  stm32f10x_iwdg.o(i.IWDG_ReloadCounter)
    LED_Init                                 0x0800100d   Thumb Code    82  led.o(i.LED_Init)
    Led0_Task                                0x08001069   Thumb Code    36  os_task.o(i.Led0_Task)
    MemManage_Handler                        0x080010a9   Thumb Code     2  stm32f10x_it.o(i.MemManage_Handler)
    NMI_Handler                              0x080010ab   Thumb Code     2  stm32f10x_it.o(i.NMI_Handler)
    NVIC_PriorityGroupConfig                 0x080010ad   Thumb Code    10  misc.o(i.NVIC_PriorityGroupConfig)
    PTC_Init                                 0x080010c1   Thumb Code    84  ptc.o(i.PTC_Init)
    RCC_AHBPeriphClockCmd                    0x0800111d   Thumb Code    18  stm32f10x_rcc.o(i.RCC_AHBPeriphClockCmd)
    RCC_APB1PeriphClockCmd                   0x08001135   Thumb Code    18  stm32f10x_rcc.o(i.RCC_APB1PeriphClockCmd)
    RCC_APB1PeriphResetCmd                   0x0800114d   Thumb Code    18  stm32f10x_rcc.o(i.RCC_APB1PeriphResetCmd)
    RCC_APB2PeriphClockCmd                   0x08001165   Thumb Code    18  stm32f10x_rcc.o(i.RCC_APB2PeriphClockCmd)
    RCC_APB2PeriphResetCmd                   0x0800117d   Thumb Code    18  stm32f10x_rcc.o(i.RCC_APB2PeriphResetCmd)
    RCC_GetClocksFreq                        0x08001195   Thumb Code   132  stm32f10x_rcc.o(i.RCC_GetClocksFreq)
    Reset_Init                               0x08001229   Thumb Code    50  led.o(i.Reset_Init)
    SEGGER_RTT_ConfigDownBuffer              0x08001261   Thumb Code    90  segger_rtt.o(i.SEGGER_RTT_ConfigDownBuffer)
    SEGGER_RTT_ConfigUpBuffer                0x080012c1   Thumb Code    90  segger_rtt.o(i.SEGGER_RTT_ConfigUpBuffer)
    SEGGER_RTT_ReadNoLock                    0x08001321   Thumb Code   116  segger_rtt.o(i.SEGGER_RTT_ReadNoLock)
    SEGGER_RTT_WriteSkipNoLock               0x08001399   Thumb Code   110  segger_rtt.o(i.SEGGER_RTT_WriteSkipNoLock)
    SEGGER_SYSVIEW_Conf                      0x0800140d   Thumb Code    28  segger_sysview_config_freertos.o(i.SEGGER_SYSVIEW_Conf)
    SEGGER_SYSVIEW_GetSysDesc                0x08001435   Thumb Code   118  segger_sysview.o(i.SEGGER_SYSVIEW_GetSysDesc)
    SEGGER_SYSVIEW_Init                      0x080014b1   Thumb Code    72  segger_sysview.o(i.SEGGER_SYSVIEW_Init)
    SEGGER_SYSVIEW_OnIdle                    0x08001511   Thumb Code    30  segger_sysview.o(i.SEGGER_SYSVIEW_OnIdle)
    SEGGER_SYSVIEW_OnTaskCreate              0x08001535   Thumb Code    62  segger_sysview.o(i.SEGGER_SYSVIEW_OnTaskCreate)
    SEGGER_SYSVIEW_OnTaskStartExec           0x08001579   Thumb Code    62  segger_sysview.o(i.SEGGER_SYSVIEW_OnTaskStartExec)
    SEGGER_SYSVIEW_OnTaskStartReady          0x080015bd   Thumb Code    62  segger_sysview.o(i.SEGGER_SYSVIEW_OnTaskStartReady)
    SEGGER_SYSVIEW_RecordSystime             0x08001601   Thumb Code    42  segger_sysview.o(i.SEGGER_SYSVIEW_RecordSystime)
    SEGGER_SYSVIEW_RecordU32                 0x08001635   Thumb Code    54  segger_sysview.o(i.SEGGER_SYSVIEW_RecordU32)
    SEGGER_SYSVIEW_RecordU32x2               0x08001671   Thumb Code    76  segger_sysview.o(i.SEGGER_SYSVIEW_RecordU32x2)
    SEGGER_SYSVIEW_RecordU32x3               0x080016c1   Thumb Code   100  segger_sysview.o(i.SEGGER_SYSVIEW_RecordU32x3)
    SEGGER_SYSVIEW_RecordU32x4               0x08001729   Thumb Code   120  segger_sysview.o(i.SEGGER_SYSVIEW_RecordU32x4)
    SEGGER_SYSVIEW_RecordU32x5               0x080017a5   Thumb Code   144  segger_sysview.o(i.SEGGER_SYSVIEW_RecordU32x5)
    SEGGER_SYSVIEW_RecordVoid                0x08001839   Thumb Code    30  segger_sysview.o(i.SEGGER_SYSVIEW_RecordVoid)
    SEGGER_SYSVIEW_SendModule                0x0800185d   Thumb Code   110  segger_sysview.o(i.SEGGER_SYSVIEW_SendModule)
    SEGGER_SYSVIEW_SendModuleDescription     0x080018d5   Thumb Code    22  segger_sysview.o(i.SEGGER_SYSVIEW_SendModuleDescription)
    SEGGER_SYSVIEW_SendNumModules            0x080018f1   Thumb Code    54  segger_sysview.o(i.SEGGER_SYSVIEW_SendNumModules)
    SEGGER_SYSVIEW_SendSysDesc               0x08001931   Thumb Code    42  segger_sysview.o(i.SEGGER_SYSVIEW_SendSysDesc)
    SEGGER_SYSVIEW_SendTaskInfo              0x08001961   Thumb Code   192  segger_sysview.o(i.SEGGER_SYSVIEW_SendTaskInfo)
    SEGGER_SYSVIEW_SendTaskList              0x08001a25   Thumb Code    18  segger_sysview.o(i.SEGGER_SYSVIEW_SendTaskList)
    SEGGER_SYSVIEW_SetRAMBase                0x08001a3d   Thumb Code     6  segger_sysview.o(i.SEGGER_SYSVIEW_SetRAMBase)
    SEGGER_SYSVIEW_ShrinkId                  0x08001a49   Thumb Code    10  segger_sysview.o(i.SEGGER_SYSVIEW_ShrinkId)
    SEGGER_SYSVIEW_Start                     0x08001a59   Thumb Code   166  segger_sysview.o(i.SEGGER_SYSVIEW_Start)
    SEGGER_SYSVIEW_Stop                      0x08001b09   Thumb Code    42  segger_sysview.o(i.SEGGER_SYSVIEW_Stop)
    SEGGER_SYSVIEW_Warn                      0x08001b39   Thumb Code    54  segger_sysview.o(i.SEGGER_SYSVIEW_Warn)
    SYSVIEW_AddTask                          0x08001b75   Thumb Code    92  segger_sysview_freertos.o(i.SYSVIEW_AddTask)
    SYSVIEW_DeleteTask                       0x08001be5   Thumb Code   108  segger_sysview_freertos.o(i.SYSVIEW_DeleteTask)
    SYSVIEW_SendTaskInfo                     0x08001c59   Thumb Code    42  segger_sysview_freertos.o(i.SYSVIEW_SendTaskInfo)
    SysTick_CLKSourceConfig                  0x08001d2d   Thumb Code    24  misc.o(i.SysTick_CLKSourceConfig)
    SysTick_Handler                          0x08001d45   Thumb Code    20  delay.o(i.SysTick_Handler)
    SystemInit                               0x08001d59   Thumb Code    64  system_stm32f10x.o(i.SystemInit)
    TIM2_IRQHandler                          0x08001da9   Thumb Code    38  timer.o(i.TIM2_IRQHandler)
    TIM_ClearITPendingBit                    0x08001dd5   Thumb Code     6  stm32f10x_tim.o(i.TIM_ClearITPendingBit)
    TIM_GetITStatus                          0x08001ddb   Thumb Code    24  stm32f10x_tim.o(i.TIM_GetITStatus)
    USART2_Send_Init                         0x08001df5   Thumb Code   194  usart2_send.o(i.USART2_Send_Init)
    USART_DMACmd                             0x08001ec9   Thumb Code    16  stm32f10x_usart.o(i.USART_DMACmd)
    USART_DeInit                             0x08001ed9   Thumb Code    96  stm32f10x_usart.o(i.USART_DeInit)
    USART_Init                               0x08001f4d   Thumb Code   166  stm32f10x_usart.o(i.USART_Init)
    USART_StructInit                         0x08001ff9   Thumb Code    22  stm32f10x_usart.o(i.USART_StructInit)
    UsageFault_Handler                       0x0800200f   Thumb Code     2  stm32f10x_it.o(i.UsageFault_Handler)
    Usart3_PM_Decode_Task                    0x08002011   Thumb Code   180  os_task.o(i.Usart3_PM_Decode_Task)
    WindADS1115_Init                         0x080020cd   Thumb Code    26  ads1115.o(i.WindADS1115_Init)
    delay_init                               0x08002409   Thumb Code    60  delay.o(i.delay_init)
    delay_ms                                 0x08002451   Thumb Code    52  delay.o(i.delay_ms)
    delay_us                                 0x08002489   Thumb Code    48  delay.o(i.delay_us)
    fputc                                    0x080024bd   Thumb Code    22  systemview.o(i.fputc)
    main                                     0x080024d9   Thumb Code    46  main.o(i.main)
    packet_dec                               0x08002521   Thumb Code    56  os_task.o(i.packet_dec)
    pvPortMalloc                             0x08003049   Thumb Code   214  heap_4.o(i.pvPortMalloc)
    pxPortInitialiseStack                    0x08003161   Thumb Code    32  port.o(i.pxPortInitialiseStack)
    uxListRemove                             0x08003185   Thumb Code    38  list.o(i.uxListRemove)
    vListInitialise                          0x080031ab   Thumb Code    22  list.o(i.vListInitialise)
    vListInitialiseItem                      0x080031c1   Thumb Code     6  list.o(i.vListInitialiseItem)
    vListInsert                              0x080031c7   Thumb Code    48  list.o(i.vListInsert)
    vListInsertEnd                           0x080031f7   Thumb Code    24  list.o(i.vListInsertEnd)
    vPortEnterCritical                       0x08003211   Thumb Code    50  port.o(i.vPortEnterCritical)
    vPortExitCritical                        0x08003289   Thumb Code    34  port.o(i.vPortExitCritical)
    vPortFree                                0x080032ed   Thumb Code    94  heap_4.o(i.vPortFree)
    vPortSetupTimerInterrupt                 0x0800338d   Thumb Code    32  port.o(i.vPortSetupTimerInterrupt)
    vPortValidateInterruptPriority           0x080033b1   Thumb Code    70  port.o(i.vPortValidateInterruptPriority)
    vQueueAddToRegistry                      0x0800343d   Thumb Code    50  queue.o(i.vQueueAddToRegistry)
    vQueueWaitForMessageRestricted           0x08003475   Thumb Code    68  queue.o(i.vQueueWaitForMessageRestricted)
    vTaskDelay                               0x080034b9   Thumb Code    70  tasks.o(i.vTaskDelay)
    vTaskDelete                              0x08003531   Thumb Code   172  tasks.o(i.vTaskDelete)
    vTaskInternalSetTimeOutState             0x08003615   Thumb Code    12  tasks.o(i.vTaskInternalSetTimeOutState)
    vTaskMissedYield                         0x08003625   Thumb Code     8  tasks.o(i.vTaskMissedYield)
    vTaskPlaceOnEventList                    0x08003631   Thumb Code    44  tasks.o(i.vTaskPlaceOnEventList)
    vTaskPlaceOnEventListRestricted          0x08003689   Thumb Code    58  tasks.o(i.vTaskPlaceOnEventListRestricted)
    vTaskStartScheduler                      0x080036f1   Thumb Code   116  tasks.o(i.vTaskStartScheduler)
    vTaskSuspendAll                          0x0800379d   Thumb Code    10  tasks.o(i.vTaskSuspendAll)
    vTaskSwitchContext                       0x080037ad   Thumb Code   104  tasks.o(i.vTaskSwitchContext)
    xPortStartScheduler                      0x08003845   Thumb Code   170  port.o(i.xPortStartScheduler)
    xPortSysTickHandler                      0x08003939   Thumb Code    38  port.o(i.xPortSysTickHandler)
    xQueueGenericCreate                      0x08003965   Thumb Code    94  queue.o(i.xQueueGenericCreate)
    xQueueGenericReset                       0x080039ed   Thumb Code   128  queue.o(i.xQueueGenericReset)
    xQueueGenericSend                        0x08003a99   Thumb Code   400  queue.o(i.xQueueGenericSend)
    xQueueGenericSendFromISR                 0x08003c55   Thumb Code   220  queue.o(i.xQueueGenericSendFromISR)
    xQueueReceive                            0x08003d59   Thumb Code   358  queue.o(i.xQueueReceive)
    xStreamBufferGenericCreate               0x08003eed   Thumb Code   108  stream_buffer.o(i.xStreamBufferGenericCreate)
    xStreamBufferReceive                     0x08003f89   Thumb Code   226  stream_buffer.o(i.xStreamBufferReceive)
    xStreamBufferSendFromISR                 0x0800409d   Thumb Code   148  stream_buffer.o(i.xStreamBufferSendFromISR)
    xStreamBufferSpacesAvailable             0x08004161   Thumb Code    38  stream_buffer.o(i.xStreamBufferSpacesAvailable)
    xTaskCheckForTimeOut                     0x080041b9   Thumb Code   104  tasks.o(i.xTaskCheckForTimeOut)
    xTaskCreate                              0x0800424d   Thumb Code    86  tasks.o(i.xTaskCreate)
    xTaskGenericNotify                       0x080042a5   Thumb Code   230  tasks.o(i.xTaskGenericNotify)
    xTaskGenericNotifyFromISR                0x080043c1   Thumb Code   266  tasks.o(i.xTaskGenericNotifyFromISR)
    xTaskGetCurrentTaskHandle                0x08004501   Thumb Code     6  tasks.o(i.xTaskGetCurrentTaskHandle)
    xTaskGetSchedulerState                   0x0800450d   Thumb Code    22  tasks.o(i.xTaskGetSchedulerState)
    xTaskGetTickCount                        0x08004529   Thumb Code     6  tasks.o(i.xTaskGetTickCount)
    xTaskGetTickCountFromISR                 0x08004535   Thumb Code    12  tasks.o(i.xTaskGetTickCountFromISR)
    xTaskIncrementTick                       0x08004545   Thumb Code   194  tasks.o(i.xTaskIncrementTick)
    xTaskNotifyStateClear                    0x08004639   Thumb Code    44  tasks.o(i.xTaskNotifyStateClear)
    xTaskNotifyWait                          0x08004669   Thumb Code   144  tasks.o(i.xTaskNotifyWait)
    xTaskPriorityDisinherit                  0x08004701   Thumb Code   154  tasks.o(i.xTaskPriorityDisinherit)
    xTaskRemoveFromEventList                 0x080047cd   Thumb Code   108  tasks.o(i.xTaskRemoveFromEventList)
    xTaskResumeAll                           0x0800486d   Thumb Code   186  tasks.o(i.xTaskResumeAll)
    xTimerCreate                             0x0800495d   Thumb Code    74  timers.o(i.xTimerCreate)
    xTimerCreateTimerTask                    0x080049d1   Thumb Code    58  timers.o(i.xTimerCreateTimerTask)
    xTimerGenericCommand                     0x08004a45   Thumb Code    98  timers.o(i.xTimerGenericCommand)
    SYSVIEW_X_OS_TraceAPI                    0x08004af0   Data           8  segger_sysview_freertos.o(.constdata)
    Region$$Table$$Base                      0x08004b9c   Number         0  anon$$obj.o(Region$$Table)
    Region$$Table$$Limit                     0x08004bbc   Number         0  anon$$obj.o(Region$$Table)
    pxCurrentTCB                             0x20000000   Data           4  tasks.o(.data)
    State                                    0x20000074   Data           4  stm32f10x_it.o(.data)
    Err_State                                0x20000078   Data           4  stm32f10x_it.o(.data)
    SystemCoreClock                          0x2000007c   Data           4  system_stm32f10x.o(.data)
    AHBPrescTable                            0x20000080   Data          16  system_stm32f10x.o(.data)
    __stdout                                 0x200000bc   Data           4  systemview.o(.data)
    count                                    0x200000c0   Data           4  ptc.o(.data)
    Pm2                                      0x200000c4   Data           2  os_task.o(.data)
    Pm10                                     0x200000c6   Data           2  os_task.o(.data)
    Degree                                   0x200000c8   Data           4  os_task.o(.data)
    Vel                                      0x200000cc   Data           4  os_task.o(.data)
    O3                                       0x200000d0   Data           4  os_task.o(.data)
    SO2                                      0x200000d4   Data           4  os_task.o(.data)
    CO                                       0x200000d8   Data           4  os_task.o(.data)
    NO2                                      0x200000dc   Data           4  os_task.o(.data)
    APP_Start_Handler                        0x200000e0   Data           4  os_task.o(.data)
    Led0_Task_Handler                        0x200000e4   Data           4  os_task.o(.data)
    TimerControlTask_Handler                 0x200000e8   Data           4  os_task.o(.data)
    Usart3_PM_Decode_Handler                 0x200000ec   Data           4  os_task.o(.data)
    AutoReloadTimer_Handle                   0x200000f0   Data           4  os_task.o(.data)
    BufferFromDma                            0x200000f4   Data           4  os_task.o(.data)
    xQueueRegistry                           0x200000f8   Data          64  queue.o(.bss)
    _SEGGER_RTT                              0x20005444   Data         168  segger_rtt.o(.bss)
    buffer_usart3                            0x20005ea8   Data          10  usart3_pm.o(.bss)
    USART2_RX_BUF                            0x20005eb2   Data        1024  usart2_send.o(.bss)
    __libspace_start                         0x200062b4   Data          96  libspace.o(.bss)
    __temporary_stack_top$libspace           0x20006314   Data           0  libspace.o(.bss)



==============================================================================

Memory Map of the image

  Image Entry point : 0x08000131

  Load Region LR_IROM1 (Base: 0x08000000, Size: 0x00004cb4, Max: 0x00080000, ABSOLUTE)

    Execution Region ER_IROM1 (Exec base: 0x08000000, Load base: 0x08000000, Size: 0x00004bbc, Max: 0x00080000, ABSOLUTE)

    Exec Addr    Load Addr    Size         Type   Attr      Idx    E Section Name        Object

    0x08000000   0x08000000   0x00000130   Data   RO            3    RESET               startup_stm32f10x_hd.o
    0x08000130   0x08000130   0x00000008   Code   RO         4261  * !!!main             c_w.l(__main.o)
    0x08000138   0x08000138   0x00000034   Code   RO         4574    !!!scatter          c_w.l(__scatter.o)
    0x0800016c   0x0800016c   0x0000001a   Code   RO         4576    !!handler_copy      c_w.l(__scatter_copy.o)
    0x08000186   0x08000186   0x00000002   PAD
    0x08000188   0x08000188   0x0000001c   Code   RO         4578    !!handler_zi        c_w.l(__scatter_zi.o)
    0x080001a4   0x080001a4   0x00000000   Code   RO         4236    .ARM.Collect$$_printf_percent$$00000000  c_w.l(_printf_percent.o)
    0x080001a4   0x080001a4   0x00000006   Code   RO         4234    .ARM.Collect$$_printf_percent$$00000009  c_w.l(_printf_d.o)
    0x080001aa   0x080001aa   0x00000006   Code   RO         4233    .ARM.Collect$$_printf_percent$$00000014  c_w.l(_printf_s.o)
    0x080001b0   0x080001b0   0x00000004   Code   RO         4345    .ARM.Collect$$_printf_percent$$00000017  c_w.l(_printf_percent_end.o)
    0x080001b4   0x080001b4   0x00000002   Code   RO         4443    .ARM.Collect$$libinit$$00000000  c_w.l(libinit.o)
    0x080001b6   0x080001b6   0x00000000   Code   RO         4445    .ARM.Collect$$libinit$$00000002  c_w.l(libinit2.o)
    0x080001b6   0x080001b6   0x00000000   Code   RO         4447    .ARM.Collect$$libinit$$00000004  c_w.l(libinit2.o)
    0x080001b6   0x080001b6   0x00000000   Code   RO         4450    .ARM.Collect$$libinit$$0000000A  c_w.l(libinit2.o)
    0x080001b6   0x080001b6   0x00000000   Code   RO         4452    .ARM.Collect$$libinit$$0000000C  c_w.l(libinit2.o)
    0x080001b6   0x080001b6   0x00000000   Code   RO         4454    .ARM.Collect$$libinit$$0000000E  c_w.l(libinit2.o)
    0x080001b6   0x080001b6   0x00000000   Code   RO         4457    .ARM.Collect$$libinit$$00000011  c_w.l(libinit2.o)
    0x080001b6   0x080001b6   0x00000000   Code   RO         4459    .ARM.Collect$$libinit$$00000013  c_w.l(libinit2.o)
    0x080001b6   0x080001b6   0x00000000   Code   RO         4461    .ARM.Collect$$libinit$$00000015  c_w.l(libinit2.o)
    0x080001b6   0x080001b6   0x00000000   Code   RO         4463    .ARM.Collect$$libinit$$00000017  c_w.l(libinit2.o)
    0x080001b6   0x080001b6   0x00000000   Code   RO         4465    .ARM.Collect$$libinit$$00000019  c_w.l(libinit2.o)
    0x080001b6   0x080001b6   0x00000000   Code   RO         4467    .ARM.Collect$$libinit$$0000001B  c_w.l(libinit2.o)
    0x080001b6   0x080001b6   0x00000000   Code   RO         4469    .ARM.Collect$$libinit$$0000001D  c_w.l(libinit2.o)
    0x080001b6   0x080001b6   0x00000000   Code   RO         4471    .ARM.Collect$$libinit$$0000001F  c_w.l(libinit2.o)
    0x080001b6   0x080001b6   0x00000000   Code   RO         4473    .ARM.Collect$$libinit$$00000021  c_w.l(libinit2.o)
    0x080001b6   0x080001b6   0x00000000   Code   RO         4475    .ARM.Collect$$libinit$$00000023  c_w.l(libinit2.o)
    0x080001b6   0x080001b6   0x00000000   Code   RO         4477    .ARM.Collect$$libinit$$00000025  c_w.l(libinit2.o)
    0x080001b6   0x080001b6   0x00000000   Code   RO         4481    .ARM.Collect$$libinit$$0000002C  c_w.l(libinit2.o)
    0x080001b6   0x080001b6   0x00000000   Code   RO         4483    .ARM.Collect$$libinit$$0000002E  c_w.l(libinit2.o)
    0x080001b6   0x080001b6   0x00000000   Code   RO         4485    .ARM.Collect$$libinit$$00000030  c_w.l(libinit2.o)
    0x080001b6   0x080001b6   0x00000000   Code   RO         4487    .ARM.Collect$$libinit$$00000032  c_w.l(libinit2.o)
    0x080001b6   0x080001b6   0x00000002   Code   RO         4488    .ARM.Collect$$libinit$$00000033  c_w.l(libinit2.o)
    0x080001b8   0x080001b8   0x00000002   Code   RO         4522    .ARM.Collect$$libshutdown$$00000000  c_w.l(libshutdown.o)
    0x080001ba   0x080001ba   0x00000000   Code   RO         4533    .ARM.Collect$$libshutdown$$00000002  c_w.l(libshutdown2.o)
    0x080001ba   0x080001ba   0x00000000   Code   RO         4535    .ARM.Collect$$libshutdown$$00000004  c_w.l(libshutdown2.o)
    0x080001ba   0x080001ba   0x00000000   Code   RO         4538    .ARM.Collect$$libshutdown$$00000007  c_w.l(libshutdown2.o)
    0x080001ba   0x080001ba   0x00000000   Code   RO         4541    .ARM.Collect$$libshutdown$$0000000A  c_w.l(libshutdown2.o)
    0x080001ba   0x080001ba   0x00000000   Code   RO         4543    .ARM.Collect$$libshutdown$$0000000C  c_w.l(libshutdown2.o)
    0x080001ba   0x080001ba   0x00000000   Code   RO         4546    .ARM.Collect$$libshutdown$$0000000F  c_w.l(libshutdown2.o)
    0x080001ba   0x080001ba   0x00000002   Code   RO         4547    .ARM.Collect$$libshutdown$$00000010  c_w.l(libshutdown2.o)
    0x080001bc   0x080001bc   0x00000000   Code   RO         4325    .ARM.Collect$$rtentry$$00000000  c_w.l(__rtentry.o)
    0x080001bc   0x080001bc   0x00000000   Code   RO         4398    .ARM.Collect$$rtentry$$00000002  c_w.l(__rtentry2.o)
    0x080001bc   0x080001bc   0x00000006   Code   RO         4410    .ARM.Collect$$rtentry$$00000004  c_w.l(__rtentry4.o)
    0x080001c2   0x080001c2   0x00000000   Code   RO         4400    .ARM.Collect$$rtentry$$00000009  c_w.l(__rtentry2.o)
    0x080001c2   0x080001c2   0x00000004   Code   RO         4401    .ARM.Collect$$rtentry$$0000000A  c_w.l(__rtentry2.o)
    0x080001c6   0x080001c6   0x00000000   Code   RO         4403    .ARM.Collect$$rtentry$$0000000C  c_w.l(__rtentry2.o)
    0x080001c6   0x080001c6   0x00000008   Code   RO         4404    .ARM.Collect$$rtentry$$0000000D  c_w.l(__rtentry2.o)
    0x080001ce   0x080001ce   0x00000002   Code   RO         4493    .ARM.Collect$$rtexit$$00000000  c_w.l(rtexit.o)
    0x080001d0   0x080001d0   0x00000000   Code   RO         4500    .ARM.Collect$$rtexit$$00000002  c_w.l(rtexit2.o)
    0x080001d0   0x080001d0   0x00000004   Code   RO         4501    .ARM.Collect$$rtexit$$00000003  c_w.l(rtexit2.o)
    0x080001d4   0x080001d4   0x00000006   Code   RO         4502    .ARM.Collect$$rtexit$$00000004  c_w.l(rtexit2.o)
    0x080001da   0x080001da   0x00000002   PAD
    0x080001dc   0x080001dc   0x00000096   Code   RO         1251    .emb_text           port.o
    0x08000272   0x08000272   0x00000002   PAD
    0x08000274   0x08000274   0x00000040   Code   RO            4    .text               startup_stm32f10x_hd.o
    0x080002b4   0x080002b4   0x00000018   Code   RO         4202    .text               c_w.l(noretval__2printf.o)
    0x080002cc   0x080002cc   0x00000068   Code   RO         4206    .text               c_w.l(__printf.o)
    0x08000334   0x08000334   0x00000052   Code   RO         4208    .text               c_w.l(_printf_str.o)
    0x08000386   0x08000386   0x00000002   PAD
    0x08000388   0x08000388   0x00000078   Code   RO         4210    .text               c_w.l(_printf_dec.o)
    0x08000400   0x08000400   0x00000058   Code   RO         4241    .text               c_w.l(memcmp.o)
    0x08000458   0x08000458   0x00000048   Code   RO         4243    .text               c_w.l(strcpy.o)
    0x080004a0   0x080004a0   0x0000008a   Code   RO         4249    .text               c_w.l(rt_memcpy_v6.o)
    0x0800052a   0x0800052a   0x00000016   Code   RO         4251    .text               c_w.l(memset.o)
    0x08000540   0x08000540   0x00000010   Code   RO         4253    .text               c_w.l(aeabi_memset.o)
    0x08000550   0x08000550   0x0000004e   Code   RO         4255    .text               c_w.l(rt_memclr_w.o)
    0x0800059e   0x0800059e   0x00000006   Code   RO         4259    .text               c_w.l(heapauxi.o)
    0x080005a4   0x080005a4   0x000000b2   Code   RO         4335    .text               c_w.l(_printf_intcommon.o)
    0x08000656   0x08000656   0x00000002   PAD
    0x08000658   0x08000658   0x00000030   Code   RO         4337    .text               c_w.l(_printf_char_common.o)
    0x08000688   0x08000688   0x0000002c   Code   RO         4341    .text               c_w.l(_printf_char.o)
    0x080006b4   0x080006b4   0x00000024   Code   RO         4343    .text               c_w.l(_printf_char_file.o)
    0x080006d8   0x080006d8   0x00000064   Code   RO         4348    .text               c_w.l(rt_memcpy_w.o)
    0x0800073c   0x0800073c   0x00000044   Code   RO         4350    .text               c_w.l(rt_memclr.o)
    0x08000780   0x08000780   0x00000008   Code   RO         4394    .text               c_w.l(libspace.o)
    0x08000788   0x08000788   0x00000008   Code   RO         4421    .text               c_w.l(ferror.o)
    0x08000790   0x08000790   0x0000004a   Code   RO         4434    .text               c_w.l(sys_stackheap_outer.o)
    0x080007da   0x080007da   0x00000012   Code   RO         4436    .text               c_w.l(exit.o)
    0x080007ec   0x080007ec   0x0000000c   Code   RO         4512    .text               c_w.l(sys_exit.o)
    0x080007f8   0x080007f8   0x00000002   Code   RO         4523    .text               c_w.l(use_no_semi.o)
    0x080007fa   0x080007fa   0x00000000   Code   RO         4525    .text               c_w.l(indicate_semi.o)
    0x080007fa   0x080007fa   0x00000002   PAD
    0x080007fc   0x080007fc   0x0000007c   Code   RO         3917    i.ADS1115_ALERTRDYpin_Init  ads1115.o
    0x08000878   0x08000878   0x000000ae   Code   RO         3918    i.ADS1115_Init      ads1115.o
    0x08000926   0x08000926   0x00000058   Code   RO         3919    i.ADS1115_ReadFromRegister  ads1115.o
    0x0800097e   0x0800097e   0x00000048   Code   RO         3920    i.ADS1115_WriteToRegister  ads1115.o
    0x080009c6   0x080009c6   0x00000002   PAD
    0x080009c8   0x080009c8   0x0000008c   Code   RO         4049    i.APP_Start         os_task.o
    0x08000a54   0x08000a54   0x0000001e   Code   RO         3562    i.BSP_Init          bsp.o
    0x08000a72   0x08000a72   0x00000002   Code   RO         1403    i.BusFault_Handler  stm32f10x_it.o
    0x08000a74   0x08000a74   0x00000094   Code   RO         3633    i.DMA1_Channel3_IRQHandler  usart3_pm.o
    0x08000b08   0x08000b08   0x00000018   Code   RO         1586    i.DMA_ClearFlag     stm32f10x_dma.o
    0x08000b20   0x08000b20   0x00000018   Code   RO         1587    i.DMA_ClearITPendingBit  stm32f10x_dma.o
    0x08000b38   0x08000b38   0x000000e4   Code   RO         1589    i.DMA_DeInit        stm32f10x_dma.o
    0x08000c1c   0x08000c1c   0x00000020   Code   RO         1592    i.DMA_GetITStatus   stm32f10x_dma.o
    0x08000c3c   0x08000c3c   0x0000003a   Code   RO         1594    i.DMA_Init          stm32f10x_dma.o
    0x08000c76   0x08000c76   0x00000002   Code   RO         1404    i.DebugMon_Handler  stm32f10x_it.o
    0x08000c78   0x08000c78   0x0000009c   Code   RO         1784    i.GPIO_Init         stm32f10x_gpio.o
    0x08000d14   0x08000d14   0x00000004   Code   RO         1792    i.GPIO_SetBits      stm32f10x_gpio.o
    0x08000d18   0x08000d18   0x00000010   Code   RO         1793    i.GPIO_StructInit   stm32f10x_gpio.o
    0x08000d28   0x08000d28   0x00000020   Code   RO         3921    i.GasADS1115_Init   ads1115.o
    0x08000d48   0x08000d48   0x0000000c   Code   RO         1405    i.HardFault_Handler  stm32f10x_it.o
    0x08000d54   0x08000d54   0x00000040   Code   RO         3698    i.IIC_ADS_Ack       iic_ads.o
    0x08000d94   0x08000d94   0x00000034   Code   RO         3699    i.IIC_ADS_Init      iic_ads.o
    0x08000dc8   0x08000dc8   0x00000040   Code   RO         3700    i.IIC_ADS_NAck      iic_ads.o
    0x08000e08   0x08000e08   0x0000006c   Code   RO         3701    i.IIC_ADS_Read_Byte  iic_ads.o
    0x08000e74   0x08000e74   0x00000068   Code   RO         3702    i.IIC_ADS_Send_Byte  iic_ads.o
    0x08000edc   0x08000edc   0x00000040   Code   RO         3703    i.IIC_ADS_Start     iic_ads.o
    0x08000f1c   0x08000f1c   0x00000044   Code   RO         3704    i.IIC_ADS_Stop      iic_ads.o
    0x08000f60   0x08000f60   0x00000058   Code   RO         3705    i.IIC_ADS_Wait_Ack  iic_ads.o
    0x08000fb8   0x08000fb8   0x00000040   Code   RO         3753    i.IIC_HTS_Init      iic_hts.o
    0x08000ff8   0x08000ff8   0x00000004   Code   RO         3806    i.IWDG_Feed         iwdog.o
    0x08000ffc   0x08000ffc   0x00000010   Code   RO         2807    i.IWDG_ReloadCounter  stm32f10x_iwdg.o
    0x0800100c   0x0800100c   0x0000005c   Code   RO         3597    i.LED_Init          led.o
    0x08001068   0x08001068   0x00000040   Code   RO         4051    i.Led0_Task         os_task.o
    0x080010a8   0x080010a8   0x00000002   Code   RO         1406    i.MemManage_Handler  stm32f10x_it.o
    0x080010aa   0x080010aa   0x00000002   Code   RO         1407    i.NMI_Handler       stm32f10x_it.o
    0x080010ac   0x080010ac   0x00000014   Code   RO         1551    i.NVIC_PriorityGroupConfig  misc.o
    0x080010c0   0x080010c0   0x0000005c   Code   RO         3824    i.PTC_Init          ptc.o
    0x0800111c   0x0800111c   0x00000018   Code   RO         1893    i.RCC_AHBPeriphClockCmd  stm32f10x_rcc.o
    0x08001134   0x08001134   0x00000018   Code   RO         1894    i.RCC_APB1PeriphClockCmd  stm32f10x_rcc.o
    0x0800114c   0x0800114c   0x00000018   Code   RO         1895    i.RCC_APB1PeriphResetCmd  stm32f10x_rcc.o
    0x08001164   0x08001164   0x00000018   Code   RO         1896    i.RCC_APB2PeriphClockCmd  stm32f10x_rcc.o
    0x0800117c   0x0800117c   0x00000018   Code   RO         1897    i.RCC_APB2PeriphResetCmd  stm32f10x_rcc.o
    0x08001194   0x08001194   0x00000094   Code   RO         1904    i.RCC_GetClocksFreq  stm32f10x_rcc.o
    0x08001228   0x08001228   0x00000038   Code   RO         3598    i.Reset_Init        led.o
    0x08001260   0x08001260   0x00000060   Code   RO         2849    i.SEGGER_RTT_ConfigDownBuffer  segger_rtt.o
    0x080012c0   0x080012c0   0x00000060   Code   RO         2850    i.SEGGER_RTT_ConfigUpBuffer  segger_rtt.o
    0x08001320   0x08001320   0x00000078   Code   RO         2859    i.SEGGER_RTT_ReadNoLock  segger_rtt.o
    0x08001398   0x08001398   0x00000074   Code   RO         2869    i.SEGGER_RTT_WriteSkipNoLock  segger_rtt.o
    0x0800140c   0x0800140c   0x00000028   Code   RO         3524    i.SEGGER_SYSVIEW_Conf  segger_sysview_config_freertos.o
    0x08001434   0x08001434   0x0000007c   Code   RO         3046    i.SEGGER_SYSVIEW_GetSysDesc  segger_sysview.o
    0x080014b0   0x080014b0   0x00000060   Code   RO         3047    i.SEGGER_SYSVIEW_Init  segger_sysview.o
    0x08001510   0x08001510   0x00000024   Code   RO         3049    i.SEGGER_SYSVIEW_OnIdle  segger_sysview.o
    0x08001534   0x08001534   0x00000044   Code   RO         3050    i.SEGGER_SYSVIEW_OnTaskCreate  segger_sysview.o
    0x08001578   0x08001578   0x00000044   Code   RO         3051    i.SEGGER_SYSVIEW_OnTaskStartExec  segger_sysview.o
    0x080015bc   0x080015bc   0x00000044   Code   RO         3052    i.SEGGER_SYSVIEW_OnTaskStartReady  segger_sysview.o
    0x08001600   0x08001600   0x00000034   Code   RO         3072    i.SEGGER_SYSVIEW_RecordSystime  segger_sysview.o
    0x08001634   0x08001634   0x0000003c   Code   RO         3073    i.SEGGER_SYSVIEW_RecordU32  segger_sysview.o
    0x08001670   0x08001670   0x00000050   Code   RO         3075    i.SEGGER_SYSVIEW_RecordU32x2  segger_sysview.o
    0x080016c0   0x080016c0   0x00000068   Code   RO         3076    i.SEGGER_SYSVIEW_RecordU32x3  segger_sysview.o
    0x08001728   0x08001728   0x0000007c   Code   RO         3077    i.SEGGER_SYSVIEW_RecordU32x4  segger_sysview.o
    0x080017a4   0x080017a4   0x00000094   Code   RO         3078    i.SEGGER_SYSVIEW_RecordU32x5  segger_sysview.o
    0x08001838   0x08001838   0x00000024   Code   RO         3083    i.SEGGER_SYSVIEW_RecordVoid  segger_sysview.o
    0x0800185c   0x0800185c   0x00000078   Code   RO         3085    i.SEGGER_SYSVIEW_SendModule  segger_sysview.o
    0x080018d4   0x080018d4   0x0000001c   Code   RO         3086    i.SEGGER_SYSVIEW_SendModuleDescription  segger_sysview.o
    0x080018f0   0x080018f0   0x00000040   Code   RO         3087    i.SEGGER_SYSVIEW_SendNumModules  segger_sysview.o
    0x08001930   0x08001930   0x00000030   Code   RO         3089    i.SEGGER_SYSVIEW_SendSysDesc  segger_sysview.o
    0x08001960   0x08001960   0x000000c4   Code   RO         3090    i.SEGGER_SYSVIEW_SendTaskInfo  segger_sysview.o
    0x08001a24   0x08001a24   0x00000018   Code   RO         3091    i.SEGGER_SYSVIEW_SendTaskList  segger_sysview.o
    0x08001a3c   0x08001a3c   0x0000000c   Code   RO         3092    i.SEGGER_SYSVIEW_SetRAMBase  segger_sysview.o
    0x08001a48   0x08001a48   0x00000010   Code   RO         3093    i.SEGGER_SYSVIEW_ShrinkId  segger_sysview.o
    0x08001a58   0x08001a58   0x000000b0   Code   RO         3094    i.SEGGER_SYSVIEW_Start  segger_sysview.o
    0x08001b08   0x08001b08   0x00000030   Code   RO         3095    i.SEGGER_SYSVIEW_Stop  segger_sysview.o
    0x08001b38   0x08001b38   0x0000003c   Code   RO         3096    i.SEGGER_SYSVIEW_Warn  segger_sysview.o
    0x08001b74   0x08001b74   0x00000070   Code   RO         3478    i.SYSVIEW_AddTask   segger_sysview_freertos.o
    0x08001be4   0x08001be4   0x00000074   Code   RO         3479    i.SYSVIEW_DeleteTask  segger_sysview_freertos.o
    0x08001c58   0x08001c58   0x0000002a   Code   RO         3480    i.SYSVIEW_SendTaskInfo  segger_sysview_freertos.o
    0x08001c82   0x08001c82   0x00000002   PAD
    0x08001c84   0x08001c84   0x000000a8   Code   RO         1452    i.SetSysClockTo72   system_stm32f10x.o
    0x08001d2c   0x08001d2c   0x00000018   Code   RO         1554    i.SysTick_CLKSourceConfig  misc.o
    0x08001d44   0x08001d44   0x00000014   Code   RO         1481    i.SysTick_Handler   delay.o
    0x08001d58   0x08001d58   0x00000050   Code   RO         1454    i.SystemInit        system_stm32f10x.o
    0x08001da8   0x08001da8   0x0000002c   Code   RO         3615    i.TIM2_IRQHandler   timer.o
    0x08001dd4   0x08001dd4   0x00000006   Code   RO         2101    i.TIM_ClearITPendingBit  stm32f10x_tim.o
    0x08001dda   0x08001dda   0x00000018   Code   RO         2127    i.TIM_GetITStatus   stm32f10x_tim.o
    0x08001df2   0x08001df2   0x00000002   PAD
    0x08001df4   0x08001df4   0x000000d4   Code   RO         3679    i.USART2_Send_Init  usart2_send.o
    0x08001ec8   0x08001ec8   0x00000010   Code   RO         2630    i.USART_DMACmd      stm32f10x_usart.o
    0x08001ed8   0x08001ed8   0x00000074   Code   RO         2631    i.USART_DeInit      stm32f10x_usart.o
    0x08001f4c   0x08001f4c   0x000000ac   Code   RO         2636    i.USART_Init        stm32f10x_usart.o
    0x08001ff8   0x08001ff8   0x00000016   Code   RO         2652    i.USART_StructInit  stm32f10x_usart.o
    0x0800200e   0x0800200e   0x00000002   Code   RO         1408    i.UsageFault_Handler  stm32f10x_it.o
    0x08002010   0x08002010   0x000000bc   Code   RO         4052    i.Usart3_PM_Decode_Task  os_task.o
    0x080020cc   0x080020cc   0x00000020   Code   RO         3924    i.WindADS1115_Init  ads1115.o
    0x080020ec   0x080020ec   0x00000068   Code   RO         2872    i._DoInit           segger_rtt.o
    0x08002154   0x08002154   0x00000042   Code   RO         3099    i._EncodeStr        segger_sysview.o
    0x08002196   0x08002196   0x0000008a   Code   RO         3100    i._HandleIncomingPacket  segger_sysview.o
    0x08002220   0x08002220   0x000000d4   Code   RO         3103    i._SendPacket       segger_sysview.o
    0x080022f4   0x080022f4   0x00000068   Code   RO         3105    i._TrySendOverflowPacket  segger_sysview.o
    0x0800235c   0x0800235c   0x0000001c   Code   RO         3482    i._cbGetTime        segger_sysview_freertos.o
    0x08002378   0x08002378   0x00000058   Code   RO         3525    i._cbSendSystemDesc  segger_sysview_config_freertos.o
    0x080023d0   0x080023d0   0x00000038   Code   RO         3483    i._cbSendTaskList   segger_sysview_freertos.o
    0x08002408   0x08002408   0x00000048   Code   RO         1482    i.delay_init        delay.o
    0x08002450   0x08002450   0x00000038   Code   RO         1483    i.delay_ms          delay.o
    0x08002488   0x08002488   0x00000034   Code   RO         1484    i.delay_us          delay.o
    0x080024bc   0x080024bc   0x0000001c   Code   RO         3542    i.fputc             systemview.o
    0x080024d8   0x080024d8   0x00000048   Code   RO         4181    i.main              main.o
    0x08002520   0x08002520   0x0000003c   Code   RO         4053    i.packet_dec        os_task.o
    0x0800255c   0x0800255c   0x00000070   Code   RO          587    i.prvAddCurrentTaskToDelayedList  tasks.o
    0x080025cc   0x080025cc   0x000000f0   Code   RO          588    i.prvAddNewTaskToReadyList  tasks.o
    0x080026bc   0x080026bc   0x00000012   Code   RO         1085    i.prvBytesInBuffer  stream_buffer.o
    0x080026ce   0x080026ce   0x00000002   PAD
    0x080026d0   0x080026d0   0x00000050   Code   RO          944    i.prvCheckForValidListAndQueue  timers.o
    0x08002720   0x08002720   0x00000026   Code   RO          357    i.prvCopyDataFromQueue  queue.o
    0x08002746   0x08002746   0x0000006c   Code   RO          358    i.prvCopyDataToQueue  queue.o
    0x080027b2   0x080027b2   0x00000014   Code   RO          589    i.prvDeleteTCB      tasks.o
    0x080027c6   0x080027c6   0x00000002   PAD
    0x080027c8   0x080027c8   0x0000004c   Code   RO         1344    i.prvHeapInit       heap_4.o
    0x08002814   0x08002814   0x0000005c   Code   RO          590    i.prvIdleTask       tasks.o
    0x08002870   0x08002870   0x00000070   Code   RO         1086    i.prvInitialiseNewStreamBuffer  stream_buffer.o
    0x080028e0   0x080028e0   0x000000d0   Code   RO          591    i.prvInitialiseNewTask  tasks.o
    0x080029b0   0x080029b0   0x0000004c   Code   RO         1345    i.prvInsertBlockIntoFreeList  heap_4.o
    0x080029fc   0x080029fc   0x00000038   Code   RO          945    i.prvInsertTimerInActiveList  timers.o
    0x08002a34   0x08002a34   0x0000001a   Code   RO          359    i.prvIsQueueEmpty   queue.o
    0x08002a4e   0x08002a4e   0x00000002   PAD
    0x08002a50   0x08002a50   0x000000a8   Code   RO          360    i.prvNotifyQueueSetContainer  queue.o
    0x08002af8   0x08002af8   0x00000060   Code   RO          946    i.prvProcessExpiredTimer  timers.o
    0x08002b58   0x08002b58   0x000000f0   Code   RO          947    i.prvProcessReceivedCommands  timers.o
    0x08002c48   0x08002c48   0x0000006c   Code   RO          948    i.prvProcessTimerOrBlockTask  timers.o
    0x08002cb4   0x08002cb4   0x000000b8   Code   RO         1087    i.prvReadBytesFromBuffer  stream_buffer.o
    0x08002d6c   0x08002d6c   0x0000003a   Code   RO         1088    i.prvReadMessageFromBuffer  stream_buffer.o
    0x08002da6   0x08002da6   0x00000002   PAD
    0x08002da8   0x08002da8   0x00000020   Code   RO          593    i.prvResetNextTaskUnblockTime  tasks.o
    0x08002dc8   0x08002dc8   0x00000028   Code   RO          949    i.prvSampleTimeNow  timers.o
    0x08002df0   0x08002df0   0x0000006c   Code   RO          950    i.prvSwitchTimerLists  timers.o
    0x08002e5c   0x08002e5c   0x00000064   Code   RO         1252    i.prvTaskExitError  port.o
    0x08002ec0   0x08002ec0   0x00000028   Code   RO          951    i.prvTimerTask      timers.o
    0x08002ee8   0x08002ee8   0x00000078   Code   RO          361    i.prvUnlockQueue    queue.o
    0x08002f60   0x08002f60   0x000000ac   Code   RO         1089    i.prvWriteBytesToBuffer  stream_buffer.o
    0x0800300c   0x0800300c   0x0000003c   Code   RO         1090    i.prvWriteMessageToBuffer  stream_buffer.o
    0x08003048   0x08003048   0x00000118   Code   RO         1346    i.pvPortMalloc      heap_4.o
    0x08003160   0x08003160   0x00000024   Code   RO         1253    i.pxPortInitialiseStack  port.o
    0x08003184   0x08003184   0x00000026   Code   RO          311    i.uxListRemove      list.o
    0x080031aa   0x080031aa   0x00000016   Code   RO          312    i.vListInitialise   list.o
    0x080031c0   0x080031c0   0x00000006   Code   RO          313    i.vListInitialiseItem  list.o
    0x080031c6   0x080031c6   0x00000030   Code   RO          314    i.vListInsert       list.o
    0x080031f6   0x080031f6   0x00000018   Code   RO          315    i.vListInsertEnd    list.o
    0x0800320e   0x0800320e   0x00000002   PAD
    0x08003210   0x08003210   0x00000078   Code   RO         1255    i.vPortEnterCritical  port.o
    0x08003288   0x08003288   0x00000064   Code   RO         1256    i.vPortExitCritical  port.o
    0x080032ec   0x080032ec   0x000000a0   Code   RO         1347    i.vPortFree         heap_4.o
    0x0800338c   0x0800338c   0x00000024   Code   RO         1257    i.vPortSetupTimerInterrupt  port.o
    0x080033b0   0x080033b0   0x0000008c   Code   RO         1258    i.vPortValidateInterruptPriority  port.o
    0x0800343c   0x0800343c   0x00000038   Code   RO          367    i.vQueueAddToRegistry  queue.o
    0x08003474   0x08003474   0x00000044   Code   RO          371    i.vQueueWaitForMessageRestricted  queue.o
    0x080034b8   0x080034b8   0x00000078   Code   RO          603    i.vTaskDelay        tasks.o
    0x08003530   0x08003530   0x000000e4   Code   RO          605    i.vTaskDelete       tasks.o
    0x08003614   0x08003614   0x00000010   Code   RO          608    i.vTaskInternalSetTimeOutState  tasks.o
    0x08003624   0x08003624   0x0000000c   Code   RO          610    i.vTaskMissedYield  tasks.o
    0x08003630   0x08003630   0x00000058   Code   RO          612    i.vTaskPlaceOnEventList  tasks.o
    0x08003688   0x08003688   0x00000068   Code   RO          613    i.vTaskPlaceOnEventListRestricted  tasks.o
    0x080036f0   0x080036f0   0x000000ac   Code   RO          621    i.vTaskStartScheduler  tasks.o
    0x0800379c   0x0800379c   0x00000010   Code   RO          623    i.vTaskSuspendAll   tasks.o
    0x080037ac   0x080037ac   0x00000098   Code   RO          624    i.vTaskSwitchContext  tasks.o
    0x08003844   0x08003844   0x000000f4   Code   RO         1259    i.xPortStartScheduler  port.o
    0x08003938   0x08003938   0x0000002c   Code   RO         1260    i.xPortSysTickHandler  port.o
    0x08003964   0x08003964   0x00000088   Code   RO          376    i.xQueueGenericCreate  queue.o
    0x080039ec   0x080039ec   0x000000ac   Code   RO          377    i.xQueueGenericReset  queue.o
    0x08003a98   0x08003a98   0x000001bc   Code   RO          378    i.xQueueGenericSend  queue.o
    0x08003c54   0x08003c54   0x00000104   Code   RO          379    i.xQueueGenericSendFromISR  queue.o
    0x08003d58   0x08003d58   0x00000194   Code   RO          386    i.xQueueReceive     queue.o
    0x08003eec   0x08003eec   0x0000009c   Code   RO         1096    i.xStreamBufferGenericCreate  stream_buffer.o
    0x08003f88   0x08003f88   0x00000114   Code   RO         1100    i.xStreamBufferReceive  stream_buffer.o
    0x0800409c   0x0800409c   0x000000c4   Code   RO         1106    i.xStreamBufferSendFromISR  stream_buffer.o
    0x08004160   0x08004160   0x00000058   Code   RO         1108    i.xStreamBufferSpacesAvailable  stream_buffer.o
    0x080041b8   0x080041b8   0x00000094   Code   RO          625    i.xTaskCheckForTimeOut  tasks.o
    0x0800424c   0x0800424c   0x00000056   Code   RO          626    i.xTaskCreate       tasks.o
    0x080042a2   0x080042a2   0x00000002   PAD
    0x080042a4   0x080042a4   0x0000011c   Code   RO          627    i.xTaskGenericNotify  tasks.o
    0x080043c0   0x080043c0   0x00000140   Code   RO          628    i.xTaskGenericNotifyFromISR  tasks.o
    0x08004500   0x08004500   0x0000000c   Code   RO          629    i.xTaskGetCurrentTaskHandle  tasks.o
    0x0800450c   0x0800450c   0x0000001c   Code   RO          631    i.xTaskGetSchedulerState  tasks.o
    0x08004528   0x08004528   0x0000000c   Code   RO          632    i.xTaskGetTickCount  tasks.o
    0x08004534   0x08004534   0x00000010   Code   RO          633    i.xTaskGetTickCountFromISR  tasks.o
    0x08004544   0x08004544   0x000000f4   Code   RO          634    i.xTaskIncrementTick  tasks.o
    0x08004638   0x08004638   0x00000030   Code   RO          635    i.xTaskNotifyStateClear  tasks.o
    0x08004668   0x08004668   0x00000098   Code   RO          636    i.xTaskNotifyWait   tasks.o
    0x08004700   0x08004700   0x000000cc   Code   RO          637    i.xTaskPriorityDisinherit  tasks.o
    0x080047cc   0x080047cc   0x000000a0   Code   RO          639    i.xTaskRemoveFromEventList  tasks.o
    0x0800486c   0x0800486c   0x000000f0   Code   RO          640    i.xTaskResumeAll    tasks.o
    0x0800495c   0x0800495c   0x00000074   Code   RO          956    i.xTimerCreate      timers.o
    0x080049d0   0x080049d0   0x00000074   Code   RO          957    i.xTimerCreateTimerTask  timers.o
    0x08004a44   0x08004a44   0x00000090   Code   RO          958    i.xTimerGenericCommand  timers.o
    0x08004ad4   0x08004ad4   0x0000001a   Data   RO         3109    .constdata          segger_sysview.o
    0x08004aee   0x08004aee   0x00000002   PAD
    0x08004af0   0x08004af0   0x00000008   Data   RO         3485    .constdata          segger_sysview_freertos.o
    0x08004af8   0x08004af8   0x00000050   Data   RO         3486    .conststring        segger_sysview_freertos.o
    0x08004b48   0x08004b48   0x00000051   Data   RO         4060    .conststring        os_task.o
    0x08004b99   0x08004b99   0x00000003   PAD
    0x08004b9c   0x08004b9c   0x00000020   Data   RO         4572    Region$$Table       anon$$obj.o


    Execution Region RW_IRAM1 (Exec base: 0x20000000, Load base: 0x08004bbc, Size: 0x00006918, Max: 0x00010000, ABSOLUTE)

    Exec Addr    Load Addr    Size         Type   Attr      Idx    E Section Name        Object

    0x20000000   0x08004bbc   0x0000003c   Data   RW          643    .data               tasks.o
    0x2000003c   0x08004bf8   0x00000014   Data   RW          966    .data               timers.o
    0x20000050   0x08004c0c   0x0000000c   Data   RW         1261    .data               port.o
    0x2000005c   0x08004c18   0x00000018   Data   RW         1352    .data               heap_4.o
    0x20000074   0x08004c30   0x00000004   Data   RW         1409    .data               stm32f10x_it.o
    0x20000078   0x08004c34   0x00000004   Data   RW         1410    .data               stm32f10x_it.o
    0x2000007c   0x08004c38   0x00000014   Data   RW         1455    .data               system_stm32f10x.o
    0x20000090   0x08004c4c   0x00000004   Data   RW         1486    .data               delay.o
    0x20000094   0x08004c50   0x00000014   Data   RW         1924    .data               stm32f10x_rcc.o
    0x200000a8   0x08004c64   0x00000010   Data   RW         3110    .data               segger_sysview.o
    0x200000b8   0x08004c74   0x00000004   Data   RW         3487    .data               segger_sysview_freertos.o
    0x200000bc   0x08004c78   0x00000004   Data   RW         3543    .data               systemview.o
    0x200000c0   0x08004c7c   0x00000004   Data   RW         3826    .data               ptc.o
    0x200000c4   0x08004c80   0x00000034   Data   RW         4064    .data               os_task.o
    0x200000f8        -       0x00000040   Zero   RW          393    .bss                queue.o
    0x20000138        -       0x000002e4   Zero   RW          642    .bss                tasks.o
    0x2000041c        -       0x00000028   Zero   RW          965    .bss                timers.o
    0x20000444        -       0x00005000   Zero   RW         1351    .bss                heap_4.o
    0x20005444        -       0x000004b8   Zero   RW         2877    .bss                segger_rtt.o
    0x200058fc        -       0x0000050b   Zero   RW         3108    .bss                segger_sysview.o
    0x20005e07   0x08004cb4   0x00000001   PAD
    0x20005e08        -       0x000000a0   Zero   RW         3484    .bss                segger_sysview_freertos.o
    0x20005ea8        -       0x0000000a   Zero   RW         3636    .bss                usart3_pm.o
    0x20005eb2        -       0x00000400   Zero   RW         3680    .bss                usart2_send.o
    0x200062b2   0x08004cb4   0x00000002   PAD
    0x200062b4        -       0x00000060   Zero   RW         4395    .bss                c_w.l(libspace.o)
    0x20006314   0x08004cb4   0x00000004   PAD
    0x20006318        -       0x00000200   Zero   RW            2    HEAP                startup_stm32f10x_hd.o
    0x20006518        -       0x00000400   Zero   RW            1    STACK               startup_stm32f10x_hd.o


==============================================================================

Image component sizes


      Code (inc. data)   RO Data    RW Data    ZI Data      Debug   Object Name

       522         22          0          0          0       4428   ads1115.o
        30          0          0          0          0       1655   bsp.o
       200         20          0          4          0       2477   delay.o
         0          0          0          0          0     279788   event_groups.o
       592        146          0         24      20480       3935   heap_4.o
       612         66          0          0          0       4226   iic_ads.o
        64          8          0          0          0        491   iic_hts.o
         4          0          0          0          0        396   iwdog.o
       148         16          0          0          0        976   led.o
       138          0          0          0          0       8046   list.o
        72         26          0          0          0        431   main.o
        44         10          0          0          0       1053   misc.o
       452         92         81         52          0       4014   os_task.o
       970        372          0         12          0      10009   port.o
        92          8          0          4          0       1080   ptc.o
      2000        264          0          0         64      15258   queue.o
       532         50          0          0       1208       8709   segger_rtt.o
      2376        192         26         16       1291      27510   segger_sysview.o
       128         82          0          0          0       1106   segger_sysview_config_freertos.o
       354         38         88          4        160       4742   segger_sysview_freertos.o
        64         26        304          0       1536        852   startup_stm32f10x_hd.o
       366         34          0          0          0       4726   stm32f10x_dma.o
       176          0          0          0          0       3069   stm32f10x_gpio.o
        22          4          0          8          0       2943   stm32f10x_it.o
        16          6          0          0          0        473   stm32f10x_iwdg.o
       268         46          0         20          0       6256   stm32f10x_rcc.o
        30          0          0          0          0       2609   stm32f10x_tim.o
       326         26          0          0          0       4234   stm32f10x_usart.o
      1320        346          0          0          0      12150   stream_buffer.o
       248         24          0         20          0       1889   system_stm32f10x.o
        28          6          0          4          0       2446   systemview.o
      3566        804          0         60        740      32280   tasks.o
        44          6          0          0          0        450   timer.o
      1144        262          0         20         40      16982   timers.o
       212         18          0          0       1024       1191   usart2_send.o
       148         60          0          0         10       3739   usart3_pm.o

    ----------------------------------------------------------------------
     17328       3080        536        248      26556     476619   Object Totals
         0          0         32          0          0          0   (incl. Generated)
        20          0          5          0          3          0   (incl. Padding)

    ----------------------------------------------------------------------

      Code (inc. data)   RO Data    RW Data    ZI Data      Debug   Library Member Name

         8          0          0          0          0         68   __main.o
       104          0          0          0          0         84   __printf.o
         0          0          0          0          0          0   __rtentry.o
        12          0          0          0          0          0   __rtentry2.o
         6          0          0          0          0          0   __rtentry4.o
        52          8          0          0          0          0   __scatter.o
        26          0          0          0          0          0   __scatter_copy.o
        28          0          0          0          0          0   __scatter_zi.o
        44          0          0          0          0        108   _printf_char.o
        48          6          0          0          0         96   _printf_char_common.o
        36          4          0          0          0         80   _printf_char_file.o
         6          0          0          0          0          0   _printf_d.o
       120         16          0          0          0         92   _printf_dec.o
       178          0          0          0          0         88   _printf_intcommon.o
         0          0          0          0          0          0   _printf_percent.o
         4          0          0          0          0          0   _printf_percent_end.o
         6          0          0          0          0          0   _printf_s.o
        82          0          0          0          0         80   _printf_str.o
        16          0          0          0          0         68   aeabi_memset.o
        18          0          0          0          0         80   exit.o
         8          0          0          0          0         68   ferror.o
         6          0          0          0          0        152   heapauxi.o
         0          0          0          0          0          0   indicate_semi.o
         2          0          0          0          0          0   libinit.o
         2          0          0          0          0          0   libinit2.o
         2          0          0          0          0          0   libshutdown.o
         2          0          0          0          0          0   libshutdown2.o
         8          4          0          0         96         68   libspace.o
        88          0          0          0          0         76   memcmp.o
        22          0          0          0          0         76   memset.o
        24          4          0          0          0         84   noretval__2printf.o
        68          0          0          0          0         68   rt_memclr.o
        78          0          0          0          0         80   rt_memclr_w.o
       138          0          0          0          0         68   rt_memcpy_v6.o
       100          0          0          0          0         80   rt_memcpy_w.o
         2          0          0          0          0          0   rtexit.o
        10          0          0          0          0          0   rtexit2.o
        72          0          0          0          0         80   strcpy.o
        12          4          0          0          0         68   sys_exit.o
        74          0          0          0          0         80   sys_stackheap_outer.o
         2          0          0          0          0         68   use_no_semi.o

    ----------------------------------------------------------------------
      1524         46          0          0        100       1960   Library Totals
        10          0          0          0          4          0   (incl. Padding)

    ----------------------------------------------------------------------

      Code (inc. data)   RO Data    RW Data    ZI Data      Debug   Library Name

      1514         46          0          0         96       1960   c_w.l

    ----------------------------------------------------------------------
      1524         46          0          0        100       1960   Library Totals

    ----------------------------------------------------------------------

==============================================================================


      Code (inc. data)   RO Data    RW Data    ZI Data      Debug   

     18852       3126        536        248      26656     468227   Grand Totals
     18852       3126        536        248      26656     468227   ELF Image Totals
     18852       3126        536        248          0          0   ROM Totals

==============================================================================

    Total RO  Size (Code + RO Data)                19388 (  18.93kB)
    Total RW  Size (RW Data + ZI Data)             26904 (  26.27kB)
    Total ROM Size (Code + RO Data + RW Data)      19636 (  19.18kB)

==============================================================================

