Component: ARM Compiler 5.06 update 5 (build 528) Tool: armlink [4d35e2]

==============================================================================

Section Cross References

    startup_stm32f10x_hd.o(STACK) refers (Special) to heapauxi.o(.text) for __use_two_region_memory
    startup_stm32f10x_hd.o(HEAP) refers (Special) to heapauxi.o(.text) for __use_two_region_memory
    startup_stm32f10x_hd.o(RESET) refers (Special) to heapauxi.o(.text) for __use_two_region_memory
    startup_stm32f10x_hd.o(RESET) refers to startup_stm32f10x_hd.o(STACK) for __initial_sp
    startup_stm32f10x_hd.o(RESET) refers to startup_stm32f10x_hd.o(.text) for Reset_Handler
    startup_stm32f10x_hd.o(RESET) refers to stm32f10x_it.o(i.NMI_Handler) for NMI_Handler
    startup_stm32f10x_hd.o(RESET) refers to stm32f10x_it.o(i.HardFault_Handler) for HardFault_Handler
    startup_stm32f10x_hd.o(RESET) refers to stm32f10x_it.o(i.MemManage_Handler) for MemManage_Handler
    startup_stm32f10x_hd.o(RESET) refers to stm32f10x_it.o(i.BusFault_Handler) for BusFault_Handler
    startup_stm32f10x_hd.o(RESET) refers to stm32f10x_it.o(i.UsageFault_Handler) for UsageFault_Handler
    startup_stm32f10x_hd.o(RESET) refers to port.o(.emb_text) for SVC_Handler
    startup_stm32f10x_hd.o(RESET) refers to stm32f10x_it.o(i.DebugMon_Handler) for DebugMon_Handler
    startup_stm32f10x_hd.o(RESET) refers to delay.o(i.SysTick_Handler) for SysTick_Handler
    startup_stm32f10x_hd.o(RESET) refers to usart3_pm.o(i.DMA1_Channel3_IRQHandler) for DMA1_Channel3_IRQHandler
    startup_stm32f10x_hd.o(RESET) refers to timer.o(i.TIM2_IRQHandler) for TIM2_IRQHandler
    startup_stm32f10x_hd.o(.text) refers (Special) to heapauxi.o(.text) for __use_two_region_memory
    startup_stm32f10x_hd.o(.text) refers to system_stm32f10x.o(i.SystemInit) for SystemInit
    startup_stm32f10x_hd.o(.text) refers to __main.o(!!!main) for __main
    startup_stm32f10x_hd.o(.text) refers to startup_stm32f10x_hd.o(HEAP) for Heap_Mem
    startup_stm32f10x_hd.o(.text) refers to startup_stm32f10x_hd.o(STACK) for Stack_Mem
    event_groups.o(i.vEventGroupClearBitsCallback) refers to event_groups.o(i.xEventGroupClearBits) for xEventGroupClearBits
    event_groups.o(i.vEventGroupDelete) refers to _printf_percent.o(.ARM.Collect$$_printf_percent$$00000000) for _printf_percent
    event_groups.o(i.vEventGroupDelete) refers to _printf_d.o(.ARM.Collect$$_printf_percent$$00000009) for _printf_d
    event_groups.o(i.vEventGroupDelete) refers to _printf_s.o(.ARM.Collect$$_printf_percent$$00000014) for _printf_s
    event_groups.o(i.vEventGroupDelete) refers to _printf_dec.o(.text) for _printf_int_dec
    event_groups.o(i.vEventGroupDelete) refers to _printf_str.o(.text) for _printf_str
    event_groups.o(i.vEventGroupDelete) refers to tasks.o(i.vTaskSuspendAll) for vTaskSuspendAll
    event_groups.o(i.vEventGroupDelete) refers to noretval__2printf.o(.text) for __2printf
    event_groups.o(i.vEventGroupDelete) refers to tasks.o(i.vTaskRemoveFromUnorderedEventList) for vTaskRemoveFromUnorderedEventList
    event_groups.o(i.vEventGroupDelete) refers to heap_4.o(i.vPortFree) for vPortFree
    event_groups.o(i.vEventGroupDelete) refers to tasks.o(i.xTaskResumeAll) for xTaskResumeAll
    event_groups.o(i.vEventGroupSetBitsCallback) refers to event_groups.o(i.xEventGroupSetBits) for xEventGroupSetBits
    event_groups.o(i.xEventGroupClearBits) refers to _printf_percent.o(.ARM.Collect$$_printf_percent$$00000000) for _printf_percent
    event_groups.o(i.xEventGroupClearBits) refers to _printf_d.o(.ARM.Collect$$_printf_percent$$00000009) for _printf_d
    event_groups.o(i.xEventGroupClearBits) refers to _printf_s.o(.ARM.Collect$$_printf_percent$$00000014) for _printf_s
    event_groups.o(i.xEventGroupClearBits) refers to _printf_dec.o(.text) for _printf_int_dec
    event_groups.o(i.xEventGroupClearBits) refers to _printf_str.o(.text) for _printf_str
    event_groups.o(i.xEventGroupClearBits) refers to noretval__2printf.o(.text) for __2printf
    event_groups.o(i.xEventGroupClearBits) refers to port.o(i.vPortEnterCritical) for vPortEnterCritical
    event_groups.o(i.xEventGroupClearBits) refers to port.o(i.vPortExitCritical) for vPortExitCritical
    event_groups.o(i.xEventGroupClearBitsFromISR) refers to timers.o(i.xTimerPendFunctionCallFromISR) for xTimerPendFunctionCallFromISR
    event_groups.o(i.xEventGroupClearBitsFromISR) refers to event_groups.o(i.vEventGroupClearBitsCallback) for vEventGroupClearBitsCallback
    event_groups.o(i.xEventGroupCreate) refers to heap_4.o(i.pvPortMalloc) for pvPortMalloc
    event_groups.o(i.xEventGroupCreate) refers to list.o(i.vListInitialise) for vListInitialise
    event_groups.o(i.xEventGroupSetBits) refers to _printf_percent.o(.ARM.Collect$$_printf_percent$$00000000) for _printf_percent
    event_groups.o(i.xEventGroupSetBits) refers to _printf_d.o(.ARM.Collect$$_printf_percent$$00000009) for _printf_d
[...]
    i.prvAddNewTaskToReadyList               0x0800259c   Section        0  tasks.o(i.prvAddNewTaskToReadyList)
    prvAddNewTaskToReadyList                 0x0800259d   Thumb Code   222  tasks.o(i.prvAddNewTaskToReadyList)
    i.prvCheckForValidListAndQueue           0x0800268c   Section        0  timers.o(i.prvCheckForValidListAndQueue)
    prvCheckForValidListAndQueue             0x0800268d   Thumb Code    62  timers.o(i.prvCheckForValidListAndQueue)
    i.prvCopyDataFromQueue                   0x080026dc   Section        0  queue.o(i.prvCopyDataFromQueue)
    prvCopyDataFromQueue                     0x080026dd   Thumb Code    38  queue.o(i.prvCopyDataFromQueue)
    i.prvCopyDataToQueue                     0x08002702   Section        0  queue.o(i.prvCopyDataToQueue)
    prvCopyDataToQueue                       0x08002703   Thumb Code   108  queue.o(i.prvCopyDataToQueue)
    i.prvDeleteTCB                           0x0800276e   Section        0  tasks.o(i.prvDeleteTCB)
    prvDeleteTCB                             0x0800276f   Thumb Code    20  tasks.o(i.prvDeleteTCB)
    i.prvHeapInit                            0x08002784   Section        0  heap_4.o(i.prvHeapInit)
    prvHeapInit                              0x08002785   Thumb Code    66  heap_4.o(i.prvHeapInit)
    i.prvIdleTask                            0x080027d0   Section        0  tasks.o(i.prvIdleTask)
    prvIdleTask                              0x080027d1   Thumb Code    80  tasks.o(i.prvIdleTask)
    i.prvInitialiseNewTask                   0x0800282c   Section        0  tasks.o(i.prvInitialiseNewTask)
    prvInitialiseNewTask                     0x0800282d   Thumb Code   168  tasks.o(i.prvInitialiseNewTask)
    i.prvInsertBlockIntoFreeList             0x080028fc   Section        0  heap_4.o(i.prvInsertBlockIntoFreeList)
    prvInsertBlockIntoFreeList               0x080028fd   Thumb Code    72  heap_4.o(i.prvInsertBlockIntoFreeList)
    i.prvInsertTimerInActiveList             0x08002948   Section        0  timers.o(i.prvInsertTimerInActiveList)
    prvInsertTimerInActiveList               0x08002949   Thumb Code    52  timers.o(i.prvInsertTimerInActiveList)
    i.prvIsQueueEmpty                        0x08002980   Section        0  queue.o(i.prvIsQueueEmpty)
    prvIsQueueEmpty                          0x08002981   Thumb Code    26  queue.o(i.prvIsQueueEmpty)
    i.prvNotifyQueueSetContainer             0x0800299c   Section        0  queue.o(i.prvNotifyQueueSetContainer)
    prvNotifyQueueSetContainer               0x0800299d   Thumb Code   126  queue.o(i.prvNotifyQueueSetContainer)
    i.prvProcessExpiredTimer                 0x08002a44   Section        0  timers.o(i.prvProcessExpiredTimer)
    prvProcessExpiredTimer                   0x08002a45   Thumb Code    86  timers.o(i.prvProcessExpiredTimer)
    i.prvProcessReceivedCommands             0x08002aa4   Section        0  timers.o(i.prvProcessReceivedCommands)
    prvProcessReceivedCommands               0x08002aa5   Thumb Code   194  timers.o(i.prvProcessReceivedCommands)
    i.prvProcessTimerOrBlockTask             0x08002b94   Section        0  timers.o(i.prvProcessTimerOrBlockTask)
    prvProcessTimerOrBlockTask               0x08002b95   Thumb Code    98  timers.o(i.prvProcessTimerOrBlockTask)
    i.prvResetNextTaskUnblockTime            0x08002c00   Section        0  tasks.o(i.prvResetNextTaskUnblockTime)
    prvResetNextTaskUnblockTime              0x08002c01   Thumb Code    26  tasks.o(i.prvResetNextTaskUnblockTime)
    i.prvSampleTimeNow                       0x08002c20   Section        0  timers.o(i.prvSampleTimeNow)
    prvSampleTimeNow                         0x08002c21   Thumb Code    36  timers.o(i.prvSampleTimeNow)
    i.prvSwitchTimerLists                    0x08002c48   Section        0  timers.o(i.prvSwitchTimerLists)
    prvSwitchTimerLists                      0x08002c49   Thumb Code   100  timers.o(i.prvSwitchTimerLists)
    i.prvTaskExitError                       0x08002cb4   Section        0  port.o(i.prvTaskExitError)
    prvTaskExitError                         0x08002cb5   Thumb Code    34  port.o(i.prvTaskExitError)
    i.prvTimerTask                           0x08002d18   Section        0  timers.o(i.prvTimerTask)
    prvTimerTask                             0x08002d19   Thumb Code    34  timers.o(i.prvTimerTask)
    i.prvUnlockQueue                         0x08002d40   Section        0  queue.o(i.prvUnlockQueue)
    prvUnlockQueue                           0x08002d41   Thumb Code   120  queue.o(i.prvUnlockQueue)
    i.pvPortMalloc                           0x08002db8   Section        0  heap_4.o(i.pvPortMalloc)
    i.pxPortInitialiseStack                  0x08002ed0   Section        0  port.o(i.pxPortInitialiseStack)
    i.timercontrol_task                      0x08002ef4   Section        0  main.o(i.timercontrol_task)
    i.uxListRemove                           0x08002f1c   Section        0  list.o(i.uxListRemove)
    i.vListInitialise                        0x08002f42   Section        0  list.o(i.vListInitialise)
    i.vListInitialiseItem                    0x08002f58   Section        0  list.o(i.vListInitialiseItem)
    i.vListInsert                            0x08002f5e   Section        0  list.o(i.vListInsert)
    i.vListInsertEnd                         0x08002f8e   Section        0  list.o(i.vListInsertEnd)
    i.vPortEnterCritical                     0x08002fa8   Section        0  port.o(i.vPortEnterCritical)
    i.vPortExitCritical                      0x08003020   Section        0  port.o(i.vPortExitCritical)
    i.vPortFree                              0x08003084   Section        0  heap_4.o(i.vPortFree)
    i.vPortSetupTimerInterrupt               0x08003124   Section        0  port.o(i.vPortSetupTimerInterrupt)
    i.vPortValidateInterruptPriority         0x08003148   Section        0  port.o(i.vPortValidateInterruptPriority)
    i.vQueueAddToRegistry                    0x080031d4   Section        0  queue.o(i.vQueueAddToRegistry)
    i.vQueueWaitForMessageRestricted         0x0800320c   Section        0  queue.o(i.vQueueWaitForMessageRestricted)
    i.vTaskDelay                             0x08003250   Section        0  tasks.o(i.vTaskDelay)
    i.vTaskDelete                            0x080032c8   Section        0  tasks.o(i.vTaskDelete)
    i.vTaskInternalSetTimeOutState           0x080033ac   Section        0  tasks.o(i.vTaskInternalSetTimeOutState)
    i.vTaskMissedYield                       0x080033bc   Section        0  tasks.o(i.vTaskMissedYield)
    i.vTaskPlaceOnEventList                  0x080033c8   Section        0  tasks.o(i.vTaskPlaceOnEventList)
    i.vTaskPlaceOnEventListRestricted        0x08003420   Section        0  tasks.o(i.vTaskPlaceOnEventListRestricted)
    i.vTaskStartScheduler                    0x08003488   Section        0  tasks.o(i.vTaskStartScheduler)
    i.vTaskSuspendAll                        0x08003534   Section        0  tasks.o(i.vTaskSuspendAll)
    i.vTaskSwitchContext                     0x08003544   Section        0  tasks.o(i.vTaskSwitchContext)
    i.xPortStartScheduler                    0x080035dc   Section        0  port.o(i.xPortStartScheduler)
    i.xPortSysTickHandler                    0x080036d0   Section        0  port.o(i.xPortSysTickHandler)
    i.xQueueGenericCreate                    0x080036fc   Section        0  queue.o(i.xQueueGenericCreate)
    i.xQueueGenericReset                     0x08003784   Section        0  queue.o(i.xQueueGenericReset)
    i.xQueueGenericSend                      0x08003830   Section        0  queue.o(i.xQueueGenericSend)
    i.xQueueGenericSendFromISR               0x080039ec   Section        0  queue.o(i.xQueueGenericSendFromISR)
    i.xQueueReceive                          0x08003af0   Section        0  queue.o(i.xQueueReceive)
    i.xTaskCheckForTimeOut                   0x08003c84   Section        0  tasks.o(i.xTaskCheckForTimeOut)
    i.xTaskCreate                            0x08003d18   Section        0  tasks.o(i.xTaskCreate)
    i.xTaskGetSchedulerState                 0x08003d70   Section        0  tasks.o(i.xTaskGetSchedulerState)
    i.xTaskGetTickCount                      0x08003d8c   Section        0  tasks.o(i.xTaskGetTickCount)
    i.xTaskGetTickCountFromISR               0x08003d98   Section        0  tasks.o(i.xTaskGetTickCountFromISR)
    i.xTaskIncrementTick                     0x08003da8   Section        0  tasks.o(i.xTaskIncrementTick)
    i.xTaskPriorityDisinherit                0x08003e9c   Section        0  tasks.o(i.xTaskPriorityDisinherit)
    i.xTaskRemoveFromEventList               0x08003f68   Section        0  tasks.o(i.xTaskRemoveFromEventList)
    i.xTaskResumeAll                         0x08004008   Section        0  tasks.o(i.xTaskResumeAll)
    i.xTimerCreate                           0x080040f8   Section        0  timers.o(i.xTimerCreate)
    i.xTimerCreateTimerTask                  0x0800416c   Section        0  timers.o(i.xTimerCreateTimerTask)
    i.xTimerGenericCommand                   0x080041e0   Section        0  timers.o(i.xTimerGenericCommand)
    .constdata                               0x08004270   Section       26  segger_sysview.o(.constdata)
    _abSync                                  0x08004270   Data          10  segger_sysview.o(.constdata)
    _aV2C                                    0x0800427a   Data          16  segger_sysview.o(.constdata)
    .constdata                               0x0800428c   Section        8  segger_sysview_freertos.o(.constdata)
    .conststring                             0x08004294   Section       80  segger_sysview_freertos.o(.conststring)
    .data                                    0x20000000   Section       60  tasks.o(.data)
    uxDeletedTasksWaitingCleanUp             0x20000004   Data           4  tasks.o(.data)
    uxCurrentNumberOfTasks                   0x20000008   Data           4  tasks.o(.data)
    xTickCount                               0x2000000c   Data           4  tasks.o(.data)
    uxTopReadyPriority                       0x20000010   Data           4  tasks.o(.data)
    xSchedulerRunning                        0x20000014   Data           4  tasks.o(.data)
    uxPendedTicks                            0x20000018   Data           4  tasks.o(.data)
    xYieldPending                            0x2000001c   Data           4  tasks.o(.data)
    xNumOfOverflows                          0x20000020   Data           4  tasks.o(.data)
    uxTaskNumber                             0x20000024   Data           4  tasks.o(.data)
    xNextTaskUnblockTime                     0x20000028   Data           4  tasks.o(.data)
    xIdleTaskHandle                          0x2000002c   Data           4  tasks.o(.data)
    uxSchedulerSuspended                     0x20000030   Data           4  tasks.o(.data)
    pxDelayedTaskList                        0x20000034   Data           4  tasks.o(.data)
    pxOverflowDelayedTaskList                0x20000038   Data           4  tasks.o(.data)
    .data                                    0x2000003c   Section       20  timers.o(.data)
    xTimerQueue                              0x2000003c   Data           4  timers.o(.data)
    xTimerTaskHandle                         0x20000040   Data           4  timers.o(.data)
    xLastTime                                0x20000044   Data           4  timers.o(.data)
    pxCurrentTimerList                       0x20000048   Data           4  timers.o(.data)
    pxOverflowTimerList                      0x2000004c   Data           4  timers.o(.data)
    .data                                    0x20000050   Section       12  port.o(.data)
    ucMaxSysCallPriority                     0x20000050   Data           1  port.o(.data)
    uxCriticalNesting                        0x20000054   Data           4  port.o(.data)
    ulMaxPRIGROUPValue                       0x20000058   Data           4  port.o(.data)
    .data                                    0x2000005c   Section       24  heap_4.o(.data)
    pxEnd                                    0x2000005c   Data           4  heap_4.o(.data)
    xFreeBytesRemaining                      0x20000060   Data           4  heap_4.o(.data)
    xMinimumEverFreeBytesRemaining           0x20000064   Data           4  heap_4.o(.data)
    xBlockAllocatedBit                       0x20000068   Data           4  heap_4.o(.data)
    xStart                                   0x2000006c   Data           8  heap_4.o(.data)
    .data                                    0x20000074   Section        4  stm32f10x_it.o(.data)
    .data                                    0x20000078   Section        4  stm32f10x_it.o(.data)
    .data                                    0x2000007c   Section       20  system_stm32f10x.o(.data)
    .data                                    0x20000090   Section        4  delay.o(.data)
    fac_us                                   0x20000090   Data           1  delay.o(.data)
    fac_ms                                   0x20000092   Data           2  delay.o(.data)
    .data                                    0x20000094   Section       20  stm32f10x_rcc.o(.data)
    ADCPrescTable                            0x20000094   Data           4  stm32f10x_rcc.o(.data)
    APBAHBPrescTable                         0x20000098   Data          16  stm32f10x_rcc.o(.data)
    .data                                    0x200000a8   Section       16  segger_sysview.o(.data)
    _NumModules                              0x200000a8   Data           1  segger_sysview.o(.data)
    _pFirstModule                            0x200000ac   Data           4  segger_sysview.o(.data)
    _DownBuffer                              0x200000b0   Data           8  segger_sysview.o(.data)
    .data                                    0x200000b8   Section        4  segger_sysview_freertos.o(.data)
    _NumTasks                                0x200000b8   Data           4  segger_sysview_freertos.o(.data)
    .data                                    0x200000bc   Section        4  systemview.o(.data)
    .data                                    0x200000c0   Section        4  ptc.o(.data)
    .data                                    0x200000c4   Section        2  app.o(.data)
    .data                                    0x200000c6   Section        2  app.o(.data)
    .data                                    0x200000c8   Section       28  main.o(.data)
    .bss                                     0x200000e4   Section       64  queue.o(.bss)
    .bss                                     0x20000124   Section      740  tasks.o(.bss)
    pxReadyTasksLists                        0x20000124   Data         640  tasks.o(.bss)
    xDelayedTaskList1                        0x200003a4   Data          20  tasks.o(.bss)
    xDelayedTaskList2                        0x200003b8   Data          20  tasks.o(.bss)
    xPendingReadyList                        0x200003cc   Data          20  tasks.o(.bss)
    xTasksWaitingTermination                 0x200003e0   Data          20  tasks.o(.bss)
    xSuspendedTaskList                       0x200003f4   Data          20  tasks.o(.bss)
    .bss                                     0x20000408   Section       40  timers.o(.bss)
    xActiveTimerList1                        0x20000408   Data          20  timers.o(.bss)
    xActiveTimerList2                        0x2000041c   Data          20  timers.o(.bss)
    .bss                                     0x20000430   Section    20480  heap_4.o(.bss)
    ucHeap                                   0x20000430   Data       20480  heap_4.o(.bss)
    .bss                                     0x20005430   Section     1208  segger_rtt.o(.bss)
    _acUpBuffer                              0x200054d8   Data        1024  segger_rtt.o(.bss)
    _acDownBuffer                            0x200058d8   Data          16  segger_rtt.o(.bss)
    .bss                                     0x200058e8   Section     1291  segger_sysview.o(.bss)
    _UpBuffer                                0x200058e8   Data        1024  segger_sysview.o(.bss)
    _SYSVIEW_Globals                         0x20005ce8   Data          40  segger_sysview.o(.bss)
    _aPacket                                 0x20005d10   Data         227  segger_sysview.o(.bss)
    .bss                                     0x20005df4   Section      160  segger_sysview_freertos.o(.bss)
    _aTasks                                  0x20005df4   Data         160  segger_sysview_freertos.o(.bss)
    .bss                                     0x20005e94   Section       30  usart3_pm.o(.bss)
    .bss                                     0x20005eb2   Section     1024  usart2_send.o(.bss)
    .bss                                     0x200062b4   Section       96  libspace.o(.bss)
    HEAP                                     0x20006318   Section      512  startup_stm32f10x_hd.o(HEAP)
    Heap_Mem                                 0x20006318   Data         512  startup_stm32f10x_hd.o(HEAP)
    STACK                                    0x20006518   Section     1024  startup_stm32f10x_hd.o(STACK)
    Stack_Mem                                0x20006518   Data        1024  startup_stm32f10x_hd.o(STACK)
    __initial_sp                             0x20006918   Data           0  startup_stm32f10x_hd.o(STACK)

    Global Symbols

    Symbol Name                              Value     Ov Type        Size  Object(Section)

    BuildAttributes$$THM_ISAv4$P$D$K$B$S$PE$A:L22UL41UL21$X:L11$S22US41US21$IEEE1$IW$USESV6$~STKCKD$USESV7$~SHL$OTIME$ROPI$IEEEX$EBA8$UX$STANDARDLIB$REQ8$PRES8$EABIv2 0x00000000   Number         0  anon$$obj.o ABSOLUTE
    __ARM_use_no_argv                        0x00000000   Number         0  main.o ABSOLUTE
    __ARM_exceptions_init                     - Undefined Weak Reference
    __alloca_initialize                       - Undefined Weak Reference
    __arm_preinit_                            - Undefined Weak Reference
    __cpp_initialize__aeabi_                  - Undefined Weak Reference
    __cxa_finalize                            - Undefined Weak Reference
    __sigvec_lookup                           - Undefined Weak Reference
    _atexit_init                              - Undefined Weak Reference
    _call_atexit_fns                          - Undefined Weak Reference
    _clock_init                               - Undefined Weak Reference
    _fp_trap_init                             - Undefined Weak Reference
    _fp_trap_shutdown                         - Undefined Weak Reference
    _get_lc_collate                           - Undefined Weak Reference
    _get_lc_monetary                          - Undefined Weak Reference
    _get_lc_numeric                           - Undefined Weak Reference
    _get_lc_time                              - Undefined Weak Reference
    _getenv_init                              - Undefined Weak Reference
    _handle_redirection                       - Undefined Weak Reference
    _init_alloc                               - Undefined Weak Reference
    _init_user_alloc                          - Undefined Weak Reference
    _initio                                   - Undefined Weak Reference
    _mutex_acquire                            - Undefined Weak Reference
    _mutex_release                            - Undefined Weak Reference
    _printf_mbtowc                            - Undefined Weak Reference
    _printf_post_padding                      - Undefined Weak Reference
    _printf_pre_padding                       - Undefined Weak Reference
    _printf_truncate_signed                   - Undefined Weak Reference
    _printf_truncate_unsigned                 - Undefined Weak Reference
    _rand_init                                - Undefined Weak Reference
    _signal_finish                            - Undefined Weak Reference
    _signal_init                              - Undefined Weak Reference
    _terminate_alloc                          - Undefined Weak Reference
    _terminate_user_alloc                     - Undefined Weak Reference
    _terminateio                              - Undefined Weak Reference
    __Vectors_Size                           0x00000130   Number         0  startup_stm32f10x_hd.o ABSOLUTE
    __Vectors                                0x08000000   Data           4  startup_stm32f10x_hd.o(RESET)
    __Vectors_End                            0x08000130   Data           0  startup_stm32f10x_hd.o(RESET)
    __main                                   0x08000131   Thumb Code     8  __main.o(!!!main)
    __scatterload                            0x08000139   Thumb Code     0  __scatter.o(!!!scatter)
    __scatterload_rt2                        0x08000139   Thumb Code    44  __scatter.o(!!!scatter)
    __scatterload_rt2_thumb_only             0x08000139   Thumb Code     0  __scatter.o(!!!scatter)
    __scatterload_null                       0x08000147   Thumb Code     0  __scatter.o(!!!scatter)
    __scatterload_copy                       0x0800016d   Thumb Code    26  __scatter_copy.o(!!handler_copy)
    __scatterload_zeroinit                   0x08000189   Thumb Code    28  __scatter_zi.o(!!handler_zi)
    _printf_d                                0x080001a5   Thumb Code     0  _printf_d.o(.ARM.Collect$$_printf_percent$$00000009)
    _printf_percent                          0x080001a5   Thumb Code     0  _printf_percent.o(.ARM.Collect$$_printf_percent$$00000000)
    _printf_s                                0x080001ab   Thumb Code     0  _printf_s.o(.ARM.Collect$$_printf_percent$$00000014)
    _printf_percent_end                      0x080001b1   Thumb Code     0  _printf_percent_end.o(.ARM.Collect$$_printf_percent$$00000017)
    __rt_lib_init                            0x080001b5   Thumb Code     0  libinit.o(.ARM.Collect$$libinit$$00000000)
    __rt_lib_init_alloca_1                   0x080001b7   Thumb Code     0  libinit2.o(.ARM.Collect$$libinit$$0000002E)
    __rt_lib_init_argv_1                     0x080001b7   Thumb Code     0  libinit2.o(.ARM.Collect$$libinit$$0000002C)
    __rt_lib_init_atexit_1                   0x080001b7   Thumb Code     0  libinit2.o(.ARM.Collect$$libinit$$0000001B)
    __rt_lib_init_clock_1                    0x080001b7   Thumb Code     0  libinit2.o(.ARM.Collect$$libinit$$00000021)
    __rt_lib_init_cpp_1                      0x080001b7   Thumb Code     0  libinit2.o(.ARM.Collect$$libinit$$00000032)
    __rt_lib_init_exceptions_1               0x080001b7   Thumb Code     0  libinit2.o(.ARM.Collect$$libinit$$00000030)
    __rt_lib_init_fp_1                       0x080001b7   Thumb Code     0  libinit2.o(.ARM.Collect$$libinit$$00000002)
    __rt_lib_init_fp_trap_1                  0x080001b7   Thumb Code     0  libinit2.o(.ARM.Collect$$libinit$$0000001F)
    __rt_lib_init_getenv_1                   0x080001b7   Thumb Code     0  libinit2.o(.ARM.Collect$$libinit$$00000023)
    __rt_lib_init_heap_1                     0x080001b7   Thumb Code     0  libinit2.o(.ARM.Collect$$libinit$$0000000A)
    __rt_lib_init_lc_collate_1               0x080001b7   Thumb Code     0  libinit2.o(.ARM.Collect$$libinit$$00000011)
    __rt_lib_init_lc_ctype_1                 0x080001b7   Thumb Code     0  libinit2.o(.ARM.Collect$$libinit$$00000013)
    __rt_lib_init_lc_monetary_1              0x080001b7   Thumb Code     0  libinit2.o(.ARM.Collect$$libinit$$00000015)
    __rt_lib_init_lc_numeric_1               0x080001b7   Thumb Code     0  libinit2.o(.ARM.Collect$$libinit$$00000017)
    __rt_lib_init_lc_time_1                  0x080001b7   Thumb Code     0  libinit2.o(.ARM.Collect$$libinit$$00000019)
    __rt_lib_init_preinit_1                  0x080001b7   Thumb Code     0  libinit2.o(.ARM.Collect$$libinit$$00000004)
    __rt_lib_init_rand_1                     0x080001b7   Thumb Code     0  libinit2.o(.ARM.Collect$$libinit$$0000000E)
    __rt_lib_init_return                     0x080001b7   Thumb Code     0  libinit2.o(.ARM.Collect$$libinit$$00000033)
    __rt_lib_init_signal_1                   0x080001b7   Thumb Code     0  libinit2.o(.ARM.Collect$$libinit$$0000001D)
    __rt_lib_init_stdio_1                    0x080001b7   Thumb Code     0  libinit2.o(.ARM.Collect$$libinit$$00000025)
    __rt_lib_init_user_alloc_1               0x080001b7   Thumb Code     0  libinit2.o(.ARM.Collect$$libinit$$0000000C)
    __rt_lib_shutdown                        0x080001b9   Thumb Code     0  libshutdown.o(.ARM.Collect$$libshutdown$$00000000)
    __rt_lib_shutdown_cpp_1                  0x080001bb   Thumb Code     0  libshutdown2.o(.ARM.Collect$$libshutdown$$00000002)
    __rt_lib_shutdown_fp_trap_1              0x080001bb   Thumb Code     0  libshutdown2.o(.ARM.Collect$$libshutdown$$00000007)
    __rt_lib_shutdown_heap_1                 0x080001bb   Thumb Code     0  libshutdown2.o(.ARM.Collect$$libshutdown$$0000000F)
    __rt_lib_shutdown_return                 0x080001bb   Thumb Code     0  libshutdown2.o(.ARM.Collect$$libshutdown$$00000010)
    __rt_lib_shutdown_signal_1               0x080001bb   Thumb Code     0  libshutdown2.o(.ARM.Collect$$libshutdown$$0000000A)
    __rt_lib_shutdown_stdio_1                0x080001bb   Thumb Code     0  libshutdown2.o(.ARM.Collect$$libshutdown$$00000004)
    __rt_lib_shutdown_user_alloc_1           0x080001bb   Thumb Code     0  libshutdown2.o(.ARM.Collect$$libshutdown$$0000000C)
    __rt_entry                               0x080001bd   Thumb Code     0  __rtentry.o(.ARM.Collect$$rtentry$$00000000)
    __rt_entry_presh_1                       0x080001bd   Thumb Code     0  __rtentry2.o(.ARM.Collect$$rtentry$$00000002)
    __rt_entry_sh                            0x080001bd   Thumb Code     0  __rtentry4.o(.ARM.Collect$$rtentry$$00000004)
    __rt_entry_li                            0x080001c3   Thumb Code     0  __rtentry2.o(.ARM.Collect$$rtentry$$0000000A)
    __rt_entry_postsh_1                      0x080001c3   Thumb Code     0  __rtentry2.o(.ARM.Collect$$rtentry$$00000009)
    __rt_entry_main                          0x080001c7   Thumb Code     0  __rtentry2.o(.ARM.Collect$$rtentry$$0000000D)
    __rt_entry_postli_1                      0x080001c7   Thumb Code     0  __rtentry2.o(.ARM.Collect$$rtentry$$0000000C)
    __rt_exit                                0x080001cf   Thumb Code     0  rtexit.o(.ARM.Collect$$rtexit$$00000000)
    __rt_exit_ls                             0x080001d1   Thumb Code     0  rtexit2.o(.ARM.Collect$$rtexit$$00000003)
    __rt_exit_prels_1                        0x080001d1   Thumb Code     0  rtexit2.o(.ARM.Collect$$rtexit$$00000002)
    __rt_exit_exit                           0x080001d5   Thumb Code     0  rtexit2.o(.ARM.Collect$$rtexit$$00000004)
    SVC_Handler                              0x080001dd   Thumb Code    32  port.o(.emb_text)
    __asm___6_port_c_39a90d8d__prvStartFirstTask 0x08000201   Thumb Code    28  port.o(.emb_text)
    PendSV_Handler                           0x08000221   Thumb Code    72  port.o(.emb_text)
    vPortGetIPSR                             0x0800026d   Thumb Code     6  port.o(.emb_text)
    Reset_Handler                            0x08000275   Thumb Code     8  startup_stm32f10x_hd.o(.text)
    ADC1_2_IRQHandler                        0x0800028f   Thumb Code     0  startup_stm32f10x_hd.o(.text)
    ADC3_IRQHandler                          0x0800028f   Thumb Code     0  startup_stm32f10x_hd.o(.text)
    CAN1_RX1_IRQHandler                      0x0800028f   Thumb Code     0  startup_stm32f10x_hd.o(.text)
    CAN1_SCE_IRQHandler                      0x0800028f   Thumb Code     0  startup_stm32f10x_hd.o(.text)
    DMA1_Channel1_IRQHandler                 0x0800028f   Thumb Code     0  startup_stm32f10x_hd.o(.text)
    DMA1_Channel2_IRQHandler                 0x0800028f   Thumb Code     0  startup_stm32f10x_hd.o(.text)
    DMA1_Channel4_IRQHandler                 0x0800028f   Thumb Code     0  startup_stm32f10x_hd.o(.text)
    DMA1_Channel5_IRQHandler                 0x0800028f   Thumb Code     0  startup_stm32f10x_hd.o(.text)
    DMA1_Channel6_IRQHandler                 0x0800028f   Thumb Code     0  startup_stm32f10x_hd.o(.text)
    DMA1_Channel7_IRQHandler                 0x0800028f   Thumb Code     0  startup_stm32f10x_hd.o(.text)
    DMA2_Channel1_IRQHandler                 0x0800028f   Thumb Code     0  startup_stm32f10x_hd.o(.text)
    DMA2_Channel2_IRQHandler                 0x0800028f   Thumb Code     0  startup_stm32f10x_hd.o(.text)
    DMA2_Channel3_IRQHandler                 0x0800028f   Thumb Code     0  startup_stm32f10x_hd.o(.text)
    DMA2_Channel4_5_IRQHandler               0x0800028f   Thumb Code     0  startup_stm32f10x_hd.o(.text)
    EXTI0_IRQHandler                         0x0800028f   Thumb Code     0  startup_stm32f10x_hd.o(.text)
    EXTI15_10_IRQHandler                     0x0800028f   Thumb Code     0  startup_stm32f10x_hd.o(.text)
    EXTI1_IRQHandler                         0x0800028f   Thumb Code     0  startup_stm32f10x_hd.o(.text)
    EXTI2_IRQHandler                         0x0800028f   Thumb Code     0  startup_stm32f10x_hd.o(.text)
    EXTI3_IRQHandler                         0x0800028f   Thumb Code     0  startup_stm32f10x_hd.o(.text)
    EXTI4_IRQHandler                         0x0800028f   Thumb Code     0  startup_stm32f10x_hd.o(.text)
    EXTI9_5_IRQHandler                       0x0800028f   Thumb Code     0  startup_stm32f10x_hd.o(.text)
    FLASH_IRQHandler                         0x0800028f   Thumb Code     0  startup_stm32f10x_hd.o(.text)
    FSMC_IRQHandler                          0x0800028f   Thumb Code     0  startup_stm32f10x_hd.o(.text)
    I2C1_ER_IRQHandler                       0x0800028f   Thumb Code     0  startup_stm32f10x_hd.o(.text)
    I2C1_EV_IRQHandler                       0x0800028f   Thumb Code     0  startup_stm32f10x_hd.o(.text)
    I2C2_ER_IRQHandler                       0x0800028f   Thumb Code     0  startup_stm32f10x_hd.o(.text)
    I2C2_EV_IRQHandler                       0x0800028f   Thumb Code     0  startup_stm32f10x_hd.o(.text)
    PVD_IRQHandler                           0x0800028f   Thumb Code     0  startup_stm32f10x_hd.o(.text)
    RCC_IRQHandler                           0x0800028f   Thumb Code     0  startup_stm32f10x_hd.o(.text)
    RTCAlarm_IRQHandler                      0x0800028f   Thumb Code     0  startup_stm32f10x_hd.o(.text)
    RTC_IRQHandler                           0x0800028f   Thumb Code     0  startup_stm32f10x_hd.o(.text)
    SDIO_IRQHandler                          0x0800028f   Thumb Code     0  startup_stm32f10x_hd.o(.text)
    SPI1_IRQHandler                          0x0800028f   Thumb Code     0  startup_stm32f10x_hd.o(.text)
    SPI2_IRQHandler                          0x0800028f   Thumb Code     0  startup_stm32f10x_hd.o(.text)
    SPI3_IRQHandler                          0x0800028f   Thumb Code     0  startup_stm32f10x_hd.o(.text)
    TAMPER_IRQHandler                        0x0800028f   Thumb Code     0  startup_stm32f10x_hd.o(.text)
    TIM1_BRK_IRQHandler                      0x0800028f   Thumb Code     0  startup_stm32f10x_hd.o(.text)
    TIM1_CC_IRQHandler                       0x0800028f   Thumb Code     0  startup_stm32f10x_hd.o(.text)
    TIM1_TRG_COM_IRQHandler                  0x0800028f   Thumb Code     0  startup_stm32f10x_hd.o(.text)
    TIM1_UP_IRQHandler                       0x0800028f   Thumb Code     0  startup_stm32f10x_hd.o(.text)
    TIM3_IRQHandler                          0x0800028f   Thumb Code     0  startup_stm32f10x_hd.o(.text)
    TIM4_IRQHandler                          0x0800028f   Thumb Code     0  startup_stm32f10x_hd.o(.text)
    TIM5_IRQHandler                          0x0800028f   Thumb Code     0  startup_stm32f10x_hd.o(.text)
    TIM6_IRQHandler                          0x0800028f   Thumb Code     0  startup_stm32f10x_hd.o(.text)
    TIM7_IRQHandler                          0x0800028f   Thumb Code     0  startup_stm32f10x_hd.o(.text)
    TIM8_BRK_IRQHandler                      0x0800028f   Thumb Code     0  startup_stm32f10x_hd.o(.text)
    TIM8_CC_IRQHandler                       0x0800028f   Thumb Code     0  startup_stm32f10x_hd.o(.text)
    TIM8_TRG_COM_IRQHandler                  0x0800028f   Thumb Code     0  startup_stm32f10x_hd.o(.text)
    TIM8_UP_IRQHandler                       0x0800028f   Thumb Code     0  startup_stm32f10x_hd.o(.text)
    UART4_IRQHandler                         0x0800028f   Thumb Code     0  startup_stm32f10x_hd.o(.text)
    UART5_IRQHandler                         0x0800028f   Thumb Code     0  startup_stm32f10x_hd.o(.text)
    USART1_IRQHandler                        0x0800028f   Thumb Code     0  startup_stm32f10x_hd.o(.text)
    USART2_IRQHandler                        0x0800028f   Thumb Code     0  startup_stm32f10x_hd.o(.text)
    USART3_IRQHandler                        0x0800028f   Thumb Code     0  startup_stm32f10x_hd.o(.text)
    USBWakeUp_IRQHandler                     0x0800028f   Thumb Code     0  startup_stm32f10x_hd.o(.text)
    USB_HP_CAN1_TX_IRQHandler                0x0800028f   Thumb Code     0  startup_stm32f10x_hd.o(.text)
    USB_LP_CAN1_RX0_IRQHandler               0x0800028f   Thumb Code     0  startup_stm32f10x_hd.o(.text)
    WWDG_IRQHandler                          0x0800028f   Thumb Code     0  startup_stm32f10x_hd.o(.text)
    __user_initial_stackheap                 0x08000291   Thumb Code     0  startup_stm32f10x_hd.o(.text)
    __2printf                                0x080002b5   Thumb Code    20  noretval__2printf.o(.text)
    __printf                                 0x080002cd   Thumb Code   104  __printf.o(.text)
    _printf_str                              0x08000335   Thumb Code    82  _printf_str.o(.text)
    _printf_int_dec                          0x08000389   Thumb Code   104  _printf_dec.o(.text)
    memcmp                                   0x08000401   Thumb Code    88  memcmp.o(.text)
    strcpy                                   0x08000459   Thumb Code    72  strcpy.o(.text)
    __aeabi_memcpy                           0x080004a1   Thumb Code     0  rt_memcpy_v6.o(.text)
    __rt_memcpy                              0x080004a1   Thumb Code   138  rt_memcpy_v6.o(.text)
    _memcpy_lastbytes                        0x08000507   Thumb Code     0  rt_memcpy_v6.o(.text)
    __aeabi_memset                           0x0800052b   Thumb Code    16  aeabi_memset.o(.text)
    __aeabi_memclr4                          0x0800053b   Thumb Code     0  rt_memclr_w.o(.text)
    __aeabi_memclr8                          0x0800053b   Thumb Code     0  rt_memclr_w.o(.text)
    __rt_memclr_w                            0x0800053b   Thumb Code    78  rt_memclr_w.o(.text)
    _memset_w                                0x0800053f   Thumb Code     0  rt_memclr_w.o(.text)
    __use_two_region_memory                  0x08000589   Thumb Code     2  heapauxi.o(.text)
    __rt_heap_escrow$2region                 0x0800058b   Thumb Code     2  heapauxi.o(.text)
    __rt_heap_expand$2region                 0x0800058d   Thumb Code     2  heapauxi.o(.text)
    _printf_int_common                       0x0800058f   Thumb Code   178  _printf_intcommon.o(.text)
    _printf_char_common                      0x0800064b   Thumb Code    32  _printf_char_common.o(.text)
    _printf_cs_common                        0x08000671   Thumb Code    20  _printf_char.o(.text)
    _printf_char                             0x08000685   Thumb Code    16  _printf_char.o(.text)
    _printf_string                           0x08000695   Thumb Code     8  _printf_char.o(.text)
    _printf_char_file                        0x0800069d   Thumb Code    32  _printf_char_file.o(.text)
    __aeabi_memcpy4                          0x080006c1   Thumb Code     0  rt_memcpy_w.o(.text)
    __aeabi_memcpy8                          0x080006c1   Thumb Code     0  rt_memcpy_w.o(.text)
    __rt_memcpy_w                            0x080006c1   Thumb Code   100  rt_memcpy_w.o(.text)
    _memcpy_lastbytes_aligned                0x08000709   Thumb Code     0  rt_memcpy_w.o(.text)
    __aeabi_memclr                           0x08000725   Thumb Code     0  rt_memclr.o(.text)
    __rt_memclr                              0x08000725   Thumb Code    68  rt_memclr.o(.text)
    _memset                                  0x08000729   Thumb Code     0  rt_memclr.o(.text)
    __user_libspace                          0x08000769   Thumb Code     8  libspace.o(.text)
    __user_perproc_libspace                  0x08000769   Thumb Code     0  libspace.o(.text)
    __user_perthread_libspace                0x08000769   Thumb Code     0  libspace.o(.text)
    ferror                                   0x08000771   Thumb Code     8  ferror.o(.text)
    __user_setup_stackheap                   0x08000779   Thumb Code    74  sys_stackheap_outer.o(.text)
    exit                                     0x080007c3   Thumb Code    18  exit.o(.text)
    _sys_exit                                0x080007d5   Thumb Code     8  sys_exit.o(.text)
    __I$use$semihosting                      0x080007e1   Thumb Code     0  use_no_semi.o(.text)
    __use_no_semihosting_swi                 0x080007e1   Thumb Code     2  use_no_semi.o(.text)
    __semihosting_library_function           0x080007e3   Thumb Code     0  indicate_semi.o(.text)
    ADS1115_ALERTRDYpin_Init                 0x080007e5   Thumb Code   114  ads1115.o(i.ADS1115_ALERTRDYpin_Init)
    ADS1115_Init                             0x08000861   Thumb Code   174  ads1115.o(i.ADS1115_Init)
    ADS1115_ReadFromRegister                 0x0800090f   Thumb Code    88  ads1115.o(i.ADS1115_ReadFromRegister)
    ADS1115_WriteToRegister                  0x08000967   Thumb Code    72  ads1115.o(i.ADS1115_WriteToRegister)
    APP_Start                                0x080009b1   Thumb Code   164  main.o(i.APP_Start)
    AutoReloadCallback                       0x08000abd   Thumb Code     2  main.o(i.AutoReloadCallback)
    BSP_Init                                 0x08000abf   Thumb Code    30  bsp.o(i.BSP_Init)
    BusFault_Handler                         0x08000add   Thumb Code     2  stm32f10x_it.o(i.BusFault_Handler)
    DMA1_Channel3_IRQHandler                 0x08000ae1   Thumb Code   180  usart3_pm.o(i.DMA1_Channel3_IRQHandler)
    DMA_ClearFlag                            0x08000b9d   Thumb Code    16  stm32f10x_dma.o(i.DMA_ClearFlag)
    DMA_ClearITPendingBit                    0x08000bb5   Thumb Code    16  stm32f10x_dma.o(i.DMA_ClearITPendingBit)
    DMA_DeInit                               0x08000bcd   Thumb Code   218  stm32f10x_dma.o(i.DMA_DeInit)
    DMA_GetITStatus                          0x08000cb1   Thumb Code    24  stm32f10x_dma.o(i.DMA_GetITStatus)
    DMA_Init                                 0x08000cd1   Thumb Code    58  stm32f10x_dma.o(i.DMA_Init)
    DebugMon_Handler                         0x08000d0b   Thumb Code     2  stm32f10x_it.o(i.DebugMon_Handler)
    GPIO_Init                                0x08000d0d   Thumb Code   156  stm32f10x_gpio.o(i.GPIO_Init)
    GPIO_SetBits                             0x08000da9   Thumb Code     4  stm32f10x_gpio.o(i.GPIO_SetBits)
    GPIO_StructInit                          0x08000dad   Thumb Code    16  stm32f10x_gpio.o(i.GPIO_StructInit)
    GasADS1115_Init                          0x08000dbd   Thumb Code    26  ads1115.o(i.GasADS1115_Init)
    HardFault_Handler                        0x08000ddd   Thumb Code     8  stm32f10x_it.o(i.HardFault_Handler)
    IIC_ADS_Ack                              0x08000de9   Thumb Code    56  iic_ads.o(i.IIC_ADS_Ack)
    IIC_ADS_Init                             0x08000e29   Thumb Code    48  iic_ads.o(i.IIC_ADS_Init)
    IIC_ADS_NAck                             0x08000e5d   Thumb Code    56  iic_ads.o(i.IIC_ADS_NAck)
    IIC_ADS_Read_Byte                        0x08000e9d   Thumb Code   100  iic_ads.o(i.IIC_ADS_Read_Byte)
    IIC_ADS_Send_Byte                        0x08000f09   Thumb Code    94  iic_ads.o(i.IIC_ADS_Send_Byte)
    IIC_ADS_Start                            0x08000f71   Thumb Code    56  iic_ads.o(i.IIC_ADS_Start)
    IIC_ADS_Stop                             0x08000fb1   Thumb Code    58  iic_ads.o(i.IIC_ADS_Stop)
    IIC_ADS_Wait_Ack                         0x08000ff5   Thumb Code    78  iic_ads.o(i.IIC_ADS_Wait_Ack)
    IIC_HTS_Init                             0x0800104d   Thumb Code    56  iic_hts.o(i.IIC_HTS_Init)
    IWDG_Feed                                0x0800108d   Thumb Code     4  iwdog.o(i.IWDG_Feed)
    IWDG_ReloadCounter                       0x08001091   Thumb Code    10  stm32f10x_iwdg.o(i.IWDG_ReloadCounter)
    LED_Init                                 0x080010a1   Thumb Code    82  led.o(i.LED_Init)
    Led0_Task                                0x080010fd   Thumb Code    36  main.o(i.Led0_Task)
    Led1_Task                                0x0800113d   Thumb Code    18  main.o(i.Led1_Task)
    Led2_Task                                0x08001169   Thumb Code    14  main.o(i.Led2_Task)
    MemManage_Handler                        0x08001191   Thumb Code     2  stm32f10x_it.o(i.MemManage_Handler)
    NMI_Handler                              0x08001193   Thumb Code     2  stm32f10x_it.o(i.NMI_Handler)
    NVIC_PriorityGroupConfig                 0x08001195   Thumb Code    10  misc.o(i.NVIC_PriorityGroupConfig)
    PTC_Init                                 0x080011a9   Thumb Code    84  ptc.o(i.PTC_Init)
    RCC_AHBPeriphClockCmd                    0x08001205   Thumb Code    18  stm32f10x_rcc.o(i.RCC_AHBPeriphClockCmd)
    RCC_APB1PeriphClockCmd                   0x0800121d   Thumb Code    18  stm32f10x_rcc.o(i.RCC_APB1PeriphClockCmd)
    RCC_APB1PeriphResetCmd                   0x08001235   Thumb Code    18  stm32f10x_rcc.o(i.RCC_APB1PeriphResetCmd)
    RCC_APB2PeriphClockCmd                   0x0800124d   Thumb Code    18  stm32f10x_rcc.o(i.RCC_APB2PeriphClockCmd)
    RCC_APB2PeriphResetCmd                   0x08001265   Thumb Code    18  stm32f10x_rcc.o(i.RCC_APB2PeriphResetCmd)
    RCC_GetClocksFreq                        0x0800127d   Thumb Code   132  stm32f10x_rcc.o(i.RCC_GetClocksFreq)
    Reset_Init                               0x08001311   Thumb Code    50  led.o(i.Reset_Init)
    SEGGER_RTT_ConfigDownBuffer              0x08001349   Thumb Code    90  segger_rtt.o(i.SEGGER_RTT_ConfigDownBuffer)
    SEGGER_RTT_ConfigUpBuffer                0x080013a9   Thumb Code    90  segger_rtt.o(i.SEGGER_RTT_ConfigUpBuffer)
    SEGGER_RTT_ReadNoLock                    0x08001409   Thumb Code   116  segger_rtt.o(i.SEGGER_RTT_ReadNoLock)
    SEGGER_RTT_WriteSkipNoLock               0x08001481   Thumb Code   110  segger_rtt.o(i.SEGGER_RTT_WriteSkipNoLock)
    SEGGER_SYSVIEW_Conf                      0x080014f5   Thumb Code    28  segger_sysview_config_freertos.o(i.SEGGER_SYSVIEW_Conf)
    SEGGER_SYSVIEW_GetSysDesc                0x0800151d   Thumb Code   118  segger_sysview.o(i.SEGGER_SYSVIEW_GetSysDesc)
    SEGGER_SYSVIEW_Init                      0x08001599   Thumb Code    72  segger_sysview.o(i.SEGGER_SYSVIEW_Init)
    SEGGER_SYSVIEW_OnIdle                    0x080015f9   Thumb Code    30  segger_sysview.o(i.SEGGER_SYSVIEW_OnIdle)
    SEGGER_SYSVIEW_OnTaskCreate              0x0800161d   Thumb Code    62  segger_sysview.o(i.SEGGER_SYSVIEW_OnTaskCreate)
    SEGGER_SYSVIEW_OnTaskStartExec           0x08001661   Thumb Code    62  segger_sysview.o(i.SEGGER_SYSVIEW_OnTaskStartExec)
    SEGGER_SYSVIEW_OnTaskStartReady          0x080016a5   Thumb Code    62  segger_sysview.o(i.SEGGER_SYSVIEW_OnTaskStartReady)
    SEGGER_SYSVIEW_RecordSystime             0x080016e9   Thumb Code    42  segger_sysview.o(i.SEGGER_SYSVIEW_RecordSystime)
    SEGGER_SYSVIEW_RecordU32                 0x0800171d   Thumb Code    54  segger_sysview.o(i.SEGGER_SYSVIEW_RecordU32)
    SEGGER_SYSVIEW_RecordU32x2               0x08001759   Thumb Code    76  segger_sysview.o(i.SEGGER_SYSVIEW_RecordU32x2)
    SEGGER_SYSVIEW_RecordU32x3               0x080017a9   Thumb Code   100  segger_sysview.o(i.SEGGER_SYSVIEW_RecordU32x3)
    SEGGER_SYSVIEW_RecordU32x4               0x08001811   Thumb Code   120  segger_sysview.o(i.SEGGER_SYSVIEW_RecordU32x4)
    SEGGER_SYSVIEW_RecordVoid                0x0800188d   Thumb Code    30  segger_sysview.o(i.SEGGER_SYSVIEW_RecordVoid)
    SEGGER_SYSVIEW_SendModule                0x080018b1   Thumb Code   110  segger_sysview.o(i.SEGGER_SYSVIEW_SendModule)
    SEGGER_SYSVIEW_SendModuleDescription     0x08001929   Thumb Code    22  segger_sysview.o(i.SEGGER_SYSVIEW_SendModuleDescription)
    SEGGER_SYSVIEW_SendNumModules            0x08001945   Thumb Code    54  segger_sysview.o(i.SEGGER_SYSVIEW_SendNumModules)
    SEGGER_SYSVIEW_SendSysDesc               0x08001985   Thumb Code    42  segger_sysview.o(i.SEGGER_SYSVIEW_SendSysDesc)
    SEGGER_SYSVIEW_SendTaskInfo              0x080019b5   Thumb Code   192  segger_sysview.o(i.SEGGER_SYSVIEW_SendTaskInfo)
    SEGGER_SYSVIEW_SendTaskList              0x08001a79   Thumb Code    18  segger_sysview.o(i.SEGGER_SYSVIEW_SendTaskList)
    SEGGER_SYSVIEW_SetRAMBase                0x08001a91   Thumb Code     6  segger_sysview.o(i.SEGGER_SYSVIEW_SetRAMBase)
    SEGGER_SYSVIEW_ShrinkId                  0x08001a9d   Thumb Code    10  segger_sysview.o(i.SEGGER_SYSVIEW_ShrinkId)
    SEGGER_SYSVIEW_Start                     0x08001aad   Thumb Code   166  segger_sysview.o(i.SEGGER_SYSVIEW_Start)
    SEGGER_SYSVIEW_Stop                      0x08001b5d   Thumb Code    42  segger_sysview.o(i.SEGGER_SYSVIEW_Stop)
    SEGGER_SYSVIEW_Warn                      0x08001b8d   Thumb Code    54  segger_sysview.o(i.SEGGER_SYSVIEW_Warn)
    SYSVIEW_AddTask                          0x08001bc9   Thumb Code    92  segger_sysview_freertos.o(i.SYSVIEW_AddTask)
    SYSVIEW_DeleteTask                       0x08001c39   Thumb Code   108  segger_sysview_freertos.o(i.SYSVIEW_DeleteTask)
    SYSVIEW_SendTaskInfo                     0x08001cad   Thumb Code    42  segger_sysview_freertos.o(i.SYSVIEW_SendTaskInfo)
    Switch_Task                              0x08001d81   Thumb Code    18  main.o(i.Switch_Task)
    SysTick_CLKSourceConfig                  0x08001dad   Thumb Code    24  misc.o(i.SysTick_CLKSourceConfig)
    SysTick_Handler                          0x08001dc5   Thumb Code    20  delay.o(i.SysTick_Handler)
    SystemInit                               0x08001dd9   Thumb Code    64  system_stm32f10x.o(i.SystemInit)
    TIM2_IRQHandler                          0x08001e29   Thumb Code    38  timer.o(i.TIM2_IRQHandler)
    TIM_ClearITPendingBit                    0x08001e55   Thumb Code     6  stm32f10x_tim.o(i.TIM_ClearITPendingBit)
    TIM_GetITStatus                          0x08001e5b   Thumb Code    24  stm32f10x_tim.o(i.TIM_GetITStatus)
    USART2_Send_Init                         0x08001e75   Thumb Code   194  usart2_send.o(i.USART2_Send_Init)
    USART_DMACmd                             0x08001f49   Thumb Code    16  stm32f10x_usart.o(i.USART_DMACmd)
    USART_DeInit                             0x08001f59   Thumb Code    96  stm32f10x_usart.o(i.USART_DeInit)
    USART_Init                               0x08001fcd   Thumb Code   166  stm32f10x_usart.o(i.USART_Init)
    USART_StructInit                         0x08002079   Thumb Code    22  stm32f10x_usart.o(i.USART_StructInit)
    UsageFault_Handler                       0x0800208f   Thumb Code     2  stm32f10x_it.o(i.UsageFault_Handler)
    WindADS1115_Init                         0x08002091   Thumb Code    26  ads1115.o(i.WindADS1115_Init)
    delay_init                               0x080023cd   Thumb Code    60  delay.o(i.delay_init)
    delay_ms                                 0x08002415   Thumb Code    52  delay.o(i.delay_ms)
    delay_us                                 0x0800244d   Thumb Code    48  delay.o(i.delay_us)
    fputc                                    0x08002481   Thumb Code    22  systemview.o(i.fputc)
    main                                     0x0800249d   Thumb Code    46  main.o(i.main)
    packet_dec                               0x080024e5   Thumb Code    60  usart3_pm.o(i.packet_dec)
    pvPortMalloc                             0x08002db9   Thumb Code   214  heap_4.o(i.pvPortMalloc)
    pxPortInitialiseStack                    0x08002ed1   Thumb Code    32  port.o(i.pxPortInitialiseStack)
    timercontrol_task                        0x08002ef5   Thumb Code    34  main.o(i.timercontrol_task)
    uxListRemove                             0x08002f1d   Thumb Code    38  list.o(i.uxListRemove)
    vListInitialise                          0x08002f43   Thumb Code    22  list.o(i.vListInitialise)
    vListInitialiseItem                      0x08002f59   Thumb Code     6  list.o(i.vListInitialiseItem)
    vListInsert                              0x08002f5f   Thumb Code    48  list.o(i.vListInsert)
    vListInsertEnd                           0x08002f8f   Thumb Code    24  list.o(i.vListInsertEnd)
    vPortEnterCritical                       0x08002fa9   Thumb Code    50  port.o(i.vPortEnterCritical)
    vPortExitCritical                        0x08003021   Thumb Code    34  port.o(i.vPortExitCritical)
    vPortFree                                0x08003085   Thumb Code    94  heap_4.o(i.vPortFree)
    vPortSetupTimerInterrupt                 0x08003125   Thumb Code    32  port.o(i.vPortSetupTimerInterrupt)
    vPortValidateInterruptPriority           0x08003149   Thumb Code    70  port.o(i.vPortValidateInterruptPriority)
    vQueueAddToRegistry                      0x080031d5   Thumb Code    50  queue.o(i.vQueueAddToRegistry)
    vQueueWaitForMessageRestricted           0x0800320d   Thumb Code    68  queue.o(i.vQueueWaitForMessageRestricted)
    vTaskDelay                               0x08003251   Thumb Code    70  tasks.o(i.vTaskDelay)
    vTaskDelete                              0x080032c9   Thumb Code   172  tasks.o(i.vTaskDelete)
    vTaskInternalSetTimeOutState             0x080033ad   Thumb Code    12  tasks.o(i.vTaskInternalSetTimeOutState)
    vTaskMissedYield                         0x080033bd   Thumb Code     8  tasks.o(i.vTaskMissedYield)
    vTaskPlaceOnEventList                    0x080033c9   Thumb Code    44  tasks.o(i.vTaskPlaceOnEventList)
    vTaskPlaceOnEventListRestricted          0x08003421   Thumb Code    58  tasks.o(i.vTaskPlaceOnEventListRestricted)
    vTaskStartScheduler                      0x08003489   Thumb Code   116  tasks.o(i.vTaskStartScheduler)
    vTaskSuspendAll                          0x08003535   Thumb Code    10  tasks.o(i.vTaskSuspendAll)
    vTaskSwitchContext                       0x08003545   Thumb Code   104  tasks.o(i.vTaskSwitchContext)
    xPortStartScheduler                      0x080035dd   Thumb Code   170  port.o(i.xPortStartScheduler)
    xPortSysTickHandler                      0x080036d1   Thumb Code    38  port.o(i.xPortSysTickHandler)
    xQueueGenericCreate                      0x080036fd   Thumb Code    94  queue.o(i.xQueueGenericCreate)
    xQueueGenericReset                       0x08003785   Thumb Code   128  queue.o(i.xQueueGenericReset)
    xQueueGenericSend                        0x08003831   Thumb Code   400  queue.o(i.xQueueGenericSend)
    xQueueGenericSendFromISR                 0x080039ed   Thumb Code   220  queue.o(i.xQueueGenericSendFromISR)
    xQueueReceive                            0x08003af1   Thumb Code   358  queue.o(i.xQueueReceive)
    xTaskCheckForTimeOut                     0x08003c85   Thumb Code   104  tasks.o(i.xTaskCheckForTimeOut)
    xTaskCreate                              0x08003d19   Thumb Code    86  tasks.o(i.xTaskCreate)
    xTaskGetSchedulerState                   0x08003d71   Thumb Code    22  tasks.o(i.xTaskGetSchedulerState)
    xTaskGetTickCount                        0x08003d8d   Thumb Code     6  tasks.o(i.xTaskGetTickCount)
    xTaskGetTickCountFromISR                 0x08003d99   Thumb Code    12  tasks.o(i.xTaskGetTickCountFromISR)
    xTaskIncrementTick                       0x08003da9   Thumb Code   194  tasks.o(i.xTaskIncrementTick)
    xTaskPriorityDisinherit                  0x08003e9d   Thumb Code   154  tasks.o(i.xTaskPriorityDisinherit)
    xTaskRemoveFromEventList                 0x08003f69   Thumb Code   108  tasks.o(i.xTaskRemoveFromEventList)
    xTaskResumeAll                           0x08004009   Thumb Code   186  tasks.o(i.xTaskResumeAll)
    xTimerCreate                             0x080040f9   Thumb Code    74  timers.o(i.xTimerCreate)
    xTimerCreateTimerTask                    0x0800416d   Thumb Code    58  timers.o(i.xTimerCreateTimerTask)
    xTimerGenericCommand                     0x080041e1   Thumb Code    98  timers.o(i.xTimerGenericCommand)
    SYSVIEW_X_OS_TraceAPI                    0x0800428c   Data           8  segger_sysview_freertos.o(.constdata)
    Region$$Table$$Base                      0x080042e4   Number         0  anon$$obj.o(Region$$Table)
    Region$$Table$$Limit                     0x08004304   Number         0  anon$$obj.o(Region$$Table)
    pxCurrentTCB                             0x20000000   Data           4  tasks.o(.data)
    State                                    0x20000074   Data           4  stm32f10x_it.o(.data)
    Err_State                                0x20000078   Data           4  stm32f10x_it.o(.data)
    SystemCoreClock                          0x2000007c   Data           4  system_stm32f10x.o(.data)
    AHBPrescTable                            0x20000080   Data          16  system_stm32f10x.o(.data)
    __stdout                                 0x200000bc   Data           4  systemview.o(.data)
    count                                    0x200000c0   Data           4  ptc.o(.data)
    Pm2                                      0x200000c4   Data           2  app.o(.data)
    Pm10                                     0x200000c6   Data           2  app.o(.data)
    APP_Start_Handler                        0x200000c8   Data           4  main.o(.data)
    Led0_Task_Handler                        0x200000cc   Data           4  main.o(.data)
    Switch_Task_Handler                      0x200000d0   Data           4  main.o(.data)
    Led1_Task_Handler                        0x200000d4   Data           4  main.o(.data)
    Led2_Task_Handler                        0x200000d8   Data           4  main.o(.data)
    TimerControlTask_Handler                 0x200000dc   Data           4  main.o(.data)
    AutoReloadTimer_Handle                   0x200000e0   Data           4  main.o(.data)
    xQueueRegistry                           0x200000e4   Data          64  queue.o(.bss)
    _SEGGER_RTT                              0x20005430   Data         168  segger_rtt.o(.bss)
    buffer_usart3                            0x20005e94   Data          10  usart3_pm.o(.bss)
    buffer_temp                              0x20005e9e   Data          10  usart3_pm.o(.bss)
    buffer_inorder                           0x20005ea8   Data          10  usart3_pm.o(.bss)
    USART2_RX_BUF                            0x20005eb2   Data        1024  usart2_send.o(.bss)
    __libspace_start                         0x200062b4   Data          96  libspace.o(.bss)
    __temporary_stack_top$libspace           0x20006314   Data           0  libspace.o(.bss)



==============================================================================

Memory Map of the image

  Image Entry point : 0x08000131

  Load Region LR_IROM1 (Base: 0x08000000, Size: 0x000043e8, Max: 0x00080000, ABSOLUTE)

    Execution Region ER_IROM1 (Exec base: 0x08000000, Load base: 0x08000000, Size: 0x00004304, Max: 0x00080000, ABSOLUTE)

    Exec Addr    Load Addr    Size         Type   Attr      Idx    E Section Name        Object

    0x08000000   0x08000000   0x00000130   Data   RO            3    RESET               startup_stm32f10x_hd.o
    0x08000130   0x08000130   0x00000008   Code   RO         4092  * !!!main             c_w.l(__main.o)
    0x08000138   0x08000138   0x00000034   Code   RO         4405    !!!scatter          c_w.l(__scatter.o)
    0x0800016c   0x0800016c   0x0000001a   Code   RO         4407    !!handler_copy      c_w.l(__scatter_copy.o)
    0x08000186   0x08000186   0x00000002   PAD
    0x08000188   0x08000188   0x0000001c   Code   RO         4409    !!handler_zi        c_w.l(__scatter_zi.o)
    0x080001a4   0x080001a4   0x00000000   Code   RO         4069    .ARM.Collect$$_printf_percent$$00000000  c_w.l(_printf_percent.o)
    0x080001a4   0x080001a4   0x00000006   Code   RO         4067    .ARM.Collect$$_printf_percent$$00000009  c_w.l(_printf_d.o)
    0x080001aa   0x080001aa   0x00000006   Code   RO         4066    .ARM.Collect$$_printf_percent$$00000014  c_w.l(_printf_s.o)
    0x080001b0   0x080001b0   0x00000004   Code   RO         4174    .ARM.Collect$$_printf_percent$$00000017  c_w.l(_printf_percent_end.o)
    0x080001b4   0x080001b4   0x00000002   Code   RO         4274    .ARM.Collect$$libinit$$00000000  c_w.l(libinit.o)
    0x080001b6   0x080001b6   0x00000000   Code   RO         4276    .ARM.Collect$$libinit$$00000002  c_w.l(libinit2.o)
    0x080001b6   0x080001b6   0x00000000   Code   RO         4278    .ARM.Collect$$libinit$$00000004  c_w.l(libinit2.o)
    0x080001b6   0x080001b6   0x00000000   Code   RO         4281    .ARM.Collect$$libinit$$0000000A  c_w.l(libinit2.o)
    0x080001b6   0x080001b6   0x00000000   Code   RO         4283    .ARM.Collect$$libinit$$0000000C  c_w.l(libinit2.o)
    0x080001b6   0x080001b6   0x00000000   Code   RO         4285    .ARM.Collect$$libinit$$0000000E  c_w.l(libinit2.o)
    0x080001b6   0x080001b6   0x00000000   Code   RO         4288    .ARM.Collect$$libinit$$00000011  c_w.l(libinit2.o)
    0x080001b6   0x080001b6   0x00000000   Code   RO         4290    .ARM.Collect$$libinit$$00000013  c_w.l(libinit2.o)
    0x080001b6   0x080001b6   0x00000000   Code   RO         4292    .ARM.Collect$$libinit$$00000015  c_w.l(libinit2.o)
    0x080001b6   0x080001b6   0x00000000   Code   RO         4294    .ARM.Collect$$libinit$$00000017  c_w.l(libinit2.o)
    0x080001b6   0x080001b6   0x00000000   Code   RO         4296    .ARM.Collect$$libinit$$00000019  c_w.l(libinit2.o)
    0x080001b6   0x080001b6   0x00000000   Code   RO         4298    .ARM.Collect$$libinit$$0000001B  c_w.l(libinit2.o)
    0x080001b6   0x080001b6   0x00000000   Code   RO         4300    .ARM.Collect$$libinit$$0000001D  c_w.l(libinit2.o)
    0x080001b6   0x080001b6   0x00000000   Code   RO         4302    .ARM.Collect$$libinit$$0000001F  c_w.l(libinit2.o)
    0x080001b6   0x080001b6   0x00000000   Code   RO         4304    .ARM.Collect$$libinit$$00000021  c_w.l(libinit2.o)
    0x080001b6   0x080001b6   0x00000000   Code   RO         4306    .ARM.Collect$$libinit$$00000023  c_w.l(libinit2.o)
    0x080001b6   0x080001b6   0x00000000   Code   RO         4308    .ARM.Collect$$libinit$$00000025  c_w.l(libinit2.o)
    0x080001b6   0x080001b6   0x00000000   Code   RO         4312    .ARM.Collect$$libinit$$0000002C  c_w.l(libinit2.o)
    0x080001b6   0x080001b6   0x00000000   Code   RO         4314    .ARM.Collect$$libinit$$0000002E  c_w.l(libinit2.o)
    0x080001b6   0x080001b6   0x00000000   Code   RO         4316    .ARM.Collect$$libinit$$00000030  c_w.l(libinit2.o)
    0x080001b6   0x080001b6   0x00000000   Code   RO         4318    .ARM.Collect$$libinit$$00000032  c_w.l(libinit2.o)
    0x080001b6   0x080001b6   0x00000002   Code   RO         4319    .ARM.Collect$$libinit$$00000033  c_w.l(libinit2.o)
    0x080001b8   0x080001b8   0x00000002   Code   RO         4353    .ARM.Collect$$libshutdown$$00000000  c_w.l(libshutdown.o)
    0x080001ba   0x080001ba   0x00000000   Code   RO         4364    .ARM.Collect$$libshutdown$$00000002  c_w.l(libshutdown2.o)
    0x080001ba   0x080001ba   0x00000000   Code   RO         4366    .ARM.Collect$$libshutdown$$00000004  c_w.l(libshutdown2.o)
    0x080001ba   0x080001ba   0x00000000   Code   RO         4369    .ARM.Collect$$libshutdown$$00000007  c_w.l(libshutdown2.o)
    0x080001ba   0x080001ba   0x00000000   Code   RO         4372    .ARM.Collect$$libshutdown$$0000000A  c_w.l(libshutdown2.o)
    0x080001ba   0x080001ba   0x00000000   Code   RO         4374    .ARM.Collect$$libshutdown$$0000000C  c_w.l(libshutdown2.o)
    0x080001ba   0x080001ba   0x00000000   Code   RO         4377    .ARM.Collect$$libshutdown$$0000000F  c_w.l(libshutdown2.o)
    0x080001ba   0x080001ba   0x00000002   Code   RO         4378    .ARM.Collect$$libshutdown$$00000010  c_w.l(libshutdown2.o)
    0x080001bc   0x080001bc   0x00000000   Code   RO         4154    .ARM.Collect$$rtentry$$00000000  c_w.l(__rtentry.o)
    0x080001bc   0x080001bc   0x00000000   Code   RO         4229    .ARM.Collect$$rtentry$$00000002  c_w.l(__rtentry2.o)
    0x080001bc   0x080001bc   0x00000006   Code   RO         4241    .ARM.Collect$$rtentry$$00000004  c_w.l(__rtentry4.o)
    0x080001c2   0x080001c2   0x00000000   Code   RO         4231    .ARM.Collect$$rtentry$$00000009  c_w.l(__rtentry2.o)
    0x080001c2   0x080001c2   0x00000004   Code   RO         4232    .ARM.Collect$$rtentry$$0000000A  c_w.l(__rtentry2.o)
    0x080001c6   0x080001c6   0x00000000   Code   RO         4234    .ARM.Collect$$rtentry$$0000000C  c_w.l(__rtentry2.o)
    0x080001c6   0x080001c6   0x00000008   Code   RO         4235    .ARM.Collect$$rtentry$$0000000D  c_w.l(__rtentry2.o)
    0x080001ce   0x080001ce   0x00000002   Code   RO         4324    .ARM.Collect$$rtexit$$00000000  c_w.l(rtexit.o)
    0x080001d0   0x080001d0   0x00000000   Code   RO         4331    .ARM.Collect$$rtexit$$00000002  c_w.l(rtexit2.o)
    0x080001d0   0x080001d0   0x00000004   Code   RO         4332    .ARM.Collect$$rtexit$$00000003  c_w.l(rtexit2.o)
    0x080001d4   0x080001d4   0x00000006   Code   RO         4333    .ARM.Collect$$rtexit$$00000004  c_w.l(rtexit2.o)
    0x080001da   0x080001da   0x00000002   PAD
    0x080001dc   0x080001dc   0x00000096   Code   RO         1088    .emb_text           port.o
    0x08000272   0x08000272   0x00000002   PAD
    0x08000274   0x08000274   0x00000040   Code   RO            4    .text               startup_stm32f10x_hd.o
    0x080002b4   0x080002b4   0x00000018   Code   RO         4035    .text               c_w.l(noretval__2printf.o)
    0x080002cc   0x080002cc   0x00000068   Code   RO         4039    .text               c_w.l(__printf.o)
    0x08000334   0x08000334   0x00000052   Code   RO         4041    .text               c_w.l(_printf_str.o)
    0x08000386   0x08000386   0x00000002   PAD
    0x08000388   0x08000388   0x00000078   Code   RO         4043    .text               c_w.l(_printf_dec.o)
    0x08000400   0x08000400   0x00000058   Code   RO         4074    .text               c_w.l(memcmp.o)
    0x08000458   0x08000458   0x00000048   Code   RO         4076    .text               c_w.l(strcpy.o)
    0x080004a0   0x080004a0   0x0000008a   Code   RO         4082    .text               c_w.l(rt_memcpy_v6.o)
    0x0800052a   0x0800052a   0x00000010   Code   RO         4084    .text               c_w.l(aeabi_memset.o)
    0x0800053a   0x0800053a   0x0000004e   Code   RO         4086    .text               c_w.l(rt_memclr_w.o)
    0x08000588   0x08000588   0x00000006   Code   RO         4090    .text               c_w.l(heapauxi.o)
    0x0800058e   0x0800058e   0x000000b2   Code   RO         4164    .text               c_w.l(_printf_intcommon.o)
    0x08000640   0x08000640   0x00000030   Code   RO         4166    .text               c_w.l(_printf_char_common.o)
    0x08000670   0x08000670   0x0000002c   Code   RO         4170    .text               c_w.l(_printf_char.o)
    0x0800069c   0x0800069c   0x00000024   Code   RO         4172    .text               c_w.l(_printf_char_file.o)
    0x080006c0   0x080006c0   0x00000064   Code   RO         4177    .text               c_w.l(rt_memcpy_w.o)
    0x08000724   0x08000724   0x00000044   Code   RO         4179    .text               c_w.l(rt_memclr.o)
    0x08000768   0x08000768   0x00000008   Code   RO         4225    .text               c_w.l(libspace.o)
    0x08000770   0x08000770   0x00000008   Code   RO         4252    .text               c_w.l(ferror.o)
    0x08000778   0x08000778   0x0000004a   Code   RO         4265    .text               c_w.l(sys_stackheap_outer.o)
    0x080007c2   0x080007c2   0x00000012   Code   RO         4267    .text               c_w.l(exit.o)
    0x080007d4   0x080007d4   0x0000000c   Code   RO         4343    .text               c_w.l(sys_exit.o)
    0x080007e0   0x080007e0   0x00000002   Code   RO         4354    .text               c_w.l(use_no_semi.o)
    0x080007e2   0x080007e2   0x00000000   Code   RO         4356    .text               c_w.l(indicate_semi.o)
    0x080007e2   0x080007e2   0x00000002   PAD
    0x080007e4   0x080007e4   0x0000007c   Code   RO         3747    i.ADS1115_ALERTRDYpin_Init  ads1115.o
    0x08000860   0x08000860   0x000000ae   Code   RO         3748    i.ADS1115_Init      ads1115.o
    0x0800090e   0x0800090e   0x00000058   Code   RO         3749    i.ADS1115_ReadFromRegister  ads1115.o
    0x08000966   0x08000966   0x00000048   Code   RO         3750    i.ADS1115_WriteToRegister  ads1115.o
    0x080009ae   0x080009ae   0x00000002   PAD
    0x080009b0   0x080009b0   0x0000010c   Code   RO         3969    i.APP_Start         main.o
    0x08000abc   0x08000abc   0x00000002   Code   RO         3970    i.AutoReloadCallback  main.o
    0x08000abe   0x08000abe   0x0000001e   Code   RO         3402    i.BSP_Init          bsp.o
    0x08000adc   0x08000adc   0x00000002   Code   RO         1240    i.BusFault_Handler  stm32f10x_it.o
    0x08000ade   0x08000ade   0x00000002   PAD
    0x08000ae0   0x08000ae0   0x000000bc   Code   RO         3472    i.DMA1_Channel3_IRQHandler  usart3_pm.o
    0x08000b9c   0x08000b9c   0x00000018   Code   RO         1423    i.DMA_ClearFlag     stm32f10x_dma.o
    0x08000bb4   0x08000bb4   0x00000018   Code   RO         1424    i.DMA_ClearITPendingBit  stm32f10x_dma.o
    0x08000bcc   0x08000bcc   0x000000e4   Code   RO         1426    i.DMA_DeInit        stm32f10x_dma.o
    0x08000cb0   0x08000cb0   0x00000020   Code   RO         1429    i.DMA_GetITStatus   stm32f10x_dma.o
    0x08000cd0   0x08000cd0   0x0000003a   Code   RO         1431    i.DMA_Init          stm32f10x_dma.o
    0x08000d0a   0x08000d0a   0x00000002   Code   RO         1241    i.DebugMon_Handler  stm32f10x_it.o
    0x08000d0c   0x08000d0c   0x0000009c   Code   RO         1621    i.GPIO_Init         stm32f10x_gpio.o
    0x08000da8   0x08000da8   0x00000004   Code   RO         1629    i.GPIO_SetBits      stm32f10x_gpio.o
    0x08000dac   0x08000dac   0x00000010   Code   RO         1630    i.GPIO_StructInit   stm32f10x_gpio.o
    0x08000dbc   0x08000dbc   0x00000020   Code   RO         3751    i.GasADS1115_Init   ads1115.o
    0x08000ddc   0x08000ddc   0x0000000c   Code   RO         1242    i.HardFault_Handler  stm32f10x_it.o
    0x08000de8   0x08000de8   0x00000040   Code   RO         3528    i.IIC_ADS_Ack       iic_ads.o
    0x08000e28   0x08000e28   0x00000034   Code   RO         3529    i.IIC_ADS_Init      iic_ads.o
    0x08000e5c   0x08000e5c   0x00000040   Code   RO         3530    i.IIC_ADS_NAck      iic_ads.o
    0x08000e9c   0x08000e9c   0x0000006c   Code   RO         3531    i.IIC_ADS_Read_Byte  iic_ads.o
    0x08000f08   0x08000f08   0x00000068   Code   RO         3532    i.IIC_ADS_Send_Byte  iic_ads.o
    0x08000f70   0x08000f70   0x00000040   Code   RO         3533    i.IIC_ADS_Start     iic_ads.o
    0x08000fb0   0x08000fb0   0x00000044   Code   RO         3534    i.IIC_ADS_Stop      iic_ads.o
    0x08000ff4   0x08000ff4   0x00000058   Code   RO         3535    i.IIC_ADS_Wait_Ack  iic_ads.o
    0x0800104c   0x0800104c   0x00000040   Code   RO         3583    i.IIC_HTS_Init      iic_hts.o
    0x0800108c   0x0800108c   0x00000004   Code   RO         3636    i.IWDG_Feed         iwdog.o
    0x08001090   0x08001090   0x00000010   Code   RO         2644    i.IWDG_ReloadCounter  stm32f10x_iwdg.o
    0x080010a0   0x080010a0   0x0000005c   Code   RO         3436    i.LED_Init          led.o
    0x080010fc   0x080010fc   0x00000040   Code   RO         3971    i.Led0_Task         main.o
    0x0800113c   0x0800113c   0x0000002c   Code   RO         3972    i.Led1_Task         main.o
    0x08001168   0x08001168   0x00000028   Code   RO         3973    i.Led2_Task         main.o
    0x08001190   0x08001190   0x00000002   Code   RO         1243    i.MemManage_Handler  stm32f10x_it.o
    0x08001192   0x08001192   0x00000002   Code   RO         1244    i.NMI_Handler       stm32f10x_it.o
    0x08001194   0x08001194   0x00000014   Code   RO         1388    i.NVIC_PriorityGroupConfig  misc.o
    0x080011a8   0x080011a8   0x0000005c   Code   RO         3654    i.PTC_Init          ptc.o
    0x08001204   0x08001204   0x00000018   Code   RO         1730    i.RCC_AHBPeriphClockCmd  stm32f10x_rcc.o
    0x0800121c   0x0800121c   0x00000018   Code   RO         1731    i.RCC_APB1PeriphClockCmd  stm32f10x_rcc.o
    0x08001234   0x08001234   0x00000018   Code   RO         1732    i.RCC_APB1PeriphResetCmd  stm32f10x_rcc.o
    0x0800124c   0x0800124c   0x00000018   Code   RO         1733    i.RCC_APB2PeriphClockCmd  stm32f10x_rcc.o
    0x08001264   0x08001264   0x00000018   Code   RO         1734    i.RCC_APB2PeriphResetCmd  stm32f10x_rcc.o
    0x0800127c   0x0800127c   0x00000094   Code   RO         1741    i.RCC_GetClocksFreq  stm32f10x_rcc.o
    0x08001310   0x08001310   0x00000038   Code   RO         3437    i.Reset_Init        led.o
    0x08001348   0x08001348   0x00000060   Code   RO         2686    i.SEGGER_RTT_ConfigDownBuffer  segger_rtt.o
    0x080013a8   0x080013a8   0x00000060   Code   RO         2687    i.SEGGER_RTT_ConfigUpBuffer  segger_rtt.o
    0x08001408   0x08001408   0x00000078   Code   RO         2696    i.SEGGER_RTT_ReadNoLock  segger_rtt.o
    0x08001480   0x08001480   0x00000074   Code   RO         2706    i.SEGGER_RTT_WriteSkipNoLock  segger_rtt.o
    0x080014f4   0x080014f4   0x00000028   Code   RO         3364    i.SEGGER_SYSVIEW_Conf  segger_sysview_config_freertos.o
    0x0800151c   0x0800151c   0x0000007c   Code   RO         2886    i.SEGGER_SYSVIEW_GetSysDesc  segger_sysview.o
    0x08001598   0x08001598   0x00000060   Code   RO         2887    i.SEGGER_SYSVIEW_Init  segger_sysview.o
    0x080015f8   0x080015f8   0x00000024   Code   RO         2889    i.SEGGER_SYSVIEW_OnIdle  segger_sysview.o
    0x0800161c   0x0800161c   0x00000044   Code   RO         2890    i.SEGGER_SYSVIEW_OnTaskCreate  segger_sysview.o
    0x08001660   0x08001660   0x00000044   Code   RO         2891    i.SEGGER_SYSVIEW_OnTaskStartExec  segger_sysview.o
    0x080016a4   0x080016a4   0x00000044   Code   RO         2892    i.SEGGER_SYSVIEW_OnTaskStartReady  segger_sysview.o
    0x080016e8   0x080016e8   0x00000034   Code   RO         2912    i.SEGGER_SYSVIEW_RecordSystime  segger_sysview.o
    0x0800171c   0x0800171c   0x0000003c   Code   RO         2913    i.SEGGER_SYSVIEW_RecordU32  segger_sysview.o
    0x08001758   0x08001758   0x00000050   Code   RO         2915    i.SEGGER_SYSVIEW_RecordU32x2  segger_sysview.o
    0x080017a8   0x080017a8   0x00000068   Code   RO         2916    i.SEGGER_SYSVIEW_RecordU32x3  segger_sysview.o
    0x08001810   0x08001810   0x0000007c   Code   RO         2917    i.SEGGER_SYSVIEW_RecordU32x4  segger_sysview.o
    0x0800188c   0x0800188c   0x00000024   Code   RO         2923    i.SEGGER_SYSVIEW_RecordVoid  segger_sysview.o
    0x080018b0   0x080018b0   0x00000078   Code   RO         2925    i.SEGGER_SYSVIEW_SendModule  segger_sysview.o
    0x08001928   0x08001928   0x0000001c   Code   RO         2926    i.SEGGER_SYSVIEW_SendModuleDescription  segger_sysview.o
    0x08001944   0x08001944   0x00000040   Code   RO         2927    i.SEGGER_SYSVIEW_SendNumModules  segger_sysview.o
    0x08001984   0x08001984   0x00000030   Code   RO         2929    i.SEGGER_SYSVIEW_SendSysDesc  segger_sysview.o
    0x080019b4   0x080019b4   0x000000c4   Code   RO         2930    i.SEGGER_SYSVIEW_SendTaskInfo  segger_sysview.o
    0x08001a78   0x08001a78   0x00000018   Code   RO         2931    i.SEGGER_SYSVIEW_SendTaskList  segger_sysview.o
    0x08001a90   0x08001a90   0x0000000c   Code   RO         2932    i.SEGGER_SYSVIEW_SetRAMBase  segger_sysview.o
    0x08001a9c   0x08001a9c   0x00000010   Code   RO         2933    i.SEGGER_SYSVIEW_ShrinkId  segger_sysview.o
    0x08001aac   0x08001aac   0x000000b0   Code   RO         2934    i.SEGGER_SYSVIEW_Start  segger_sysview.o
    0x08001b5c   0x08001b5c   0x00000030   Code   RO         2935    i.SEGGER_SYSVIEW_Stop  segger_sysview.o
    0x08001b8c   0x08001b8c   0x0000003c   Code   RO         2936    i.SEGGER_SYSVIEW_Warn  segger_sysview.o
    0x08001bc8   0x08001bc8   0x00000070   Code   RO         3318    i.SYSVIEW_AddTask   segger_sysview_freertos.o
    0x08001c38   0x08001c38   0x00000074   Code   RO         3319    i.SYSVIEW_DeleteTask  segger_sysview_freertos.o
    0x08001cac   0x08001cac   0x0000002a   Code   RO         3320    i.SYSVIEW_SendTaskInfo  segger_sysview_freertos.o
    0x08001cd6   0x08001cd6   0x00000002   PAD
    0x08001cd8   0x08001cd8   0x000000a8   Code   RO         1289    i.SetSysClockTo72   system_stm32f10x.o
    0x08001d80   0x08001d80   0x0000002c   Code   RO         3974    i.Switch_Task       main.o
    0x08001dac   0x08001dac   0x00000018   Code   RO         1391    i.SysTick_CLKSourceConfig  misc.o
    0x08001dc4   0x08001dc4   0x00000014   Code   RO         1318    i.SysTick_Handler   delay.o
    0x08001dd8   0x08001dd8   0x00000050   Code   RO         1291    i.SystemInit        system_stm32f10x.o
    0x08001e28   0x08001e28   0x0000002c   Code   RO         3454    i.TIM2_IRQHandler   timer.o
    0x08001e54   0x08001e54   0x00000006   Code   RO         1938    i.TIM_ClearITPendingBit  stm32f10x_tim.o
    0x08001e5a   0x08001e5a   0x00000018   Code   RO         1964    i.TIM_GetITStatus   stm32f10x_tim.o
    0x08001e72   0x08001e72   0x00000002   PAD
    0x08001e74   0x08001e74   0x000000d4   Code   RO         3509    i.USART2_Send_Init  usart2_send.o
    0x08001f48   0x08001f48   0x00000010   Code   RO         2467    i.USART_DMACmd      stm32f10x_usart.o
    0x08001f58   0x08001f58   0x00000074   Code   RO         2468    i.USART_DeInit      stm32f10x_usart.o
    0x08001fcc   0x08001fcc   0x000000ac   Code   RO         2473    i.USART_Init        stm32f10x_usart.o
    0x08002078   0x08002078   0x00000016   Code   RO         2489    i.USART_StructInit  stm32f10x_usart.o
    0x0800208e   0x0800208e   0x00000002   Code   RO         1245    i.UsageFault_Handler  stm32f10x_it.o
    0x08002090   0x08002090   0x00000020   Code   RO         3754    i.WindADS1115_Init  ads1115.o
    0x080020b0   0x080020b0   0x00000068   Code   RO         2709    i._DoInit           segger_rtt.o
    0x08002118   0x08002118   0x00000042   Code   RO         2939    i._EncodeStr        segger_sysview.o
    0x0800215a   0x0800215a   0x0000008a   Code   RO         2940    i._HandleIncomingPacket  segger_sysview.o
    0x080021e4   0x080021e4   0x000000d4   Code   RO         2943    i._SendPacket       segger_sysview.o
    0x080022b8   0x080022b8   0x00000068   Code   RO         2945    i._TrySendOverflowPacket  segger_sysview.o
    0x08002320   0x08002320   0x0000001c   Code   RO         3322    i._cbGetTime        segger_sysview_freertos.o
    0x0800233c   0x0800233c   0x00000058   Code   RO         3365    i._cbSendSystemDesc  segger_sysview_config_freertos.o
    0x08002394   0x08002394   0x00000038   Code   RO         3323    i._cbSendTaskList   segger_sysview_freertos.o
    0x080023cc   0x080023cc   0x00000048   Code   RO         1319    i.delay_init        delay.o
    0x08002414   0x08002414   0x00000038   Code   RO         1320    i.delay_ms          delay.o
    0x0800244c   0x0800244c   0x00000034   Code   RO         1321    i.delay_us          delay.o
    0x08002480   0x08002480   0x0000001c   Code   RO         3382    i.fputc             systemview.o
    0x0800249c   0x0800249c   0x00000048   Code   RO         3975    i.main              main.o
    0x080024e4   0x080024e4   0x00000048   Code   RO         3475    i.packet_dec        usart3_pm.o
    0x0800252c   0x0800252c   0x00000070   Code   RO          590    i.prvAddCurrentTaskToDelayedList  tasks.o
    0x0800259c   0x0800259c   0x000000f0   Code   RO          591    i.prvAddNewTaskToReadyList  tasks.o
    0x0800268c   0x0800268c   0x00000050   Code   RO          947    i.prvCheckForValidListAndQueue  timers.o
    0x080026dc   0x080026dc   0x00000026   Code   RO          360    i.prvCopyDataFromQueue  queue.o
    0x08002702   0x08002702   0x0000006c   Code   RO          361    i.prvCopyDataToQueue  queue.o
    0x0800276e   0x0800276e   0x00000014   Code   RO          592    i.prvDeleteTCB      tasks.o
    0x08002782   0x08002782   0x00000002   PAD
    0x08002784   0x08002784   0x0000004c   Code   RO         1181    i.prvHeapInit       heap_4.o
    0x080027d0   0x080027d0   0x0000005c   Code   RO          593    i.prvIdleTask       tasks.o
    0x0800282c   0x0800282c   0x000000d0   Code   RO          594    i.prvInitialiseNewTask  tasks.o
    0x080028fc   0x080028fc   0x0000004c   Code   RO         1182    i.prvInsertBlockIntoFreeList  heap_4.o
    0x08002948   0x08002948   0x00000038   Code   RO          948    i.prvInsertTimerInActiveList  timers.o
    0x08002980   0x08002980   0x0000001a   Code   RO          362    i.prvIsQueueEmpty   queue.o
    0x0800299a   0x0800299a   0x00000002   PAD
    0x0800299c   0x0800299c   0x000000a8   Code   RO          363    i.prvNotifyQueueSetContainer  queue.o
    0x08002a44   0x08002a44   0x00000060   Code   RO          949    i.prvProcessExpiredTimer  timers.o
    0x08002aa4   0x08002aa4   0x000000f0   Code   RO          950    i.prvProcessReceivedCommands  timers.o
    0x08002b94   0x08002b94   0x0000006c   Code   RO          951    i.prvProcessTimerOrBlockTask  timers.o
    0x08002c00   0x08002c00   0x00000020   Code   RO          596    i.prvResetNextTaskUnblockTime  tasks.o
    0x08002c20   0x08002c20   0x00000028   Code   RO          952    i.prvSampleTimeNow  timers.o
    0x08002c48   0x08002c48   0x0000006c   Code   RO          953    i.prvSwitchTimerLists  timers.o
    0x08002cb4   0x08002cb4   0x00000064   Code   RO         1089    i.prvTaskExitError  port.o
    0x08002d18   0x08002d18   0x00000028   Code   RO          954    i.prvTimerTask      timers.o
    0x08002d40   0x08002d40   0x00000078   Code   RO          364    i.prvUnlockQueue    queue.o
    0x08002db8   0x08002db8   0x00000118   Code   RO         1183    i.pvPortMalloc      heap_4.o
    0x08002ed0   0x08002ed0   0x00000024   Code   RO         1090    i.pxPortInitialiseStack  port.o
    0x08002ef4   0x08002ef4   0x00000028   Code   RO         3976    i.timercontrol_task  main.o
    0x08002f1c   0x08002f1c   0x00000026   Code   RO          314    i.uxListRemove      list.o
    0x08002f42   0x08002f42   0x00000016   Code   RO          315    i.vListInitialise   list.o
    0x08002f58   0x08002f58   0x00000006   Code   RO          316    i.vListInitialiseItem  list.o
    0x08002f5e   0x08002f5e   0x00000030   Code   RO          317    i.vListInsert       list.o
    0x08002f8e   0x08002f8e   0x00000018   Code   RO          318    i.vListInsertEnd    list.o
    0x08002fa6   0x08002fa6   0x00000002   PAD
    0x08002fa8   0x08002fa8   0x00000078   Code   RO         1092    i.vPortEnterCritical  port.o
    0x08003020   0x08003020   0x00000064   Code   RO         1093    i.vPortExitCritical  port.o
    0x08003084   0x08003084   0x000000a0   Code   RO         1184    i.vPortFree         heap_4.o
    0x08003124   0x08003124   0x00000024   Code   RO         1094    i.vPortSetupTimerInterrupt  port.o
    0x08003148   0x08003148   0x0000008c   Code   RO         1095    i.vPortValidateInterruptPriority  port.o
    0x080031d4   0x080031d4   0x00000038   Code   RO          370    i.vQueueAddToRegistry  queue.o
    0x0800320c   0x0800320c   0x00000044   Code   RO          374    i.vQueueWaitForMessageRestricted  queue.o
    0x08003250   0x08003250   0x00000078   Code   RO          606    i.vTaskDelay        tasks.o
    0x080032c8   0x080032c8   0x000000e4   Code   RO          608    i.vTaskDelete       tasks.o
    0x080033ac   0x080033ac   0x00000010   Code   RO          611    i.vTaskInternalSetTimeOutState  tasks.o
    0x080033bc   0x080033bc   0x0000000c   Code   RO          613    i.vTaskMissedYield  tasks.o
    0x080033c8   0x080033c8   0x00000058   Code   RO          615    i.vTaskPlaceOnEventList  tasks.o
    0x08003420   0x08003420   0x00000068   Code   RO          616    i.vTaskPlaceOnEventListRestricted  tasks.o
    0x08003488   0x08003488   0x000000ac   Code   RO          624    i.vTaskStartScheduler  tasks.o
    0x08003534   0x08003534   0x00000010   Code   RO          626    i.vTaskSuspendAll   tasks.o
    0x08003544   0x08003544   0x00000098   Code   RO          627    i.vTaskSwitchContext  tasks.o
    0x080035dc   0x080035dc   0x000000f4   Code   RO         1096    i.xPortStartScheduler  port.o
    0x080036d0   0x080036d0   0x0000002c   Code   RO         1097    i.xPortSysTickHandler  port.o
    0x080036fc   0x080036fc   0x00000088   Code   RO          379    i.xQueueGenericCreate  queue.o
    0x08003784   0x08003784   0x000000ac   Code   RO          380    i.xQueueGenericReset  queue.o
    0x08003830   0x08003830   0x000001bc   Code   RO          381    i.xQueueGenericSend  queue.o
    0x080039ec   0x080039ec   0x00000104   Code   RO          382    i.xQueueGenericSendFromISR  queue.o
    0x08003af0   0x08003af0   0x00000194   Code   RO          389    i.xQueueReceive     queue.o
    0x08003c84   0x08003c84   0x00000094   Code   RO          628    i.xTaskCheckForTimeOut  tasks.o
    0x08003d18   0x08003d18   0x00000056   Code   RO          629    i.xTaskCreate       tasks.o
    0x08003d6e   0x08003d6e   0x00000002   PAD
    0x08003d70   0x08003d70   0x0000001c   Code   RO          634    i.xTaskGetSchedulerState  tasks.o
    0x08003d8c   0x08003d8c   0x0000000c   Code   RO          635    i.xTaskGetTickCount  tasks.o
    0x08003d98   0x08003d98   0x00000010   Code   RO          636    i.xTaskGetTickCountFromISR  tasks.o
    0x08003da8   0x08003da8   0x000000f4   Code   RO          637    i.xTaskIncrementTick  tasks.o
    0x08003e9c   0x08003e9c   0x000000cc   Code   RO          640    i.xTaskPriorityDisinherit  tasks.o
    0x08003f68   0x08003f68   0x000000a0   Code   RO          642    i.xTaskRemoveFromEventList  tasks.o
    0x08004008   0x08004008   0x000000f0   Code   RO          643    i.xTaskResumeAll    tasks.o
    0x080040f8   0x080040f8   0x00000074   Code   RO          959    i.xTimerCreate      timers.o
    0x0800416c   0x0800416c   0x00000074   Code   RO          960    i.xTimerCreateTimerTask  timers.o
    0x080041e0   0x080041e0   0x00000090   Code   RO          961    i.xTimerGenericCommand  timers.o
    0x08004270   0x08004270   0x0000001a   Data   RO         2949    .constdata          segger_sysview.o
    0x0800428a   0x0800428a   0x00000002   PAD
    0x0800428c   0x0800428c   0x00000008   Data   RO         3325    .constdata          segger_sysview_freertos.o
    0x08004294   0x08004294   0x00000050   Data   RO         3326    .conststring        segger_sysview_freertos.o
    0x080042e4   0x080042e4   0x00000020   Data   RO         4403    Region$$Table       anon$$obj.o


    Execution Region RW_IRAM1 (Exec base: 0x20000000, Load base: 0x08004304, Size: 0x00006918, Max: 0x00010000, ABSOLUTE)

    Exec Addr    Load Addr    Size         Type   Attr      Idx    E Section Name        Object

    0x20000000   0x08004304   0x0000003c   Data   RW          646    .data               tasks.o
    0x2000003c   0x08004340   0x00000014   Data   RW          969    .data               timers.o
    0x20000050   0x08004354   0x0000000c   Data   RW         1098    .data               port.o
    0x2000005c   0x08004360   0x00000018   Data   RW         1189    .data               heap_4.o
    0x20000074   0x08004378   0x00000004   Data   RW         1246    .data               stm32f10x_it.o
    0x20000078   0x0800437c   0x00000004   Data   RW         1247    .data               stm32f10x_it.o
    0x2000007c   0x08004380   0x00000014   Data   RW         1292    .data               system_stm32f10x.o
    0x20000090   0x08004394   0x00000004   Data   RW         1323    .data               delay.o
    0x20000094   0x08004398   0x00000014   Data   RW         1761    .data               stm32f10x_rcc.o
    0x200000a8   0x080043ac   0x00000010   Data   RW         2950    .data               segger_sysview.o
    0x200000b8   0x080043bc   0x00000004   Data   RW         3327    .data               segger_sysview_freertos.o
    0x200000bc   0x080043c0   0x00000004   Data   RW         3383    .data               systemview.o
    0x200000c0   0x080043c4   0x00000004   Data   RW         3656    .data               ptc.o
    0x200000c4   0x080043c8   0x00000002   Data   RW         3888    .data               app.o
    0x200000c6   0x080043ca   0x00000002   Data   RW         3889    .data               app.o
    0x200000c8   0x080043cc   0x0000001c   Data   RW         3977    .data               main.o
    0x200000e4        -       0x00000040   Zero   RW          396    .bss                queue.o
    0x20000124        -       0x000002e4   Zero   RW          645    .bss                tasks.o
    0x20000408        -       0x00000028   Zero   RW          968    .bss                timers.o
    0x20000430        -       0x00005000   Zero   RW         1188    .bss                heap_4.o
    0x20005430        -       0x000004b8   Zero   RW         2714    .bss                segger_rtt.o
    0x200058e8        -       0x0000050b   Zero   RW         2948    .bss                segger_sysview.o
    0x20005df3   0x080043e8   0x00000001   PAD
    0x20005df4        -       0x000000a0   Zero   RW         3324    .bss                segger_sysview_freertos.o
    0x20005e94        -       0x0000001e   Zero   RW         3476    .bss                usart3_pm.o
    0x20005eb2        -       0x00000400   Zero   RW         3510    .bss                usart2_send.o
    0x200062b2   0x080043e8   0x00000002   PAD
    0x200062b4        -       0x00000060   Zero   RW         4226    .bss                c_w.l(libspace.o)
    0x20006314   0x080043e8   0x00000004   PAD
    0x20006318        -       0x00000200   Zero   RW            2    HEAP                startup_stm32f10x_hd.o
    0x20006518        -       0x00000400   Zero   RW            1    STACK               startup_stm32f10x_hd.o


==============================================================================

Image component sizes


      Code (inc. data)   RO Data    RW Data    ZI Data      Debug   Object Name

       522         22          0          0          0       4428   ads1115.o
         0          0          0          4          0        983   app.o
        30          0          0          0          0        435   bsp.o
       200         20          0          4          0       2477   delay.o
         0          0          0          0          0     279788   event_groups.o
       592        146          0         24      20480       3935   heap_4.o
       612         66          0          0          0       4226   iic_ads.o
        64          8          0          0          0        491   iic_hts.o
         4          0          0          0          0        396   iwdog.o
       148         16          0          0          0        976   led.o
       138          0          0          0          0       8046   list.o
       574        242          0         28          0       4252   main.o
        44         10          0          0          0       1053   misc.o
       970        372          0         12          0      10009   port.o
        92          8          0          4          0       1080   ptc.o
      2000        264          0          0         64      15258   queue.o
       532         50          0          0       1208       8709   segger_rtt.o
      2228        188         26         16       1291      26069   segger_sysview.o
       128         82          0          0          0       1106   segger_sysview_config_freertos.o
       354         38         88          4        160       4742   segger_sysview_freertos.o
        64         26        304          0       1536        852   startup_stm32f10x_hd.o
       366         34          0          0          0       4726   stm32f10x_dma.o
       176          0          0          0          0       3069   stm32f10x_gpio.o
        22          4          0          8          0       2943   stm32f10x_it.o
        16          6          0          0          0        473   stm32f10x_iwdg.o
       268         46          0         20          0       6256   stm32f10x_rcc.o
        30          0          0          0          0       2609   stm32f10x_tim.o
       326         26          0          0          0       4234   stm32f10x_usart.o
       248         24          0         20          0       1889   system_stm32f10x.o
        28          6          0          4          0       2446   systemview.o
      2750        666          0         60        740      27861   tasks.o
        44          6          0          0          0        450   timer.o
      1144        262          0         20         40      16982   timers.o
       212         18          0          0       1024       1191   usart2_send.o
       260         20          0          0         30       2055   usart3_pm.o

    ----------------------------------------------------------------------
     15204       2676        452        228      26576     456495   Object Totals
         0          0         32          0          0          0   (incl. Generated)
        18          0          2          0          3          0   (incl. Padding)

    ----------------------------------------------------------------------

      Code (inc. data)   RO Data    RW Data    ZI Data      Debug   Library Member Name

         8          0          0          0          0         68   __main.o
       104          0          0          0          0         84   __printf.o
         0          0          0          0          0          0   __rtentry.o
        12          0          0          0          0          0   __rtentry2.o
         6          0          0          0          0          0   __rtentry4.o
        52          8          0          0          0          0   __scatter.o
        26          0          0          0          0          0   __scatter_copy.o
        28          0          0          0          0          0   __scatter_zi.o
        44          0          0          0          0        108   _printf_char.o
        48          6          0          0          0         96   _printf_char_common.o
        36          4          0          0          0         80   _printf_char_file.o
         6          0          0          0          0          0   _printf_d.o
       120         16          0          0          0         92   _printf_dec.o
       178          0          0          0          0         88   _printf_intcommon.o
         0          0          0          0          0          0   _printf_percent.o
         4          0          0          0          0          0   _printf_percent_end.o
         6          0          0          0          0          0   _printf_s.o
        82          0          0          0          0         80   _printf_str.o
        16          0          0          0          0         68   aeabi_memset.o
        18          0          0          0          0         80   exit.o
         8          0          0          0          0         68   ferror.o
         6          0          0          0          0        152   heapauxi.o
         0          0          0          0          0          0   indicate_semi.o
         2          0          0          0          0          0   libinit.o
         2          0          0          0          0          0   libinit2.o
         2          0          0          0          0          0   libshutdown.o
         2          0          0          0          0          0   libshutdown2.o
         8          4          0          0         96         68   libspace.o
        88          0          0          0          0         76   memcmp.o
        24          4          0          0          0         84   noretval__2printf.o
        68          0          0          0          0         68   rt_memclr.o
        78          0          0          0          0         80   rt_memclr_w.o
       138          0          0          0          0         68   rt_memcpy_v6.o
       100          0          0          0          0         80   rt_memcpy_w.o
         2          0          0          0          0          0   rtexit.o
        10          0          0          0          0          0   rtexit2.o
        72          0          0          0          0         80   strcpy.o
        12          4          0          0          0         68   sys_exit.o
        74          0          0          0          0         80   sys_stackheap_outer.o
         2          0          0          0          0         68   use_no_semi.o

    ----------------------------------------------------------------------
      1500         46          0          0        100       1884   Library Totals
         8          0          0          0          4          0   (incl. Padding)

    ----------------------------------------------------------------------

      Code (inc. data)   RO Data    RW Data    ZI Data      Debug   Library Name

      1492         46          0          0         96       1884   c_w.l

    ----------------------------------------------------------------------
      1500         46          0          0        100       1884   Library Totals

    ----------------------------------------------------------------------

==============================================================================


      Code (inc. data)   RO Data    RW Data    ZI Data      Debug   

     16704       2722        452        228      26676     448703   Grand Totals
     16704       2722        452        228      26676     448703   ELF Image Totals
     16704       2722        452        228          0          0   ROM Totals

==============================================================================

    Total RO  Size (Code + RO Data)                17156 (  16.75kB)
    Total RW  Size (RW Data + ZI Data)             26904 (  26.27kB)
    Total ROM Size (Code + RO Data + RW Data)      17384 (  16.98kB)

==============================================================================

